
> flock@0.1.6 test
> ng test shared --code-coverage=false --browsers=ChromeHeadless

> Building...
ΓêÜ Building...
Initial chunk files                          | Names                                     |  Raw size
chunk-MWWTKOVO.js                            | -                                         |   2.29 MB | 
polyfills.js                                 | polyfills                                 |   1.03 MB | 
chunk-KK5HE2QY.js                            | -                                         | 285.41 kB | 
chunk-RBVZ6YUZ.js                            | -                                         | 243.09 kB | 
chunk-Q2XKZ7XX.js                            | -                                         | 231.64 kB | 
chunk-NXPQ2JXN.js                            | -                                         | 198.80 kB | 
chunk-C2I34ZA7.js                            | -                                         | 181.58 kB | 
chunk-G4KSWSBH.js                            | -                                         | 176.85 kB | 
chunk-ENTQBRV6.js                            | -                                         | 174.14 kB | 
chunk-XS7XMFLV.js                            | -                                         | 119.53 kB | 
chunk-PBHEJHBK.js                            | -                                         |  84.02 kB | 
chunk-JQOKLMEW.js                            | -                                         |  78.61 kB | 
chunk-DU6F4Z4N.js                            | -                                         |  73.06 kB | 
chunk-JEE2DK3Y.js                            | -                                         |  68.60 kB | 
jasmine-cleanup-1.js                         | jasmine-cleanup-1                         |  67.20 kB | 
chunk-PE2E6LOC.js                            | -                                         |  46.68 kB | 
chunk-5XIDLGKO.js                            | -                                         |  46.46 kB | 
chunk-AZG7FDPT.js                            | -                                         |  45.20 kB | 
spec-config-2.spec.js                        | spec-config-2.spec                        |  43.40 kB | 
chunk-5AFBOW4F.js                            | -                                         |  42.15 kB | 
chunk-C6VM4AYO.js                            | -                                         |  39.34 kB | 
chunk-VNZ5YT7P.js                            | -                                         |  27.21 kB | 
chunk-7IWRA6TP.js                            | -                                         |  27.08 kB | 
spec-step-header-integration.spec.js         | spec-step-header-integration.spec         |  21.09 kB | 
chunk-VPSZAJLI.js                            | -                                         |  20.53 kB | 
spec-step-header-bdd.component.spec.js       | spec-step-header-bdd.component.spec       |  19.68 kB | 
chunk-52BIW6M7.js                            | -                                         |  16.76 kB | 
spec-step-layout-bdd.component.spec.js       | spec-step-layout-bdd.component.spec       |  16.31 kB | 
chunk-EXVC7U34.js                            | -                                         |  14.72 kB | 
chunk-EXHAOXMQ.js                            | -                                         |  14.14 kB | 
spec-route-reuse.spec.js                     | spec-route-reuse.spec                     |  13.12 kB | 
spec-auth-deactivate-guard-bdd.spec.js       | spec-auth-deactivate-guard-bdd.spec       |  13.02 kB | 
spec-completion-summary.spec.js              | spec-completion-summary.spec              |  12.77 kB | 
spec-theme-toggle.spec.js                    | spec-theme-toggle.spec                    |  12.45 kB | 
spec-header.spec.js                          | spec-header.spec                          |  12.19 kB | 
spec-landing-page.spec.js                    | spec-landing-page.spec                    |  12.18 kB | 
spec-migration.spec.js                       | spec-migration.spec                       |  11.83 kB | 
spec-step-navigation.spec.js                 | spec-step-navigation.spec                 |  11.62 kB | 
chunk-PNGSYFSV.js                            | -                                         |  11.41 kB | 
spec-config.spec.js                          | spec-config.spec                          |  11.07 kB | 
spec-step-header.spec.js                     | spec-step-header.spec                     |  10.60 kB | 
spec-splash-screen-loading.spec.js           | spec-splash-screen-loading.spec           |   9.90 kB | 
spec-auth-deactivate-guard.spec.js           | spec-auth-deactivate-guard.spec           |   9.80 kB | 
spec-username.validator.spec.js              | spec-username.validator.spec              |   8.99 kB | 
spec-router-logging.spec.js                  | spec-router-logging.spec                  |   8.99 kB | 
spec-extract-archive-resolver.spec.js        | spec-extract-archive-resolver.spec        |   8.80 kB | 
chunk-S2KQMRJX.js                            | -                                         |   8.59 kB | 
spec-auth-valid-guard.spec.js                | spec-auth-valid-guard.spec                |   8.53 kB | 
spec-migration-reset-resolver.spec.js        | spec-migration-reset-resolver.spec        |   8.15 kB | 
chunk-AY3DCVSE.js                            | -                                         |   7.77 kB | 
spec-layout.spec.js                          | spec-layout.spec                          |   7.66 kB | 
spec-help-dialog.spec.js                     | spec-help-dialog.spec                     |   7.20 kB | 
spec-upload.spec.js                          | spec-upload.spec                          |   7.20 kB | 
spec-router-splash.spec.js                   | spec-router-splash.spec                   |   7.01 kB | 
chunk-U34OUQPL.js                            | -                                         |   6.74 kB | 
spec-bluesky.spec.js                         | spec-bluesky.spec                         |   6.26 kB | 
chunk-6Z3GML5Y.js                            | -                                         |   6.21 kB | 
spec-auth-bdd.component.spec.js              | spec-auth-bdd.component.spec              |   6.11 kB | 
chunk-TCS7V5II.js                            | -                                         |   5.17 kB | 
chunk-4QOZ3RL2.js                            | -                                         |   5.11 kB | 
chunk-I2O25LBN.js                            | -                                         |   5.10 kB | 
chunk-77NQEK3H.js                            | -                                         |   5.08 kB | 
chunk-5L6SLBTI.js                            | -                                         |   4.83 kB | 
spec-theme-toggle-2.spec.js                  | spec-theme-toggle-2.spec                  |   4.65 kB | 
spec-upload-valid-guard.spec.js              | spec-upload-valid-guard.spec              |   4.62 kB | 
test_main.js                                 | test_main                                 |   4.43 kB | 
spec-support.spec.js                         | spec-support.spec                         |   4.03 kB | 
chunk-GQJXF36P.js                            | -                                         |   3.78 kB | 
chunk-C5J6TPTW.js                            | -                                         |   3.75 kB | 
chunk-J65DE753.js                            | -                                         |   3.66 kB | 
spec-licenses.spec.js                        | spec-licenses.spec                        |   3.61 kB | 
spec-butterfly.spec.js                       | spec-butterfly.spec                       |   3.61 kB | 
chunk-PPKM7CQ7.js                            | -                                         |   3.57 kB | 
chunk-4O6HEHFX.js                            | -                                         |   3.29 kB | 
spec-step-layout.spec.js                     | spec-step-layout.spec                     |   3.12 kB | 
chunk-OUBNJPTU.js                            | -                                         |   3.09 kB | 
chunk-NDHXCK4D.js                            | -                                         |   3.09 kB | 
spec-help.spec.js                            | spec-help.spec                            |   3.03 kB | 
spec-splash-screen.spec.js                   | spec-splash-screen.spec                   |   3.02 kB | 
chunk-A5DRBTQU.js                            | -                                         |   2.88 kB | 
chunk-A7LKIMVT.js                            | -                                         |   2.82 kB | 
spec-help-dialog-2.spec.js                   | spec-help-dialog-2.spec                   |   2.79 kB | 
spec-auth.spec.js                            | spec-auth.spec                            |   2.58 kB | 
chunk-EJYCYSNP.js                            | -                                         |   2.53 kB | 
chunk-NQJPARI2.js                            | -                                         |   2.50 kB | 
chunk-V6FC2DIM.js                            | -                                         |   2.42 kB | 
spec-preflight-summary.spec.js               | spec-preflight-summary.spec               |   2.39 kB | 
chunk-OCGNVKE3.js                            | -                                         |   2.31 kB | 
spec-migrate.spec.js                         | spec-migrate.spec                         |   2.16 kB | 
chunk-M2ZNGCWE.js                            | -                                         |   2.01 kB | 
chunk-GSVLSC5J.js                            | -                                         |   1.96 kB | 
chunk-5CF2TFDR.js                            | -                                         |   1.94 kB | 
spec-error.spec.js                           | spec-error.spec                           |   1.92 kB | 
spec-progress-panel.spec.js                  | spec-progress-panel.spec                  |   1.90 kB | 
chunk-YGWUANOM.js                            | -                                         |   1.72 kB | 
chunk-XWEGVO22.js                            | -                                         |   1.52 kB | 
spec-start-button.spec.js                    | spec-start-button.spec                    |   1.51 kB | 
spec-file-upload-control.spec.js             | spec-file-upload-control.spec             |   1.30 kB | 
spec-logger-instrumentation-resolver.spec.js | spec-logger-instrumentation-resolver.spec |   1.12 kB | 
spec-complete.spec.js                        | spec-complete.spec                        |   1.10 kB | 
chunk-ANGQQDBM.js                            | -                                         |   1.03 kB | 
chunk-6BNSQDEA.js                            | -                                         | 957 bytes | 
chunk-GGKZLDAA.js                            | -                                         | 924 bytes | 
chunk-S7C5B5YX.js                            | -                                         | 834 bytes | 
chunk-4VBMNSZU.js                            | -                                         | 785 bytes | 
chunk-ZXW7OG76.js                            | -                                         | 781 bytes | 
spec-sentry-logger.spec.js                   | spec-sentry-logger.spec                   | 557 bytes | 
spec-instagram.spec.js                       | spec-instagram.spec                       | 532 bytes | 
jasmine-cleanup-0.js                         | jasmine-cleanup-0                         | 519 bytes | 

                                             | Initial total                             |   6.15 MB

Application bundle generation complete. [4.688 seconds]

Watch mode enabled. Watching for file changes...
isCI false
autoWatch true
singleRun false
browsers [ 'Chrome' ]
logLevel INFO
13 10 2025 20:30:27.815:WARN [karma]: No captured browser, open http://localhost:9877/
13 10 2025 20:30:27.866:INFO [karma-server]: Karma v6.4.4 server started at http://localhost:9877/
13 10 2025 20:30:27.866:INFO [launcher]: Launching browsers ChromeHeadless with concurrency unlimited
13 10 2025 20:30:27.872:INFO [launcher]: Starting browser Chrome
13 10 2025 20:30:29.316:INFO [Chrome Headless 141.0.0.0 (Windows 10)]: Connected on socket wDOXz0FRoWWa9fTbAAAB with id 24953684
Chrome Headless 141.0.0.0 (Windows 10): Executed 0 of 493 SUCCESS (0 secs / 0 secs)
[1A[2KLOG: '≡ƒöº BDD: Setting up valid username and password'
Chrome Headless 141.0.0.0 (Windows 10): Executed 0 of 493 SUCCESS (0 secs / 0 secs)
LOG: '≡ƒöº BDD: Setting up valid username and password'
[1A[2KLOG: 'ΓÜÖ∩╕Å BDD: Form becomes valid and triggers credential storage'
Chrome Headless 141.0.0.0 (Windows 10): Executed 0 of 493 SUCCESS (0 secs / 0 secs)
LOG: 'ΓÜÖ∩╕Å BDD: Form becomes valid and triggers credential storage'
[1A[2KLOG: 'Γ£à BDD: Verifying credentials are stored for resolver'
Chrome Headless 141.0.0.0 (Windows 10): Executed 0 of 493 SUCCESS (0 secs / 0 secs)
LOG: 'Γ£à BDD: Verifying credentials are stored for resolver'
[1A[2KChrome Headless 141.0.0.0 (Windows 10): Executed 1 of 493 SUCCESS (0 secs / 0.128 secs)
[1A[2KLOG: '≡ƒöº BDD: Setting up authentication flow'
Chrome Headless 141.0.0.0 (Windows 10): Executed 1 of 493 SUCCESS (0 secs / 0.128 secs)
LOG: '≡ƒöº BDD: Setting up authentication flow'
[1A[2KLOG: 'ΓÜÖ∩╕Å BDD: Form value changes trigger credential storage'
Chrome Headless 141.0.0.0 (Windows 10): Executed 1 of 493 SUCCESS (0 secs / 0.128 secs)
LOG: 'ΓÜÖ∩╕Å BDD: Form value changes trigger credential storage'
[1A[2KLOG: 'Γ£à BDD: Verifying credentials are stored automatically'
Chrome Headless 141.0.0.0 (Windows 10): Executed 1 of 493 SUCCESS (0 secs / 0.128 secs)
LOG: 'Γ£à BDD: Verifying credentials are stored automatically'
[1A[2KLOG: 'Γ£à BDD: Verifying form is valid'
Chrome Headless 141.0.0.0 (Windows 10): Executed 1 of 493 SUCCESS (0 secs / 0.128 secs)
LOG: 'Γ£à BDD: Verifying form is valid'
[1A[2KChrome Headless 141.0.0.0 (Windows 10): Executed 2 of 493 SUCCESS (0 secs / 0.153 secs)
[1A[2KLOG: '≡ƒöº BDD: Setting up invalid credentials'
Chrome Headless 141.0.0.0 (Windows 10): Executed 2 of 493 SUCCESS (0 secs / 0.153 secs)
LOG: '≡ƒöº BDD: Setting up invalid credentials'
[1A[2KLOG: 'ΓÜÖ∩╕Å BDD: Form is invalid due to empty password'
Chrome Headless 141.0.0.0 (Windows 10): Executed 2 of 493 SUCCESS (0 secs / 0.153 secs)
LOG: 'ΓÜÖ∩╕Å BDD: Form is invalid due to empty password'
[1A[2KLOG: 'Γ£à BDD: Verifying credentials are not stored for invalid form'
Chrome Headless 141.0.0.0 (Windows 10): Executed 2 of 493 SUCCESS (0 secs / 0.153 secs)
LOG: 'Γ£à BDD: Verifying credentials are not stored for invalid form'
[1A[2KLOG: 'Γ£à BDD: Verifying form is invalid'
Chrome Headless 141.0.0.0 (Windows 10): Executed 2 of 493 SUCCESS (0 secs / 0.153 secs)
LOG: 'Γ£à BDD: Verifying form is invalid'
[1A[2KChrome Headless 141.0.0.0 (Windows 10): Executed 3 of 493 SUCCESS (0 secs / 0.176 secs)
[1A[2KLOG: '≡ƒöº BDD: Setting up auth step with previous step navigation'
Chrome Headless 141.0.0.0 (Windows 10): Executed 3 of 493 SUCCESS (0 secs / 0.176 secs)
LOG: '≡ƒöº BDD: Setting up auth step with previous step navigation'
[1A[2KLOG: 'ΓÜÖ∩╕Å BDD: User attempts to navigate to previous step'
Chrome Headless 141.0.0.0 (Windows 10): Executed 3 of 493 SUCCESS (0 secs / 0.176 secs)
LOG: 'ΓÜÖ∩╕Å BDD: User attempts to navigate to previous step'
[1A[2KLOG: 'Γ£à BDD: Verifying navigation to previous step is allowed'
Chrome Headless 141.0.0.0 (Windows 10): Executed 3 of 493 SUCCESS (0 secs / 0.176 secs)
LOG: 'Γ£à BDD: Verifying navigation to previous step is allowed'
[1A[2KChrome Headless 141.0.0.0 (Windows 10): Executed 4 of 493 SUCCESS (0 secs / 0.182 secs)
[1A[2KLOG: '≡ƒöº BDD: Setting up valid credentials for authentication'
Chrome Headless 141.0.0.0 (Windows 10): Executed 4 of 493 SUCCESS (0 secs / 0.182 secs)
LOG: '≡ƒöº BDD: Setting up valid credentials for authentication'
[1A[2KLOG: 'ΓÜÖ∩╕Å BDD: User attempts to navigate to next step with valid credentials'
Chrome Headless 141.0.0.0 (Windows 10): Executed 4 of 493 SUCCESS (0 secs / 0.182 secs)
LOG: 'ΓÜÖ∩╕Å BDD: User attempts to navigate to next step with valid credentials'
[1A[2KLOG: 'Γ£à BDD: Verifying authentication succeeds and navigation is allowed'
Chrome Headless 141.0.0.0 (Windows 10): Executed 4 of 493 SUCCESS (0 secs / 0.182 secs)
LOG: 'Γ£à BDD: Verifying authentication succeeds and navigation is allowed'
[1A[2KChrome Headless 141.0.0.0 (Windows 10): Executed 5 of 493 SUCCESS (0 secs / 0.187 secs)
[1A[2KLOG: '≡ƒöº BDD: Setting up invalid credentials for authentication'
Chrome Headless 141.0.0.0 (Windows 10): Executed 5 of 493 SUCCESS (0 secs / 0.187 secs)
LOG: '≡ƒöº BDD: Setting up invalid credentials for authentication'
[1A[2KLOG: 'ΓÜÖ∩╕Å BDD: User attempts to navigate to next step with invalid credentials'
Chrome Headless 141.0.0.0 (Windows 10): Executed 5 of 493 SUCCESS (0 secs / 0.187 secs)
LOG: 'ΓÜÖ∩╕Å BDD: User attempts to navigate to next step with invalid credentials'
[1A[2KLOG: 'Γ£à BDD: Verifying authentication fails and navigation is blocked'
Chrome Headless 141.0.0.0 (Windows 10): Executed 5 of 493 SUCCESS (0 secs / 0.187 secs)
LOG: 'Γ£à BDD: Verifying authentication fails and navigation is blocked'
[1A[2KChrome Headless 141.0.0.0 (Windows 10): Executed 6 of 493 SUCCESS (0 secs / 0.19 secs)
[1A[2KLOG: '≡ƒöº BDD: Setting up no credentials scenario'
Chrome Headless 141.0.0.0 (Windows 10): Executed 6 of 493 SUCCESS (0 secs / 0.19 secs)
LOG: '≡ƒöº BDD: Setting up no credentials scenario'
[1A[2KLOG: 'ΓÜÖ∩╕Å BDD: User attempts to navigate to next step without credentials'
Chrome Headless 141.0.0.0 (Windows 10): Executed 6 of 493 SUCCESS (0 secs / 0.19 secs)
LOG: 'ΓÜÖ∩╕Å BDD: User attempts to navigate to next step without credentials'
[1A[2KLOG: 'Γ£à BDD: Verifying navigation is blocked without credentials'
Chrome Headless 141.0.0.0 (Windows 10): Executed 6 of 493 SUCCESS (0 secs / 0.19 secs)
LOG: 'Γ£à BDD: Verifying navigation is blocked without credentials'
[1A[2KChrome Headless 141.0.0.0 (Windows 10): Executed 7 of 493 SUCCESS (0 secs / 0.194 secs)
[1A[2KLOG: '≡ƒöº BDD: Setting up already authenticated user'
Chrome Headless 141.0.0.0 (Windows 10): Executed 7 of 493 SUCCESS (0 secs / 0.194 secs)
LOG: '≡ƒöº BDD: Setting up already authenticated user'
[1A[2KLOG: 'ΓÜÖ∩╕Å BDD: Already authenticated user attempts to navigate to next step'
Chrome Headless 141.0.0.0 (Windows 10): Executed 7 of 493 SUCCESS (0 secs / 0.194 secs)
LOG: 'ΓÜÖ∩╕Å BDD: Already authenticated user attempts to navigate to next step'
[1A[2KLOG: 'Γ£à BDD: Verifying navigation is allowed without re-authentication'
Chrome Headless 141.0.0.0 (Windows 10): Executed 7 of 493 SUCCESS (0 secs / 0.194 secs)
LOG: 'Γ£à BDD: Verifying navigation is allowed without re-authentication'
[1A[2KChrome Headless 141.0.0.0 (Windows 10): Executed 8 of 493 SUCCESS (0 secs / 0.197 secs)
[1A[2KLOG: '≡ƒöº BDD: Setting up direct URL navigation scenario'
Chrome Headless 141.0.0.0 (Windows 10): Executed 8 of 493 SUCCESS (0 secs / 0.197 secs)
LOG: '≡ƒöº BDD: Setting up direct URL navigation scenario'
[1A[2KLOG: 'ΓÜÖ∩╕Å BDD: User attempts direct URL navigation'
Chrome Headless 141.0.0.0 (Windows 10): Executed 8 of 493 SUCCESS (0 secs / 0.197 secs)
LOG: 'ΓÜÖ∩╕Å BDD: User attempts direct URL navigation'
[1A[2KLOG: 'Γ£à BDD: Verifying direct URL navigation is allowed'
Chrome Headless 141.0.0.0 (Windows 10): Executed 8 of 493 SUCCESS (0 secs / 0.197 secs)
LOG: 'Γ£à BDD: Verifying direct URL navigation is allowed'
[1A[2KChrome Headless 141.0.0.0 (Windows 10): Executed 9 of 493 SUCCESS (0 secs / 0.2 secs)
[1A[2KLOG: '≡ƒöº BDD: Setting up network error scenario'
Chrome Headless 141.0.0.0 (Windows 10): Executed 9 of 493 SUCCESS (0 secs / 0.2 secs)
LOG: '≡ƒöº BDD: Setting up network error scenario'
[1A[2KLOG: 'ΓÜÖ∩╕Å BDD: User attempts to navigate with credentials that cause network error'
Chrome Headless 141.0.0.0 (Windows 10): Executed 9 of 493 SUCCESS (0 secs / 0.2 secs)
LOG: 'ΓÜÖ∩╕Å BDD: User attempts to navigate with credentials that cause network error'
[1A[2KLOG: 'Γ£à BDD: Verifying network error is handled and navigation is blocked'
Chrome Headless 141.0.0.0 (Windows 10): Executed 9 of 493 SUCCESS (0 secs / 0.2 secs)
LOG: 'Γ£à BDD: Verifying network error is handled and navigation is blocked'
[1A[2KChrome Headless 141.0.0.0 (Windows 10): Executed 10 of 493 SUCCESS (0 secs / 0.206 secs)
[1A[2KChrome Headless 141.0.0.0 (Windows 10): Executed 11 of 493 SUCCESS (0 secs / 0.206 secs)
[1A[2KChrome Headless 141.0.0.0 (Windows 10): Executed 12 of 493 SUCCESS (0 secs / 0.209 secs)
[1A[2KChrome Headless 141.0.0.0 (Windows 10): Executed 13 of 493 SUCCESS (0 secs / 0.21 secs)
[1A[2KChrome Headless 141.0.0.0 (Windows 10): Executed 14 of 493 SUCCESS (0 secs / 0.213 secs)
[1A[2KChrome Headless 141.0.0.0 (Windows 10): Executed 15 of 493 SUCCESS (0 secs / 0.216 secs)
[1A[2KChrome Headless 141.0.0.0 (Windows 10): Executed 16 of 493 SUCCESS (0 secs / 0.219 secs)
[1A[2KChrome Headless 141.0.0.0 (Windows 10): Executed 17 of 493 SUCCESS (0 secs / 0.221 secs)
[1A[2KChrome Headless 141.0.0.0 (Windows 10): Executed 18 of 493 SUCCESS (0 secs / 0.222 secs)
[1A[2KLOG: '≡ƒöº BDD: Setting up valid credentials in config service'
Chrome Headless 141.0.0.0 (Windows 10): Executed 18 of 493 SUCCESS (0 secs / 0.222 secs)
LOG: '≡ƒöº BDD: Setting up valid credentials in config service'
[1A[2KLOG: 'ΓÜÖ∩╕Å BDD: User attempts to navigate away with valid credentials'
Chrome Headless 141.0.0.0 (Windows 10): Executed 18 of 493 SUCCESS (0 secs / 0.222 secs)
LOG: 'ΓÜÖ∩╕Å BDD: User attempts to navigate away with valid credentials'
[1A[2KLOG: 'Γ£à BDD: Verifying navigation is allowed with valid credentials'
Chrome Headless 141.0.0.0 (Windows 10): Executed 18 of 493 SUCCESS (0 secs / 0.222 secs)
LOG: 'Γ£à BDD: Verifying navigation is allowed with valid credentials'
[1A[2KChrome Headless 141.0.0.0 (Windows 10): Executed 19 of 493 SUCCESS (0 secs / 0.225 secs)
[1A[2KLOG: '≡ƒöº BDD: Setting up missing credentials in config service'
Chrome Headless 141.0.0.0 (Windows 10): Executed 19 of 493 SUCCESS (0 secs / 0.225 secs)
LOG: '≡ƒöº BDD: Setting up missing credentials in config service'
[1A[2KLOG: 'ΓÜÖ∩╕Å BDD: User attempts to navigate away without credentials'
Chrome Headless 141.0.0.0 (Windows 10): Executed 19 of 493 SUCCESS (0 secs / 0.225 secs)
LOG: 'ΓÜÖ∩╕Å BDD: User attempts to navigate away without credentials'
[1A[2KLOG: 'Γ£à BDD: Verifying navigation is blocked and snackbar is shown'
Chrome Headless 141.0.0.0 (Windows 10): Executed 19 of 493 SUCCESS (0 secs / 0.225 secs)
LOG: 'Γ£à BDD: Verifying navigation is blocked and snackbar is shown'
[1A[2KChrome Headless 141.0.0.0 (Windows 10): Executed 20 of 493 SUCCESS (0 secs / 0.227 secs)
[1A[2KLOG: '≡ƒöº BDD: Setting up empty credentials object in config service'
Chrome Headless 141.0.0.0 (Windows 10): Executed 20 of 493 SUCCESS (0 secs / 0.227 secs)
LOG: '≡ƒöº BDD: Setting up empty credentials object in config service'
[1A[2KLOG: 'ΓÜÖ∩╕Å BDD: User attempts to navigate away with empty credentials'
Chrome Headless 141.0.0.0 (Windows 10): Executed 20 of 493 SUCCESS (0 secs / 0.227 secs)
LOG: 'ΓÜÖ∩╕Å BDD: User attempts to navigate away with empty credentials'
[1A[2KLOG: 'Γ£à BDD: Verifying navigation is blocked for empty credentials'
Chrome Headless 141.0.0.0 (Windows 10): Executed 20 of 493 SUCCESS (0 secs / 0.227 secs)
LOG: 'Γ£à BDD: Verifying navigation is blocked for empty credentials'
[1A[2KChrome Headless 141.0.0.0 (Windows 10): Executed 21 of 493 SUCCESS (0 secs / 0.229 secs)
[1A[2KLOG: '≡ƒöº BDD: Setting up credentials with missing username'
Chrome Headless 141.0.0.0 (Windows 10): Executed 21 of 493 SUCCESS (0 secs / 0.229 secs)
LOG: '≡ƒöº BDD: Setting up credentials with missing username'
[1A[2KLOG: 'ΓÜÖ∩╕Å BDD: User attempts to navigate away with missing username'
Chrome Headless 141.0.0.0 (Windows 10): Executed 21 of 493 SUCCESS (0 secs / 0.229 secs)
LOG: 'ΓÜÖ∩╕Å BDD: User attempts to navigate away with missing username'
[1A[2KLOG: 'Γ£à BDD: Verifying navigation is blocked for missing username'
Chrome Headless 141.0.0.0 (Windows 10): Executed 21 of 493 SUCCESS (0 secs / 0.229 secs)
LOG: 'Γ£à BDD: Verifying navigation is blocked for missing username'
[1A[2KChrome Headless 141.0.0.0 (Windows 10): Executed 22 of 493 SUCCESS (0 secs / 0.231 secs)
[1A[2KLOG: '≡ƒöº BDD: Setting up credentials with missing password'
Chrome Headless 141.0.0.0 (Windows 10): Executed 22 of 493 SUCCESS (0 secs / 0.231 secs)
LOG: '≡ƒöº BDD: Setting up credentials with missing password'
[1A[2KLOG: 'ΓÜÖ∩╕Å BDD: User attempts to navigate away with missing password'
Chrome Headless 141.0.0.0 (Windows 10): Executed 22 of 493 SUCCESS (0 secs / 0.231 secs)
LOG: 'ΓÜÖ∩╕Å BDD: User attempts to navigate away with missing password'
[1A[2KLOG: 'Γ£à BDD: Verifying navigation is blocked for missing password'
Chrome Headless 141.0.0.0 (Windows 10): Executed 22 of 493 SUCCESS (0 secs / 0.231 secs)
LOG: 'Γ£à BDD: Verifying navigation is blocked for missing password'
[1A[2KChrome Headless 141.0.0.0 (Windows 10): Executed 23 of 493 SUCCESS (0 secs / 0.233 secs)
[1A[2KLOG: '≡ƒöº BDD: Setting up credentials with undefined values'
Chrome Headless 141.0.0.0 (Windows 10): Executed 23 of 493 SUCCESS (0 secs / 0.233 secs)
LOG: '≡ƒöº BDD: Setting up credentials with undefined values'
[1A[2KLOG: 'ΓÜÖ∩╕Å BDD: User attempts to navigate away with undefined credentials'
Chrome Headless 141.0.0.0 (Windows 10): Executed 23 of 493 SUCCESS (0 secs / 0.233 secs)
LOG: 'ΓÜÖ∩╕Å BDD: User attempts to navigate away with undefined credentials'
[1A[2KLOG: 'Γ£à BDD: Verifying navigation is blocked for undefined credentials'
Chrome Headless 141.0.0.0 (Windows 10): Executed 23 of 493 SUCCESS (0 secs / 0.233 secs)
LOG: 'Γ£à BDD: Verifying navigation is blocked for undefined credentials'
[1A[2KChrome Headless 141.0.0.0 (Windows 10): Executed 24 of 493 SUCCESS (0 secs / 0.236 secs)
[1A[2KLOG: '≡ƒöº BDD: Setting up guard execution context'
Chrome Headless 141.0.0.0 (Windows 10): Executed 24 of 493 SUCCESS (0 secs / 0.236 secs)
LOG: '≡ƒöº BDD: Setting up guard execution context'
[1A[2KLOG: 'ΓÜÖ∩╕Å BDD: Executing guard with service injection'
Chrome Headless 141.0.0.0 (Windows 10): Executed 24 of 493 SUCCESS (0 secs / 0.236 secs)
LOG: 'ΓÜÖ∩╕Å BDD: Executing guard with service injection'
[1A[2KLOG: 'Γ£à BDD: Verifying service injection and calls'
Chrome Headless 141.0.0.0 (Windows 10): Executed 24 of 493 SUCCESS (0 secs / 0.236 secs)
LOG: 'Γ£à BDD: Verifying service injection and calls'
[1A[2KChrome Headless 141.0.0.0 (Windows 10): Executed 25 of 493 SUCCESS (0 secs / 0.238 secs)
[1A[2KChrome Headless 141.0.0.0 (Windows 10): Executed 26 of 493 SUCCESS (0 secs / 0.253 secs)
[1A[2KLOG: '≡ƒöº BDD: Bluesky service is created'
Chrome Headless 141.0.0.0 (Windows 10): Executed 26 of 493 SUCCESS (0 secs / 0.253 secs)
LOG: '≡ƒöº BDD: Bluesky service is created'
[1A[2KLOG: 'ΓÜÖ∩╕Å BDD: Service initializes'
Chrome Headless 141.0.0.0 (Windows 10): Executed 26 of 493 SUCCESS (0 secs / 0.253 secs)
LOG: 'ΓÜÖ∩╕Å BDD: Service initializes'
[1A[2KLOG: 'Γ£à BDD: Service is created successfully'
Chrome Headless 141.0.0.0 (Windows 10): Executed 26 of 493 SUCCESS (0 secs / 0.253 secs)
LOG: 'Γ£à BDD: Service is created successfully'
[1A[2KChrome Headless 141.0.0.0 (Windows 10): Executed 27 of 493 SUCCESS (0 secs / 0.255 secs)
[1A[2KLOG: '≡ƒöº BDD: Bluesky service is created'
Chrome Headless 141.0.0.0 (Windows 10): Executed 27 of 493 SUCCESS (0 secs / 0.255 secs)
LOG: '≡ƒöº BDD: Bluesky service is created'
[1A[2KLOG: 'ΓÜÖ∩╕Å BDD: Testing connection to Bluesky'
Chrome Headless 141.0.0.0 (Windows 10): Executed 27 of 493 SUCCESS (0 secs / 0.255 secs)
LOG: 'ΓÜÖ∩╕Å BDD: Testing connection to Bluesky'
[1A[2KLOG: 'Γ£à BDD: Connection test returns success'
Chrome Headless 141.0.0.0 (Windows 10): Executed 27 of 493 SUCCESS (0 secs / 0.255 secs)
LOG: 'Γ£à BDD: Connection test returns success'
[1A[2KChrome Headless 141.0.0.0 (Windows 10): Executed 28 of 493 SUCCESS (0 secs / 0.257 secs)
[1A[2KLOG: '≡ƒöº BDD: Setting up valid test credentials'
Chrome Headless 141.0.0.0 (Windows 10): Executed 28 of 493 SUCCESS (0 secs / 0.257 secs)
LOG: '≡ƒöº BDD: Setting up valid test credentials'
[1A[2KLOG: 'ΓÜÖ∩╕Å BDD: Authenticating with valid credentials'
Chrome Headless 141.0.0.0 (Windows 10): Executed 28 of 493 SUCCESS (0 secs / 0.257 secs)
LOG: 'ΓÜÖ∩╕Å BDD: Authenticating with valid credentials'
[1A[2KLOG: 'Γ£à BDD: Authentication succeeds'
Chrome Headless 141.0.0.0 (Windows 10): Executed 28 of 493 SUCCESS (0 secs / 0.257 secs)
LOG: 'Γ£à BDD: Authentication succeeds'
[1A[2KChrome Headless 141.0.0.0 (Windows 10): Executed 29 of 493 SUCCESS (0 secs / 0.259 secs)
[1A[2KLOG: '≡ƒöº BDD: Setting up invalid credentials'
Chrome Headless 141.0.0.0 (Windows 10): Executed 29 of 493 SUCCESS (0 secs / 0.259 secs)
LOG: '≡ƒöº BDD: Setting up invalid credentials'
[1A[2KLOG: 'ΓÜÖ∩╕Å BDD: Authenticating with invalid credentials'
Chrome Headless 141.0.0.0 (Windows 10): Executed 29 of 493 SUCCESS (0 secs / 0.259 secs)
LOG: 'ΓÜÖ∩╕Å BDD: Authenticating with invalid credentials'
[1A[2KLOG: 'Γ£à BDD: Authentication fails'
Chrome Headless 141.0.0.0 (Windows 10): Executed 29 of 493 SUCCESS (0 secs / 0.259 secs)
LOG: 'Γ£à BDD: Authentication fails'
[1A[2KChrome Headless 141.0.0.0 (Windows 10): Executed 30 of 493 SUCCESS (0 secs / 0.26 secs)
[1A[2KLOG: '≡ƒöº BDD: Setting up username without @ symbol'
Chrome Headless 141.0.0.0 (Windows 10): Executed 30 of 493 SUCCESS (0 secs / 0.26 secs)
LOG: '≡ƒöº BDD: Setting up username without @ symbol'
[1A[2KLOG: 'ΓÜÖ∩╕Å BDD: Authenticating with invalid username format'
Chrome Headless 141.0.0.0 (Windows 10): Executed 30 of 493 SUCCESS (0 secs / 0.26 secs)
LOG: 'ΓÜÖ∩╕Å BDD: Authenticating with invalid username format'
[1A[2KLOG: 'Γ£à BDD: Username validation fails'
Chrome Headless 141.0.0.0 (Windows 10): Executed 30 of 493 SUCCESS (0 secs / 0.26 secs)
LOG: 'Γ£à BDD: Username validation fails'
[1A[2KChrome Headless 141.0.0.0 (Windows 10): Executed 31 of 493 SUCCESS (0 secs / 0.261 secs)
[1A[2KLOG: '≡ƒöº BDD: Setting up username with insufficient dots'
Chrome Headless 141.0.0.0 (Windows 10): Executed 31 of 493 SUCCESS (0 secs / 0.261 secs)
LOG: '≡ƒöº BDD: Setting up username with insufficient dots'
[1A[2KLOG: 'ΓÜÖ∩╕Å BDD: Authenticating with username having insufficient dots'
Chrome Headless 141.0.0.0 (Windows 10): Executed 31 of 493 SUCCESS (0 secs / 0.261 secs)
LOG: 'ΓÜÖ∩╕Å BDD: Authenticating with username having insufficient dots'
[1A[2KLOG: 'Γ£à BDD: Username dot validation fails'
Chrome Headless 141.0.0.0 (Windows 10): Executed 31 of 493 SUCCESS (0 secs / 0.261 secs)
LOG: 'Γ£à BDD: Username dot validation fails'
[1A[2KChrome Headless 141.0.0.0 (Windows 10): Executed 32 of 493 SUCCESS (0 secs / 0.263 secs)
[1A[2KLOG: '≡ƒöº BDD: Setting up empty password'
Chrome Headless 141.0.0.0 (Windows 10): Executed 32 of 493 SUCCESS (0 secs / 0.263 secs)
LOG: '≡ƒöº BDD: Setting up empty password'
[1A[2KLOG: 'ΓÜÖ∩╕Å BDD: Authenticating with empty password'
Chrome Headless 141.0.0.0 (Windows 10): Executed 32 of 493 SUCCESS (0 secs / 0.263 secs)
LOG: 'ΓÜÖ∩╕Å BDD: Authenticating with empty password'
[1A[2KLOG: 'Γ£à BDD: Password validation fails'
Chrome Headless 141.0.0.0 (Windows 10): Executed 32 of 493 SUCCESS (0 secs / 0.263 secs)
LOG: 'Γ£à BDD: Password validation fails'
[1A[2KChrome Headless 141.0.0.0 (Windows 10): Executed 33 of 493 SUCCESS (0 secs / 0.265 secs)
[1A[2KLOG: '≡ƒöº BDD: Setting up whitespace-only password'
Chrome Headless 141.0.0.0 (Windows 10): Executed 33 of 493 SUCCESS (0 secs / 0.265 secs)
LOG: '≡ƒöº BDD: Setting up whitespace-only password'
[1A[2KLOG: 'ΓÜÖ∩╕Å BDD: Authenticating with whitespace-only password'
Chrome Headless 141.0.0.0 (Windows 10): Executed 33 of 493 SUCCESS (0 secs / 0.265 secs)
LOG: 'ΓÜÖ∩╕Å BDD: Authenticating with whitespace-only password'
[1A[2KLOG: 'Γ£à BDD: Password whitespace validation fails'
Chrome Headless 141.0.0.0 (Windows 10): Executed 33 of 493 SUCCESS (0 secs / 0.265 secs)
LOG: 'Γ£à BDD: Password whitespace validation fails'
[1A[2KChrome Headless 141.0.0.0 (Windows 10): Executed 34 of 493 SUCCESS (0 secs / 0.267 secs)
[1A[2KLOG: '≡ƒöº BDD: Butterfly component is created'
Chrome Headless 141.0.0.0 (Windows 10): Executed 34 of 493 SUCCESS (0 secs / 0.267 secs)
LOG: '≡ƒöº BDD: Butterfly component is created'
[1A[2KLOG: 'ΓÜÖ∩╕Å BDD: Component initializes'
Chrome Headless 141.0.0.0 (Windows 10): Executed 34 of 493 SUCCESS (0 secs / 0.267 secs)
LOG: 'ΓÜÖ∩╕Å BDD: Component initializes'
[1A[2KLOG: 'Γ£à BDD: Butterfly component renders successfully'
Chrome Headless 141.0.0.0 (Windows 10): Executed 34 of 493 SUCCESS (0 secs / 0.267 secs)
LOG: 'Γ£à BDD: Butterfly component renders successfully'
[1A[2KChrome Headless 141.0.0.0 (Windows 10): Executed 35 of 493 SUCCESS (0 secs / 0.272 secs)
[1A[2KLOG: '≡ƒöº BDD: Butterfly renders'
Chrome Headless 141.0.0.0 (Windows 10): Executed 35 of 493 SUCCESS (0 secs / 0.272 secs)
LOG: '≡ƒöº BDD: Butterfly renders'
[1A[2KLOG: 'ΓÜÖ∩╕Å BDD: Component initializes'
Chrome Headless 141.0.0.0 (Windows 10): Executed 35 of 493 SUCCESS (0 secs / 0.272 secs)
LOG: 'ΓÜÖ∩╕Å BDD: Component initializes'
[1A[2KLOG: 'Γ£à BDD: Butterfly displays container'
Chrome Headless 141.0.0.0 (Windows 10): Executed 35 of 493 SUCCESS (0 secs / 0.272 secs)
LOG: 'Γ£à BDD: Butterfly displays container'
[1A[2KChrome Headless 141.0.0.0 (Windows 10): Executed 36 of 493 SUCCESS (0 secs / 0.274 secs)
[1A[2KLOG: '≡ƒöº BDD: Butterfly renders'
Chrome Headless 141.0.0.0 (Windows 10): Executed 36 of 493 SUCCESS (0 secs / 0.274 secs)
LOG: '≡ƒöº BDD: Butterfly renders'
[1A[2KLOG: 'ΓÜÖ∩╕Å BDD: Component initializes'
Chrome Headless 141.0.0.0 (Windows 10): Executed 36 of 493 SUCCESS (0 secs / 0.274 secs)
LOG: 'ΓÜÖ∩╕Å BDD: Component initializes'
[1A[2KLOG: 'Γ£à BDD: Butterfly has two wings'
Chrome Headless 141.0.0.0 (Windows 10): Executed 36 of 493 SUCCESS (0 secs / 0.274 secs)
LOG: 'Γ£à BDD: Butterfly has two wings'
[1A[2KChrome Headless 141.0.0.0 (Windows 10): Executed 37 of 493 SUCCESS (0 secs / 0.278 secs)
[1A[2KLOG: '≡ƒöº BDD: Butterfly renders'
Chrome Headless 141.0.0.0 (Windows 10): Executed 37 of 493 SUCCESS (0 secs / 0.278 secs)
LOG: '≡ƒöº BDD: Butterfly renders'
[1A[2KLOG: 'ΓÜÖ∩╕Å BDD: Component initializes'
Chrome Headless 141.0.0.0 (Windows 10): Executed 37 of 493 SUCCESS (0 secs / 0.278 secs)
LOG: 'ΓÜÖ∩╕Å BDD: Component initializes'
[1A[2KLOG: 'Γ£à BDD: Butterfly has shadow element'
Chrome Headless 141.0.0.0 (Windows 10): Executed 37 of 493 SUCCESS (0 secs / 0.278 secs)
LOG: 'Γ£à BDD: Butterfly has shadow element'
[1A[2KChrome Headless 141.0.0.0 (Windows 10): Executed 38 of 493 SUCCESS (0 secs / 0.29 secs)
[1A[2KLOG: '≡ƒöº BDD: Butterfly renders'
Chrome Headless 141.0.0.0 (Windows 10): Executed 38 of 493 SUCCESS (0 secs / 0.29 secs)
LOG: '≡ƒöº BDD: Butterfly renders'
[1A[2KLOG: 'ΓÜÖ∩╕Å BDD: Component initializes'
Chrome Headless 141.0.0.0 (Windows 10): Executed 38 of 493 SUCCESS (0 secs / 0.29 secs)
LOG: 'ΓÜÖ∩╕Å BDD: Component initializes'
[1A[2KLOG: 'Γ£à BDD: Each wing has two bits'
Chrome Headless 141.0.0.0 (Windows 10): Executed 38 of 493 SUCCESS (0 secs / 0.29 secs)
LOG: 'Γ£à BDD: Each wing has two bits'
[1A[2KChrome Headless 141.0.0.0 (Windows 10): Executed 39 of 493 SUCCESS (0 secs / 0.293 secs)
[1A[2KChrome Headless 141.0.0.0 (Windows 10): Executed 40 of 493 SUCCESS (0 secs / 0.311 secs)
[1A[2KChrome Headless 141.0.0.0 (Windows 10): Executed 41 of 493 SUCCESS (0 secs / 0.313 secs)
[1A[2KChrome Headless 141.0.0.0 (Windows 10): Executed 42 of 493 SUCCESS (0 secs / 0.315 secs)
[1A[2KChrome Headless 141.0.0.0 (Windows 10): Executed 43 of 493 SUCCESS (0 secs / 0.319 secs)
[1A[2KChrome Headless 141.0.0.0 (Windows 10): Executed 44 of 493 SUCCESS (0 secs / 0.321 secs)
[1A[2KChrome Headless 141.0.0.0 (Windows 10): Executed 45 of 493 SUCCESS (0 secs / 0.323 secs)
[1A[2KChrome Headless 141.0.0.0 (Windows 10): Executed 46 of 493 SUCCESS (0 secs / 0.325 secs)
[1A[2KChrome Headless 141.0.0.0 (Windows 10): Executed 47 of 493 SUCCESS (0 secs / 0.327 secs)
[1A[2KChrome Headless 141.0.0.0 (Windows 10): Executed 48 of 493 SUCCESS (0 secs / 0.329 secs)
[1A[2KChrome Headless 141.0.0.0 (Windows 10): Executed 49 of 493 SUCCESS (0 secs / 0.332 secs)
[1A[2KChrome Headless 141.0.0.0 (Windows 10): Executed 50 of 493 SUCCESS (0 secs / 0.333 secs)
[1A[2KChrome Headless 141.0.0.0 (Windows 10): Executed 51 of 493 SUCCESS (0 secs / 0.334 secs)
[1A[2KChrome Headless 141.0.0.0 (Windows 10): Executed 52 of 493 SUCCESS (0 secs / 0.336 secs)
[1A[2KChrome Headless 141.0.0.0 (Windows 10): Executed 53 of 493 SUCCESS (0 secs / 0.338 secs)
[1A[2KChrome Headless 141.0.0.0 (Windows 10): Executed 54 of 493 SUCCESS (0 secs / 0.34 secs)
[1A[2KChrome Headless 141.0.0.0 (Windows 10): Executed 55 of 493 SUCCESS (0 secs / 0.342 secs)
[1A[2KChrome Headless 141.0.0.0 (Windows 10): Executed 56 of 493 SUCCESS (0 secs / 0.344 secs)
[1A[2KChrome Headless 141.0.0.0 (Windows 10): Executed 57 of 493 SUCCESS (0 secs / 0.346 secs)
[1A[2KChrome Headless 141.0.0.0 (Windows 10): Executed 58 of 493 SUCCESS (0 secs / 0.349 secs)
[1A[2KChrome Headless 141.0.0.0 (Windows 10): Executed 59 of 493 SUCCESS (0 secs / 0.351 secs)
[1A[2KChrome Headless 141.0.0.0 (Windows 10): Executed 60 of 493 SUCCESS (0 secs / 0.353 secs)
[1A[2KChrome Headless 141.0.0.0 (Windows 10): Executed 61 of 493 SUCCESS (0 secs / 0.355 secs)
[1A[2KChrome Headless 141.0.0.0 (Windows 10): Executed 62 of 493 SUCCESS (0 secs / 0.357 secs)
[1A[2KChrome Headless 141.0.0.0 (Windows 10): Executed 63 of 493 SUCCESS (0 secs / 0.36 secs)
[1A[2KChrome Headless 141.0.0.0 (Windows 10): Executed 64 of 493 SUCCESS (0 secs / 0.362 secs)
[1A[2KChrome Headless 141.0.0.0 (Windows 10): Executed 65 of 493 SUCCESS (0 secs / 0.364 secs)
[1A[2KChrome Headless 141.0.0.0 (Windows 10): Executed 66 of 493 SUCCESS (0 secs / 0.366 secs)
[1A[2KChrome Headless 141.0.0.0 (Windows 10): Executed 67 of 493 SUCCESS (0 secs / 0.368 secs)
[1A[2KChrome Headless 141.0.0.0 (Windows 10): Executed 68 of 493 SUCCESS (0 secs / 0.37 secs)
[1A[2KChrome Headless 141.0.0.0 (Windows 10): Executed 69 of 493 SUCCESS (0 secs / 0.372 secs)
[1A[2KChrome Headless 141.0.0.0 (Windows 10): Executed 70 of 493 SUCCESS (0 secs / 0.373 secs)
[1A[2KChrome Headless 141.0.0.0 (Windows 10): Executed 71 of 493 SUCCESS (0 secs / 0.4 secs)
[1A[2KLOG: '≡ƒöº BDD: Component is created and initialized'
Chrome Headless 141.0.0.0 (Windows 10): Executed 71 of 493 SUCCESS (0 secs / 0.4 secs)
LOG: '≡ƒöº BDD: Component is created and initialized'
[1A[2KLOG: 'ΓÜÖ∩╕Å BDD: Form controls are initialized with default values'
Chrome Headless 141.0.0.0 (Windows 10): Executed 71 of 493 SUCCESS (0 secs / 0.4 secs)
LOG: 'ΓÜÖ∩╕Å BDD: Form controls are initialized with default values'
[1A[2KLOG: 'Γ£à BDD: All form controls have expected default values'
Chrome Headless 141.0.0.0 (Windows 10): Executed 71 of 493 SUCCESS (0 secs / 0.4 secs)
LOG: 'Γ£à BDD: All form controls have expected default values'
[1A[2KChrome Headless 141.0.0.0 (Windows 10): Executed 72 of 493 SUCCESS (0 secs / 0.414 secs)
[1A[2KLOG: '≡ƒöº BDD: Config service is available with current settings'
Chrome Headless 141.0.0.0 (Windows 10): Executed 72 of 493 SUCCESS (0 secs / 0.414 secs)
LOG: '≡ƒöº BDD: Config service is available with current settings'
[1A[2KLOG: 'ΓÜÖ∩╕Å BDD: Component calls service to load current configuration'
Chrome Headless 141.0.0.0 (Windows 10): Executed 72 of 493 SUCCESS (0 secs / 0.414 secs)
LOG: 'ΓÜÖ∩╕Å BDD: Component calls service to load current configuration'
[1A[2KLOG: 'Γ£à BDD: Service methods are called to retrieve current settings'
Chrome Headless 141.0.0.0 (Windows 10): Executed 72 of 493 SUCCESS (0 secs / 0.414 secs)
LOG: 'Γ£à BDD: Service methods are called to retrieve current settings'
[1A[2KWARN: 'Spec 'Feature: Migration Configuration (BDD-Style) Scenario: Component Initialization Given a config component, When component initializes, Then configuration is loaded from service' has no expectations.'
Chrome Headless 141.0.0.0 (Windows 10): Executed 72 of 493 SUCCESS (0 secs / 0.414 secs)
WARN: 'Spec 'Feature: Migration Configuration (BDD-Style) Scenario: Component Initialization Given a config component, When component initializes, Then configuration is loaded from service' has no expectations.'
[1A[2KChrome Headless 141.0.0.0 (Windows 10): Executed 73 of 493 SUCCESS (0 secs / 0.426 secs)
[1A[2KLOG: '≡ƒöº BDD: Component is created with default form state'
Chrome Headless 141.0.0.0 (Windows 10): Executed 73 of 493 SUCCESS (0 secs / 0.426 secs)
LOG: '≡ƒöº BDD: Component is created with default form state'
[1A[2KLOG: 'ΓÜÖ∩╕Å BDD: Form validation is applied to default values'
Chrome Headless 141.0.0.0 (Windows 10): Executed 73 of 493 SUCCESS (0 secs / 0.426 secs)
LOG: 'ΓÜÖ∩╕Å BDD: Form validation is applied to default values'
[1A[2KLOG: 'Γ£à BDD: Form is valid with default empty values'
Chrome Headless 141.0.0.0 (Windows 10): Executed 73 of 493 SUCCESS (0 secs / 0.426 secs)
LOG: 'Γ£à BDD: Form is valid with default empty values'
[1A[2KChrome Headless 141.0.0.0 (Windows 10): Executed 74 of 493 SUCCESS (0 secs / 0.437 secs)
[1A[2KLOG: '≡ƒöº BDD: Component is created with clean form state'
Chrome Headless 141.0.0.0 (Windows 10): Executed 74 of 493 SUCCESS (0 secs / 0.437 secs)
LOG: '≡ƒöº BDD: Component is created with clean form state'
[1A[2KLOG: 'ΓÜÖ∩╕Å BDD: Form state reflects no user modifications'
Chrome Headless 141.0.0.0 (Windows 10): Executed 74 of 493 SUCCESS (0 secs / 0.437 secs)
LOG: 'ΓÜÖ∩╕Å BDD: Form state reflects no user modifications'
[1A[2KLOG: 'Γ£à BDD: Form state indicates no user modifications'
Chrome Headless 141.0.0.0 (Windows 10): Executed 74 of 493 SUCCESS (0 secs / 0.437 secs)
LOG: 'Γ£à BDD: Form state indicates no user modifications'
[1A[2KChrome Headless 141.0.0.0 (Windows 10): Executed 75 of 493 SUCCESS (0 secs / 0.448 secs)
[1A[2KLOG: '≡ƒöº BDD: User enters invalid date format in start date field'
Chrome Headless 141.0.0.0 (Windows 10): Executed 75 of 493 SUCCESS (0 secs / 0.448 secs)
LOG: '≡ƒöº BDD: User enters invalid date format in start date field'
[1A[2KLOG: 'ΓÜÖ∩╕Å BDD: Invalid date format is entered in start date field'
Chrome Headless 141.0.0.0 (Windows 10): Executed 75 of 493 SUCCESS (0 secs / 0.448 secs)
LOG: 'ΓÜÖ∩╕Å BDD: Invalid date format is entered in start date field'
[1A[2KLOG: 'Γ£à BDD: Form validation detects invalid date format'
Chrome Headless 141.0.0.0 (Windows 10): Executed 75 of 493 SUCCESS (0 secs / 0.448 secs)
LOG: 'Γ£à BDD: Form validation detects invalid date format'
[1A[2KLOG: 'ΓÜÖ∩╕Å BDD: Valid date format is entered in start date field'
Chrome Headless 141.0.0.0 (Windows 10): Executed 75 of 493 SUCCESS (0 secs / 0.448 secs)
LOG: 'ΓÜÖ∩╕Å BDD: Valid date format is entered in start date field'
[1A[2KLOG: 'Γ£à BDD: Form validation accepts valid date format'
Chrome Headless 141.0.0.0 (Windows 10): Executed 75 of 493 SUCCESS (0 secs / 0.448 secs)
LOG: 'Γ£à BDD: Form validation accepts valid date format'
[1A[2KChrome Headless 141.0.0.0 (Windows 10): Executed 76 of 493 SUCCESS (0 secs / 0.46 secs)
[1A[2KLOG: '≡ƒöº BDD: User enters invalid date format in end date field'
Chrome Headless 141.0.0.0 (Windows 10): Executed 76 of 493 SUCCESS (0 secs / 0.46 secs)
LOG: '≡ƒöº BDD: User enters invalid date format in end date field'
[1A[2KLOG: 'ΓÜÖ∩╕Å BDD: Invalid date format is entered in end date field'
Chrome Headless 141.0.0.0 (Windows 10): Executed 76 of 493 SUCCESS (0 secs / 0.46 secs)
LOG: 'ΓÜÖ∩╕Å BDD: Invalid date format is entered in end date field'
[1A[2KLOG: 'Γ£à BDD: Form validation detects invalid date format'
Chrome Headless 141.0.0.0 (Windows 10): Executed 76 of 493 SUCCESS (0 secs / 0.46 secs)
LOG: 'Γ£à BDD: Form validation detects invalid date format'
[1A[2KLOG: 'ΓÜÖ∩╕Å BDD: Valid date format is entered in end date field'
Chrome Headless 141.0.0.0 (Windows 10): Executed 76 of 493 SUCCESS (0 secs / 0.46 secs)
LOG: 'ΓÜÖ∩╕Å BDD: Valid date format is entered in end date field'
[1A[2KLOG: 'Γ£à BDD: Form validation accepts valid date format'
Chrome Headless 141.0.0.0 (Windows 10): Executed 76 of 493 SUCCESS (0 secs / 0.46 secs)
LOG: 'Γ£à BDD: Form validation accepts valid date format'
[1A[2KChrome Headless 141.0.0.0 (Windows 10): Executed 77 of 493 SUCCESS (0 secs / 0.471 secs)
[1A[2KLOG: '≡ƒöº BDD: User attempts to enter future date in date fields'
Chrome Headless 141.0.0.0 (Windows 10): Executed 77 of 493 SUCCESS (0 secs / 0.471 secs)
LOG: '≡ƒöº BDD: User attempts to enter future date in date fields'
[1A[2KLOG: 'ΓÜÖ∩╕Å BDD: Future date is entered in start date field'
Chrome Headless 141.0.0.0 (Windows 10): Executed 77 of 493 SUCCESS (0 secs / 0.471 secs)
LOG: 'ΓÜÖ∩╕Å BDD: Future date is entered in start date field'
[1A[2KLOG: 'Γ£à BDD: Form validation detects future date in start date'
Chrome Headless 141.0.0.0 (Windows 10): Executed 77 of 493 SUCCESS (0 secs / 0.471 secs)
LOG: 'Γ£à BDD: Form validation detects future date in start date'
[1A[2KLOG: 'ΓÜÖ∩╕Å BDD: Future date is entered in end date field'
Chrome Headless 141.0.0.0 (Windows 10): Executed 77 of 493 SUCCESS (0 secs / 0.471 secs)
LOG: 'ΓÜÖ∩╕Å BDD: Future date is entered in end date field'
[1A[2KLOG: 'Γ£à BDD: Form validation detects future date in end date'
Chrome Headless 141.0.0.0 (Windows 10): Executed 77 of 493 SUCCESS (0 secs / 0.471 secs)
LOG: 'Γ£à BDD: Form validation detects future date in end date'
[1A[2KChrome Headless 141.0.0.0 (Windows 10): Executed 78 of 493 SUCCESS (0 secs / 0.482 secs)
[1A[2KLOG: '≡ƒöº BDD: User enters end date that is before start date'
Chrome Headless 141.0.0.0 (Windows 10): Executed 78 of 493 SUCCESS (0 secs / 0.482 secs)
LOG: '≡ƒöº BDD: User enters end date that is before start date'
[1A[2KLOG: 'ΓÜÖ∩╕Å BDD: End date is set before start date'
Chrome Headless 141.0.0.0 (Windows 10): Executed 78 of 493 SUCCESS (0 secs / 0.482 secs)
LOG: 'ΓÜÖ∩╕Å BDD: End date is set before start date'
[1A[2KLOG: 'Γ£à BDD: Form validation detects invalid date range'
Chrome Headless 141.0.0.0 (Windows 10): Executed 78 of 493 SUCCESS (0 secs / 0.482 secs)
LOG: 'Γ£à BDD: Form validation detects invalid date range'
[1A[2KChrome Headless 141.0.0.0 (Windows 10): Executed 79 of 493 SUCCESS (0 secs / 0.492 secs)
[1A[2KLOG: '≡ƒöº BDD: User enters same date for start and end date'
Chrome Headless 141.0.0.0 (Windows 10): Executed 79 of 493 SUCCESS (0 secs / 0.492 secs)
LOG: '≡ƒöº BDD: User enters same date for start and end date'
[1A[2KLOG: 'ΓÜÖ∩╕Å BDD: Same date is set for both start and end date'
Chrome Headless 141.0.0.0 (Windows 10): Executed 79 of 493 SUCCESS (0 secs / 0.492 secs)
LOG: 'ΓÜÖ∩╕Å BDD: Same date is set for both start and end date'
[1A[2KLOG: 'Γ£à BDD: Form validation accepts same start and end date'
Chrome Headless 141.0.0.0 (Windows 10): Executed 79 of 493 SUCCESS (0 secs / 0.492 secs)
LOG: 'Γ£à BDD: Form validation accepts same start and end date'
[1A[2KChrome Headless 141.0.0.0 (Windows 10): Executed 80 of 493 SUCCESS (0 secs / 0.502 secs)
[1A[2KLOG: '≡ƒöº BDD: User leaves date fields empty'
Chrome Headless 141.0.0.0 (Windows 10): Executed 80 of 493 SUCCESS (0 secs / 0.502 secs)
LOG: '≡ƒöº BDD: User leaves date fields empty'
[1A[2KLOG: 'ΓÜÖ∩╕Å BDD: Both date fields are left empty'
Chrome Headless 141.0.0.0 (Windows 10): Executed 80 of 493 SUCCESS (0 secs / 0.502 secs)
LOG: 'ΓÜÖ∩╕Å BDD: Both date fields are left empty'
[1A[2KLOG: 'Γ£à BDD: Form validation accepts empty date fields'
Chrome Headless 141.0.0.0 (Windows 10): Executed 80 of 493 SUCCESS (0 secs / 0.502 secs)
LOG: 'Γ£à BDD: Form validation accepts empty date fields'
[1A[2KChrome Headless 141.0.0.0 (Windows 10): Executed 81 of 493 SUCCESS (0 secs / 0.512 secs)
[1A[2KLOG: '≡ƒöº BDD: User enters invalid start date and interacts with field'
Chrome Headless 141.0.0.0 (Windows 10): Executed 81 of 493 SUCCESS (0 secs / 0.512 secs)
LOG: '≡ƒöº BDD: User enters invalid start date and interacts with field'
[1A[2KLOG: 'ΓÜÖ∩╕Å BDD: Invalid date format is entered and field is touched'
Chrome Headless 141.0.0.0 (Windows 10): Executed 81 of 493 SUCCESS (0 secs / 0.512 secs)
LOG: 'ΓÜÖ∩╕Å BDD: Invalid date format is entered and field is touched'
[1A[2KLOG: 'Γ£à BDD: Appropriate error message is displayed for invalid date'
Chrome Headless 141.0.0.0 (Windows 10): Executed 81 of 493 SUCCESS (0 secs / 0.512 secs)
LOG: 'Γ£à BDD: Appropriate error message is displayed for invalid date'
[1A[2KLOG: 'ΓÜÖ∩╕Å BDD: Future date is entered in start date field'
Chrome Headless 141.0.0.0 (Windows 10): Executed 81 of 493 SUCCESS (0 secs / 0.512 secs)
LOG: 'ΓÜÖ∩╕Å BDD: Future date is entered in start date field'
[1A[2KLOG: 'Γ£à BDD: Appropriate error message is displayed for future date'
Chrome Headless 141.0.0.0 (Windows 10): Executed 81 of 493 SUCCESS (0 secs / 0.512 secs)
LOG: 'Γ£à BDD: Appropriate error message is displayed for future date'
[1A[2KLOG: 'ΓÜÖ∩╕Å BDD: Valid date is entered in start date field'
Chrome Headless 141.0.0.0 (Windows 10): Executed 81 of 493 SUCCESS (0 secs / 0.512 secs)
LOG: 'ΓÜÖ∩╕Å BDD: Valid date is entered in start date field'
[1A[2KLOG: 'Γ£à BDD: No error message is displayed for valid date'
Chrome Headless 141.0.0.0 (Windows 10): Executed 81 of 493 SUCCESS (0 secs / 0.512 secs)
LOG: 'Γ£à BDD: No error message is displayed for valid date'
[1A[2KChrome Headless 141.0.0.0 (Windows 10): Executed 82 of 493 SUCCESS (0 secs / 0.523 secs)
[1A[2KLOG: '≡ƒöº BDD: User enters invalid end date and interacts with field'
Chrome Headless 141.0.0.0 (Windows 10): Executed 82 of 493 SUCCESS (0 secs / 0.523 secs)
LOG: '≡ƒöº BDD: User enters invalid end date and interacts with field'
[1A[2KLOG: 'ΓÜÖ∩╕Å BDD: Invalid date format is entered and field is touched'
Chrome Headless 141.0.0.0 (Windows 10): Executed 82 of 493 SUCCESS (0 secs / 0.523 secs)
LOG: 'ΓÜÖ∩╕Å BDD: Invalid date format is entered and field is touched'
[1A[2KLOG: 'Γ£à BDD: Appropriate error message is displayed for invalid date'
Chrome Headless 141.0.0.0 (Windows 10): Executed 82 of 493 SUCCESS (0 secs / 0.523 secs)
LOG: 'Γ£à BDD: Appropriate error message is displayed for invalid date'
[1A[2KLOG: 'ΓÜÖ∩╕Å BDD: End date is set before start date'
Chrome Headless 141.0.0.0 (Windows 10): Executed 82 of 493 SUCCESS (0 secs / 0.523 secs)
LOG: 'ΓÜÖ∩╕Å BDD: End date is set before start date'
[1A[2KLOG: 'Γ£à BDD: Appropriate error message is displayed for invalid date range'
Chrome Headless 141.0.0.0 (Windows 10): Executed 82 of 493 SUCCESS (0 secs / 0.523 secs)
LOG: 'Γ£à BDD: Appropriate error message is displayed for invalid date range'
[1A[2KLOG: 'ΓÜÖ∩╕Å BDD: Valid end date is entered'
Chrome Headless 141.0.0.0 (Windows 10): Executed 82 of 493 SUCCESS (0 secs / 0.523 secs)
LOG: 'ΓÜÖ∩╕Å BDD: Valid end date is entered'
[1A[2KLOG: 'Γ£à BDD: No error message is displayed for valid date'
Chrome Headless 141.0.0.0 (Windows 10): Executed 82 of 493 SUCCESS (0 secs / 0.523 secs)
LOG: 'Γ£à BDD: No error message is displayed for valid date'
[1A[2KChrome Headless 141.0.0.0 (Windows 10): Executed 83 of 493 SUCCESS (0 secs / 0.534 secs)
[1A[2KLOG: '≡ƒöº BDD: Form is in pristine state with no modifications'
Chrome Headless 141.0.0.0 (Windows 10): Executed 83 of 493 SUCCESS (0 secs / 0.534 secs)
LOG: '≡ƒöº BDD: Form is in pristine state with no modifications'
[1A[2KLOG: 'Γ£à BDD: Form state indicates no modifications'
Chrome Headless 141.0.0.0 (Windows 10): Executed 83 of 493 SUCCESS (0 secs / 0.534 secs)
LOG: 'Γ£à BDD: Form state indicates no modifications'
[1A[2KLOG: 'ΓÜÖ∩╕Å BDD: User enters value in start date field'
Chrome Headless 141.0.0.0 (Windows 10): Executed 83 of 493 SUCCESS (0 secs / 0.534 secs)
LOG: 'ΓÜÖ∩╕Å BDD: User enters value in start date field'
[1A[2KLOG: 'Γ£à BDD: Form state indicates modifications have been made'
Chrome Headless 141.0.0.0 (Windows 10): Executed 83 of 493 SUCCESS (0 secs / 0.534 secs)
LOG: 'Γ£à BDD: Form state indicates modifications have been made'
[1A[2KChrome Headless 141.0.0.0 (Windows 10): Executed 84 of 493 SUCCESS (0 secs / 0.544 secs)
[1A[2KLOG: '≡ƒöº BDD: Form is in untouched state with no user interaction'
Chrome Headless 141.0.0.0 (Windows 10): Executed 84 of 493 SUCCESS (0 secs / 0.544 secs)
LOG: '≡ƒöº BDD: Form is in untouched state with no user interaction'
[1A[2KLOG: 'Γ£à BDD: Form state indicates no user interaction'
Chrome Headless 141.0.0.0 (Windows 10): Executed 84 of 493 SUCCESS (0 secs / 0.544 secs)
LOG: 'Γ£à BDD: Form state indicates no user interaction'
[1A[2KLOG: 'ΓÜÖ∩╕Å BDD: User touches start date field'
Chrome Headless 141.0.0.0 (Windows 10): Executed 84 of 493 SUCCESS (0 secs / 0.544 secs)
LOG: 'ΓÜÖ∩╕Å BDD: User touches start date field'
[1A[2KLOG: 'Γ£à BDD: Form state indicates user interaction'
Chrome Headless 141.0.0.0 (Windows 10): Executed 84 of 493 SUCCESS (0 secs / 0.544 secs)
LOG: 'Γ£à BDD: Form state indicates user interaction'
[1A[2KChrome Headless 141.0.0.0 (Windows 10): Executed 85 of 493 SUCCESS (0 secs / 0.566 secs)
[1A[2KLOG: '≡ƒöº BDD: Form is in pristine state with no modifications'
Chrome Headless 141.0.0.0 (Windows 10): Executed 85 of 493 SUCCESS (0 secs / 0.566 secs)
LOG: '≡ƒöº BDD: Form is in pristine state with no modifications'
[1A[2KLOG: 'Γ£à BDD: Form state indicates pristine condition'
Chrome Headless 141.0.0.0 (Windows 10): Executed 85 of 493 SUCCESS (0 secs / 0.566 secs)
LOG: 'Γ£à BDD: Form state indicates pristine condition'
[1A[2KLOG: 'ΓÜÖ∩╕Å BDD: User enters value in start date field'
Chrome Headless 141.0.0.0 (Windows 10): Executed 85 of 493 SUCCESS (0 secs / 0.566 secs)
LOG: 'ΓÜÖ∩╕Å BDD: User enters value in start date field'
[1A[2KLOG: 'Γ£à BDD: Form state indicates modifications have been made'
Chrome Headless 141.0.0.0 (Windows 10): Executed 85 of 493 SUCCESS (0 secs / 0.566 secs)
LOG: 'Γ£à BDD: Form state indicates modifications have been made'
[1A[2KChrome Headless 141.0.0.0 (Windows 10): Executed 86 of 493 SUCCESS (0 secs / 0.579 secs)
[1A[2KLOG: '≡ƒöº BDD: User modifies multiple configuration settings'
Chrome Headless 141.0.0.0 (Windows 10): Executed 86 of 493 SUCCESS (0 secs / 0.579 secs)
LOG: '≡ƒöº BDD: User modifies multiple configuration settings'
[1A[2KLOG: 'ΓÜÖ∩╕Å BDD: User updates date range and testing options'
Chrome Headless 141.0.0.0 (Windows 10): Executed 86 of 493 SUCCESS (0 secs / 0.579 secs)
LOG: 'ΓÜÖ∩╕Å BDD: User updates date range and testing options'
[1A[2KLOG: 'Γ£à BDD: All configuration changes are persisted to service'
Chrome Headless 141.0.0.0 (Windows 10): Executed 86 of 493 SUCCESS (0 secs / 0.579 secs)
LOG: 'Γ£à BDD: All configuration changes are persisted to service'
[1A[2KChrome Headless 141.0.0.0 (Windows 10): Executed 87 of 493 SUCCESS (0 secs / 0.591 secs)
[1A[2KLOG: '≡ƒöº BDD: User modifies configuration settings'
Chrome Headless 141.0.0.0 (Windows 10): Executed 87 of 493 SUCCESS (0 secs / 0.591 secs)
LOG: '≡ƒöº BDD: User modifies configuration settings'
[1A[2KLOG: 'ΓÜÖ∩╕Å BDD: User updates start date setting'
Chrome Headless 141.0.0.0 (Windows 10): Executed 87 of 493 SUCCESS (0 secs / 0.591 secs)
LOG: 'ΓÜÖ∩╕Å BDD: User updates start date setting'
[1A[2KLOG: 'Γ£à BDD: Configuration save operation is logged'
Chrome Headless 141.0.0.0 (Windows 10): Executed 87 of 493 SUCCESS (0 secs / 0.591 secs)
LOG: 'Γ£à BDD: Configuration save operation is logged'
[1A[2KChrome Headless 141.0.0.0 (Windows 10): Executed 88 of 493 SUCCESS (0 secs / 0.605 secs)
[1A[2KLOG: '≡ƒöº BDD: Form has date values in both start and end date fields'
Chrome Headless 141.0.0.0 (Windows 10): Executed 88 of 493 SUCCESS (0 secs / 0.605 secs)
LOG: '≡ƒöº BDD: Form has date values in both start and end date fields'
[1A[2KLOG: 'ΓÜÖ∩╕Å BDD: User clicks clear dates button'
Chrome Headless 141.0.0.0 (Windows 10): Executed 88 of 493 SUCCESS (0 secs / 0.605 secs)
LOG: 'ΓÜÖ∩╕Å BDD: User clicks clear dates button'
[1A[2KLOG: 'Γ£à BDD: Both date fields are cleared and empty'
Chrome Headless 141.0.0.0 (Windows 10): Executed 88 of 493 SUCCESS (0 secs / 0.605 secs)
LOG: 'Γ£à BDD: Both date fields are cleared and empty'
[1A[2KChrome Headless 141.0.0.0 (Windows 10): Executed 89 of 493 SUCCESS (0 secs / 0.618 secs)
[1A[2KLOG: '≡ƒöº BDD: User initiates clear dates action'
Chrome Headless 141.0.0.0 (Windows 10): Executed 89 of 493 SUCCESS (0 secs / 0.618 secs)
LOG: '≡ƒöº BDD: User initiates clear dates action'
[1A[2KLOG: 'ΓÜÖ∩╕Å BDD: Clear dates function is called'
Chrome Headless 141.0.0.0 (Windows 10): Executed 89 of 493 SUCCESS (0 secs / 0.618 secs)
LOG: 'ΓÜÖ∩╕Å BDD: Clear dates function is called'
[1A[2KLOG: 'Γ£à BDD: Clear dates operation is logged'
Chrome Headless 141.0.0.0 (Windows 10): Executed 89 of 493 SUCCESS (0 secs / 0.618 secs)
LOG: 'Γ£à BDD: Clear dates operation is logged'
[1A[2KChrome Headless 141.0.0.0 (Windows 10): Executed 90 of 493 SUCCESS (0 secs / 0.629 secs)
[1A[2KLOG: '≡ƒöº BDD: Form has modified values in all fields'
Chrome Headless 141.0.0.0 (Windows 10): Executed 90 of 493 SUCCESS (0 secs / 0.629 secs)
LOG: '≡ƒöº BDD: Form has modified values in all fields'
[1A[2KLOG: 'ΓÜÖ∩╕Å BDD: User clicks reset form button'
Chrome Headless 141.0.0.0 (Windows 10): Executed 90 of 493 SUCCESS (0 secs / 0.629 secs)
LOG: 'ΓÜÖ∩╕Å BDD: User clicks reset form button'
[1A[2KLOG: 'Γ£à BDD: All form fields return to default values'
Chrome Headless 141.0.0.0 (Windows 10): Executed 90 of 493 SUCCESS (0 secs / 0.629 secs)
LOG: 'Γ£à BDD: All form fields return to default values'
[1A[2KChrome Headless 141.0.0.0 (Windows 10): Executed 91 of 493 SUCCESS (0 secs / 0.644 secs)
[1A[2KLOG: '≡ƒöº BDD: User initiates reset form action'
Chrome Headless 141.0.0.0 (Windows 10): Executed 91 of 493 SUCCESS (0 secs / 0.644 secs)
LOG: '≡ƒöº BDD: User initiates reset form action'
[1A[2KLOG: 'ΓÜÖ∩╕Å BDD: Reset form function is called'
Chrome Headless 141.0.0.0 (Windows 10): Executed 91 of 493 SUCCESS (0 secs / 0.644 secs)
LOG: 'ΓÜÖ∩╕Å BDD: Reset form function is called'
[1A[2KLOG: 'Γ£à BDD: Reset form operation is logged'
Chrome Headless 141.0.0.0 (Windows 10): Executed 91 of 493 SUCCESS (0 secs / 0.644 secs)
LOG: 'Γ£à BDD: Reset form operation is logged'
[1A[2KChrome Headless 141.0.0.0 (Windows 10): Executed 92 of 493 SUCCESS (0 secs / 0.655 secs)
[1A[2KLOG: '≡ƒöº BDD: User needs help with configuration options'
Chrome Headless 141.0.0.0 (Windows 10): Executed 92 of 493 SUCCESS (0 secs / 0.655 secs)
LOG: '≡ƒöº BDD: User needs help with configuration options'
[1A[2KLOG: 'ΓÜÖ∩╕Å BDD: User clicks help button to open dialog'
Chrome Headless 141.0.0.0 (Windows 10): Executed 92 of 493 SUCCESS (0 secs / 0.655 secs)
LOG: 'ΓÜÖ∩╕Å BDD: User clicks help button to open dialog'
[1A[2KLOG: 'Γ£à BDD: Help dialog action is logged'
Chrome Headless 141.0.0.0 (Windows 10): Executed 92 of 493 SUCCESS (0 secs / 0.655 secs)
LOG: 'Γ£à BDD: Help dialog action is logged'
[1A[2KChrome Headless 141.0.0.0 (Windows 10): Executed 93 of 493 SUCCESS (0 secs / 0.705 secs)
[1A[2KLOG: '≡ƒöº BDD: User needs help with date range filtering'
Chrome Headless 141.0.0.0 (Windows 10): Executed 93 of 493 SUCCESS (0 secs / 0.705 secs)
LOG: '≡ƒöº BDD: User needs help with date range filtering'
[1A[2KLOG: 'ΓÜÖ∩╕Å BDD: User clicks date range help button'
Chrome Headless 141.0.0.0 (Windows 10): Executed 93 of 493 SUCCESS (0 secs / 0.705 secs)
LOG: 'ΓÜÖ∩╕Å BDD: User clicks date range help button'
[1A[2KLOG: 'Γ£à BDD: Date range help dialog action is logged'
Chrome Headless 141.0.0.0 (Windows 10): Executed 93 of 493 SUCCESS (0 secs / 0.705 secs)
LOG: 'Γ£à BDD: Date range help dialog action is logged'
[1A[2KChrome Headless 141.0.0.0 (Windows 10): Executed 94 of 493 SUCCESS (0 secs / 0.725 secs)
[1A[2KLOG: '≡ƒöº BDD: User needs help with testing options'
Chrome Headless 141.0.0.0 (Windows 10): Executed 94 of 493 SUCCESS (0 secs / 0.725 secs)
LOG: '≡ƒöº BDD: User needs help with testing options'
[1A[2KLOG: 'ΓÜÖ∩╕Å BDD: User clicks testing options help button'
Chrome Headless 141.0.0.0 (Windows 10): Executed 94 of 493 SUCCESS (0 secs / 0.725 secs)
LOG: 'ΓÜÖ∩╕Å BDD: User clicks testing options help button'
[1A[2KLOG: 'Γ£à BDD: Testing options help dialog action is logged'
Chrome Headless 141.0.0.0 (Windows 10): Executed 94 of 493 SUCCESS (0 secs / 0.725 secs)
LOG: 'Γ£à BDD: Testing options help dialog action is logged'
[1A[2KChrome Headless 141.0.0.0 (Windows 10): Executed 95 of 493 SUCCESS (0 secs / 0.751 secs)
[1A[2KLOG: '≡ƒöº BDD: Component is rendered and template is loaded'
Chrome Headless 141.0.0.0 (Windows 10): Executed 95 of 493 SUCCESS (0 secs / 0.751 secs)
LOG: '≡ƒöº BDD: Component is rendered and template is loaded'
[1A[2KLOG: 'ΓÜÖ∩╕Å BDD: Angular renders form with reactive form binding'
Chrome Headless 141.0.0.0 (Windows 10): Executed 95 of 493 SUCCESS (0 secs / 0.751 secs)
LOG: 'ΓÜÖ∩╕Å BDD: Angular renders form with reactive form binding'
[1A[2KLOG: 'Γ£à BDD: Form element with reactive form binding is rendered'
Chrome Headless 141.0.0.0 (Windows 10): Executed 95 of 493 SUCCESS (0 secs / 0.751 secs)
LOG: 'Γ£à BDD: Form element with reactive form binding is rendered'
[1A[2KChrome Headless 141.0.0.0 (Windows 10): Executed 96 of 493 SUCCESS (0 secs / 0.774 secs)
[1A[2KLOG: '≡ƒöº BDD: Component is rendered with date range functionality'
Chrome Headless 141.0.0.0 (Windows 10): Executed 96 of 493 SUCCESS (0 secs / 0.774 secs)
LOG: '≡ƒöº BDD: Component is rendered with date range functionality'
[1A[2KLOG: 'ΓÜÖ∩╕Å BDD: Angular renders date range section with form controls'
Chrome Headless 141.0.0.0 (Windows 10): Executed 96 of 493 SUCCESS (0 secs / 0.774 secs)
LOG: 'ΓÜÖ∩╕Å BDD: Angular renders date range section with form controls'
[1A[2KLOG: 'Γ£à BDD: Date range section is rendered with proper styling'
Chrome Headless 141.0.0.0 (Windows 10): Executed 96 of 493 SUCCESS (0 secs / 0.774 secs)
LOG: 'Γ£à BDD: Date range section is rendered with proper styling'
[1A[2KChrome Headless 141.0.0.0 (Windows 10): Executed 97 of 493 SUCCESS (0 secs / 0.791 secs)
[1A[2KLOG: '≡ƒöº BDD: Component is rendered with testing options functionality'
Chrome Headless 141.0.0.0 (Windows 10): Executed 97 of 493 SUCCESS (0 secs / 0.791 secs)
LOG: '≡ƒöº BDD: Component is rendered with testing options functionality'
[1A[2KLOG: 'ΓÜÖ∩╕Å BDD: Angular renders testing options section with toggles'
Chrome Headless 141.0.0.0 (Windows 10): Executed 97 of 493 SUCCESS (0 secs / 0.791 secs)
LOG: 'ΓÜÖ∩╕Å BDD: Angular renders testing options section with toggles'
[1A[2KLOG: 'Γ£à BDD: Testing options section is rendered with toggle controls'
Chrome Headless 141.0.0.0 (Windows 10): Executed 97 of 493 SUCCESS (0 secs / 0.791 secs)
LOG: 'Γ£à BDD: Testing options section is rendered with toggle controls'
[1A[2KChrome Headless 141.0.0.0 (Windows 10): Executed 98 of 493 SUCCESS (0 secs / 0.806 secs)
[1A[2KLOG: '≡ƒöº BDD: Component is rendered with date input functionality'
Chrome Headless 141.0.0.0 (Windows 10): Executed 98 of 493 SUCCESS (0 secs / 0.806 secs)
LOG: '≡ƒöº BDD: Component is rendered with date input functionality'
[1A[2KLOG: 'ΓÜÖ∩╕Å BDD: Angular renders start and end date input fields'
Chrome Headless 141.0.0.0 (Windows 10): Executed 98 of 493 SUCCESS (0 secs / 0.806 secs)
LOG: 'ΓÜÖ∩╕Å BDD: Angular renders start and end date input fields'
[1A[2KLOG: 'Γ£à BDD: Both start and end date input fields are rendered'
Chrome Headless 141.0.0.0 (Windows 10): Executed 98 of 493 SUCCESS (0 secs / 0.806 secs)
LOG: 'Γ£à BDD: Both start and end date input fields are rendered'
[1A[2KChrome Headless 141.0.0.0 (Windows 10): Executed 99 of 493 SUCCESS (0 secs / 0.825 secs)
[1A[2KLOG: '≡ƒöº BDD: Component is rendered with toggle control functionality'
Chrome Headless 141.0.0.0 (Windows 10): Executed 99 of 493 SUCCESS (0 secs / 0.825 secs)
LOG: '≡ƒöº BDD: Component is rendered with toggle control functionality'
[1A[2KLOG: 'ΓÜÖ∩╕Å BDD: Angular renders test video and simulation mode toggles'
Chrome Headless 141.0.0.0 (Windows 10): Executed 99 of 493 SUCCESS (0 secs / 0.825 secs)
LOG: 'ΓÜÖ∩╕Å BDD: Angular renders test video and simulation mode toggles'
[1A[2KLOG: 'Γ£à BDD: Both toggle controls are rendered with proper form binding'
Chrome Headless 141.0.0.0 (Windows 10): Executed 99 of 493 SUCCESS (0 secs / 0.825 secs)
LOG: 'Γ£à BDD: Both toggle controls are rendered with proper form binding'
[1A[2KChrome Headless 141.0.0.0 (Windows 10): Executed 100 of 493 SUCCESS (0 secs / 0.84 secs)
[1A[2KLOG: '≡ƒöº BDD: Component is rendered with clear dates functionality'
Chrome Headless 141.0.0.0 (Windows 10): Executed 100 of 493 SUCCESS (0 secs / 0.84 secs)
LOG: '≡ƒöº BDD: Component is rendered with clear dates functionality'
[1A[2KLOG: 'ΓÜÖ∩╕Å BDD: Angular renders clear dates button with proper test ID'
Chrome Headless 141.0.0.0 (Windows 10): Executed 100 of 493 SUCCESS (0 secs / 0.84 secs)
LOG: 'ΓÜÖ∩╕Å BDD: Angular renders clear dates button with proper test ID'
[1A[2KLOG: 'Γ£à BDD: Clear dates button is rendered with correct test identifier'
Chrome Headless 141.0.0.0 (Windows 10): Executed 100 of 493 SUCCESS (0 secs / 0.84 secs)
LOG: 'Γ£à BDD: Clear dates button is rendered with correct test identifier'
[1A[2KChrome Headless 141.0.0.0 (Windows 10): Executed 101 of 493 SUCCESS (0 secs / 0.851 secs)
[1A[2KLOG: '≡ƒöº BDD: Component is rendered with help functionality'
Chrome Headless 141.0.0.0 (Windows 10): Executed 101 of 493 SUCCESS (0 secs / 0.851 secs)
LOG: '≡ƒöº BDD: Component is rendered with help functionality'
[1A[2KLOG: 'ΓÜÖ∩╕Å BDD: Angular renders help buttons for both sections'
Chrome Headless 141.0.0.0 (Windows 10): Executed 101 of 493 SUCCESS (0 secs / 0.851 secs)
LOG: 'ΓÜÖ∩╕Å BDD: Angular renders help buttons for both sections'
[1A[2KLOG: 'Γ£à BDD: Both help buttons are rendered with correct test identifiers'
Chrome Headless 141.0.0.0 (Windows 10): Executed 101 of 493 SUCCESS (0 secs / 0.851 secs)
LOG: 'Γ£à BDD: Both help buttons are rendered with correct test identifiers'
[1A[2KChrome Headless 141.0.0.0 (Windows 10): Executed 102 of 493 SUCCESS (0 secs / 0.869 secs)
[1A[2KLOG: '≡ƒöº BDD: Setting up form state test'
Chrome Headless 141.0.0.0 (Windows 10): Executed 102 of 493 SUCCESS (0 secs / 0.869 secs)
LOG: '≡ƒöº BDD: Setting up form state test'
[1A[2KLOG: 'ΓÜÖ∩╕Å BDD: Form state updated'
Chrome Headless 141.0.0.0 (Windows 10): Executed 102 of 493 SUCCESS (0 secs / 0.869 secs)
LOG: 'ΓÜÖ∩╕Å BDD: Form state updated'
[1A[2KLOG: 'Γ£à BDD: Form state correctly reflects dirty state'
Chrome Headless 141.0.0.0 (Windows 10): Executed 102 of 493 SUCCESS (0 secs / 0.869 secs)
LOG: 'Γ£à BDD: Form state correctly reflects dirty state'
[1A[2KChrome Headless 141.0.0.0 (Windows 10): Executed 103 of 493 SUCCESS (0 secs / 0.889 secs)
[1A[2KLOG: '≡ƒöº BDD: Setting up validation state test'
Chrome Headless 141.0.0.0 (Windows 10): Executed 103 of 493 SUCCESS (0 secs / 0.889 secs)
LOG: '≡ƒöº BDD: Setting up validation state test'
[1A[2KLOG: 'ΓÜÖ∩╕Å BDD: Validation state checked'
Chrome Headless 141.0.0.0 (Windows 10): Executed 103 of 493 SUCCESS (0 secs / 0.889 secs)
LOG: 'ΓÜÖ∩╕Å BDD: Validation state checked'
[1A[2KLOG: 'Γ£à BDD: Form validation state correctly tracked'
Chrome Headless 141.0.0.0 (Windows 10): Executed 103 of 493 SUCCESS (0 secs / 0.889 secs)
LOG: 'Γ£à BDD: Form validation state correctly tracked'
[1A[2KChrome Headless 141.0.0.0 (Windows 10): Executed 104 of 493 SUCCESS (0 secs / 0.907 secs)
[1A[2KChrome Headless 141.0.0.0 (Windows 10): Executed 105 of 493 SUCCESS (0 secs / 0.923 secs)
[1A[2KChrome Headless 141.0.0.0 (Windows 10): Executed 106 of 493 SUCCESS (0 secs / 0.937 secs)
[1A[2KChrome Headless 141.0.0.0 (Windows 10): Executed 107 of 493 SUCCESS (0 secs / 0.953 secs)
[1A[2KChrome Headless 141.0.0.0 (Windows 10): Executed 108 of 493 SUCCESS (0 secs / 0.969 secs)
[1A[2KLOG: '≡ƒöº BDD: Setting up invalid start date scenarios'
Chrome Headless 141.0.0.0 (Windows 10): Executed 108 of 493 SUCCESS (0 secs / 0.969 secs)
LOG: '≡ƒöº BDD: Setting up invalid start date scenarios'
[1A[2KLOG: 'ΓÜÖ∩╕Å BDD: Testing required error message'
Chrome Headless 141.0.0.0 (Windows 10): Executed 108 of 493 SUCCESS (0 secs / 0.969 secs)
LOG: 'ΓÜÖ∩╕Å BDD: Testing required error message'
[1A[2KLOG: 'ΓÜÖ∩╕Å BDD: Testing invalid date error message'
Chrome Headless 141.0.0.0 (Windows 10): Executed 108 of 493 SUCCESS (0 secs / 0.969 secs)
LOG: 'ΓÜÖ∩╕Å BDD: Testing invalid date error message'
[1A[2KLOG: 'ΓÜÖ∩╕Å BDD: Testing future date error message'
Chrome Headless 141.0.0.0 (Windows 10): Executed 108 of 493 SUCCESS (0 secs / 0.969 secs)
LOG: 'ΓÜÖ∩╕Å BDD: Testing future date error message'
[1A[2KLOG: 'ΓÜÖ∩╕Å BDD: Testing no error message'
Chrome Headless 141.0.0.0 (Windows 10): Executed 108 of 493 SUCCESS (0 secs / 0.969 secs)
LOG: 'ΓÜÖ∩╕Å BDD: Testing no error message'
[1A[2KLOG: 'Γ£à BDD: All start date error messages are correctly returned'
Chrome Headless 141.0.0.0 (Windows 10): Executed 108 of 493 SUCCESS (0 secs / 0.969 secs)
LOG: 'Γ£à BDD: All start date error messages are correctly returned'
[1A[2KChrome Headless 141.0.0.0 (Windows 10): Executed 109 of 493 SUCCESS (0 secs / 0.998 secs)
[1A[2KLOG: '≡ƒöº BDD: Setting up invalid end date scenarios'
Chrome Headless 141.0.0.0 (Windows 10): Executed 109 of 493 SUCCESS (0 secs / 0.998 secs)
LOG: '≡ƒöº BDD: Setting up invalid end date scenarios'
[1A[2KLOG: 'ΓÜÖ∩╕Å BDD: Testing required error message'
Chrome Headless 141.0.0.0 (Windows 10): Executed 109 of 493 SUCCESS (0 secs / 0.998 secs)
LOG: 'ΓÜÖ∩╕Å BDD: Testing required error message'
[1A[2KLOG: 'ΓÜÖ∩╕Å BDD: Testing invalid date error message'
Chrome Headless 141.0.0.0 (Windows 10): Executed 109 of 493 SUCCESS (0 secs / 0.998 secs)
LOG: 'ΓÜÖ∩╕Å BDD: Testing invalid date error message'
[1A[2KLOG: 'ΓÜÖ∩╕Å BDD: Testing future date error message'
Chrome Headless 141.0.0.0 (Windows 10): Executed 109 of 493 SUCCESS (0 secs / 0.998 secs)
LOG: 'ΓÜÖ∩╕Å BDD: Testing future date error message'
[1A[2KLOG: 'ΓÜÖ∩╕Å BDD: Testing before start date error message'
Chrome Headless 141.0.0.0 (Windows 10): Executed 109 of 493 SUCCESS (0 secs / 0.998 secs)
LOG: 'ΓÜÖ∩╕Å BDD: Testing before start date error message'
[1A[2KLOG: 'ΓÜÖ∩╕Å BDD: Testing no error message'
Chrome Headless 141.0.0.0 (Windows 10): Executed 109 of 493 SUCCESS (0 secs / 0.998 secs)
LOG: 'ΓÜÖ∩╕Å BDD: Testing no error message'
[1A[2KLOG: 'Γ£à BDD: All end date error messages are correctly returned'
Chrome Headless 141.0.0.0 (Windows 10): Executed 109 of 493 SUCCESS (0 secs / 0.998 secs)
LOG: 'Γ£à BDD: All end date error messages are correctly returned'
[1A[2KChrome Headless 141.0.0.0 (Windows 10): Executed 110 of 493 SUCCESS (0 secs / 1.014 secs)
[1A[2KLOG: '≡ƒöº BDD: Setting up help dialog scenarios'
Chrome Headless 141.0.0.0 (Windows 10): Executed 110 of 493 SUCCESS (0 secs / 1.014 secs)
LOG: '≡ƒöº BDD: Setting up help dialog scenarios'
[1A[2KLOG: 'ΓÜÖ∩╕Å BDD: Opening general help dialog'
Chrome Headless 141.0.0.0 (Windows 10): Executed 110 of 493 SUCCESS (0 secs / 1.014 secs)
LOG: 'ΓÜÖ∩╕Å BDD: Opening general help dialog'
[1A[2KLOG: 'ΓÜÖ∩╕Å BDD: Opening date range help dialog'
Chrome Headless 141.0.0.0 (Windows 10): Executed 110 of 493 SUCCESS (0 secs / 1.014 secs)
LOG: 'ΓÜÖ∩╕Å BDD: Opening date range help dialog'
[1A[2KLOG: 'ΓÜÖ∩╕Å BDD: Opening testing options help dialog'
Chrome Headless 141.0.0.0 (Windows 10): Executed 110 of 493 SUCCESS (0 secs / 1.014 secs)
LOG: 'ΓÜÖ∩╕Å BDD: Opening testing options help dialog'
[1A[2KLOG: 'ΓÜÖ∩╕Å BDD: Opening default help dialog'
Chrome Headless 141.0.0.0 (Windows 10): Executed 110 of 493 SUCCESS (0 secs / 1.014 secs)
LOG: 'ΓÜÖ∩╕Å BDD: Opening default help dialog'
[1A[2KLOG: 'Γ£à BDD: All help dialog types are handled correctly'
Chrome Headless 141.0.0.0 (Windows 10): Executed 110 of 493 SUCCESS (0 secs / 1.014 secs)
LOG: 'Γ£à BDD: All help dialog types are handled correctly'
[1A[2KChrome Headless 141.0.0.0 (Windows 10): Executed 111 of 493 SUCCESS (0 secs / 1.038 secs)
[1A[2KLOG: '≡ƒöº BDD: Setting up form control with null parent'
Chrome Headless 141.0.0.0 (Windows 10): Executed 111 of 493 SUCCESS (0 secs / 1.038 secs)
LOG: '≡ƒöº BDD: Setting up form control with null parent'
[1A[2KLOG: 'ΓÜÖ∩╕Å BDD: End date validator is called with null parent'
Chrome Headless 141.0.0.0 (Windows 10): Executed 111 of 493 SUCCESS (0 secs / 1.038 secs)
LOG: 'ΓÜÖ∩╕Å BDD: End date validator is called with null parent'
[1A[2KLOG: 'Γ£à BDD: Validation passes when parent is null'
Chrome Headless 141.0.0.0 (Windows 10): Executed 111 of 493 SUCCESS (0 secs / 1.038 secs)
LOG: 'Γ£à BDD: Validation passes when parent is null'
[1A[2KChrome Headless 141.0.0.0 (Windows 10): Executed 112 of 493 SUCCESS (0 secs / 1.05 secs)
[1A[2KLOG: '≡ƒöº BDD: Setting up form control without parent form group'
Chrome Headless 141.0.0.0 (Windows 10): Executed 112 of 493 SUCCESS (0 secs / 1.05 secs)
LOG: '≡ƒöº BDD: Setting up form control without parent form group'
[1A[2KLOG: 'ΓÜÖ∩╕Å BDD: End date validator is called with no parent form group'
Chrome Headless 141.0.0.0 (Windows 10): Executed 112 of 493 SUCCESS (0 secs / 1.05 secs)
LOG: 'ΓÜÖ∩╕Å BDD: End date validator is called with no parent form group'
[1A[2KLOG: 'Γ£à BDD: Validation passes when parent form group is null'
Chrome Headless 141.0.0.0 (Windows 10): Executed 112 of 493 SUCCESS (0 secs / 1.05 secs)
LOG: 'Γ£à BDD: Validation passes when parent form group is null'
[1A[2KChrome Headless 141.0.0.0 (Windows 10): Executed 113 of 493 SUCCESS (0 secs / 1.063 secs)
[1A[2KLOG: '≡ƒöº BDD: Setting up empty date validation scenarios'
Chrome Headless 141.0.0.0 (Windows 10): Executed 113 of 493 SUCCESS (0 secs / 1.063 secs)
LOG: '≡ƒöº BDD: Setting up empty date validation scenarios'
[1A[2KLOG: 'ΓÜÖ∩╕Å BDD: Date validator is called with empty value'
Chrome Headless 141.0.0.0 (Windows 10): Executed 113 of 493 SUCCESS (0 secs / 1.063 secs)
LOG: 'ΓÜÖ∩╕Å BDD: Date validator is called with empty value'
[1A[2KLOG: 'Γ£à BDD: Validation passes for empty dates'
Chrome Headless 141.0.0.0 (Windows 10): Executed 113 of 493 SUCCESS (0 secs / 1.063 secs)
LOG: 'Γ£à BDD: Validation passes for empty dates'
[1A[2KChrome Headless 141.0.0.0 (Windows 10): Executed 114 of 493 SUCCESS (0 secs / 1.075 secs)
[1A[2KLOG: '≡ƒöº BDD: Setting up end date validation with empty start date'
Chrome Headless 141.0.0.0 (Windows 10): Executed 114 of 493 SUCCESS (0 secs / 1.075 secs)
LOG: '≡ƒöº BDD: Setting up end date validation with empty start date'
[1A[2KLOG: 'ΓÜÖ∩╕Å BDD: End date validator is called with empty start date'
Chrome Headless 141.0.0.0 (Windows 10): Executed 114 of 493 SUCCESS (0 secs / 1.075 secs)
LOG: 'ΓÜÖ∩╕Å BDD: End date validator is called with empty start date'
[1A[2KLOG: 'Γ£à BDD: Validation passes when start date is empty'
Chrome Headless 141.0.0.0 (Windows 10): Executed 114 of 493 SUCCESS (0 secs / 1.075 secs)
LOG: 'Γ£à BDD: Validation passes when start date is empty'
[1A[2KChrome Headless 141.0.0.0 (Windows 10): Executed 115 of 493 SUCCESS (0 secs / 1.088 secs)
[1A[2KLOG: '≡ƒöº BDD: Setting up invalid date format validation'
Chrome Headless 141.0.0.0 (Windows 10): Executed 115 of 493 SUCCESS (0 secs / 1.088 secs)
LOG: '≡ƒöº BDD: Setting up invalid date format validation'
[1A[2KLOG: 'ΓÜÖ∩╕Å BDD: Date validator is called with invalid date'
Chrome Headless 141.0.0.0 (Windows 10): Executed 115 of 493 SUCCESS (0 secs / 1.088 secs)
LOG: 'ΓÜÖ∩╕Å BDD: Date validator is called with invalid date'
[1A[2KLOG: 'Γ£à BDD: Validation fails for invalid date format'
Chrome Headless 141.0.0.0 (Windows 10): Executed 115 of 493 SUCCESS (0 secs / 1.088 secs)
LOG: 'Γ£à BDD: Validation fails for invalid date format'
[1A[2KChrome Headless 141.0.0.0 (Windows 10): Executed 116 of 493 SUCCESS (0 secs / 1.099 secs)
[1A[2KLOG: '≡ƒöº BDD: Setting up future date validation'
Chrome Headless 141.0.0.0 (Windows 10): Executed 116 of 493 SUCCESS (0 secs / 1.099 secs)
LOG: '≡ƒöº BDD: Setting up future date validation'
[1A[2KLOG: 'ΓÜÖ∩╕Å BDD: Date validator is called with future date'
Chrome Headless 141.0.0.0 (Windows 10): Executed 116 of 493 SUCCESS (0 secs / 1.099 secs)
LOG: 'ΓÜÖ∩╕Å BDD: Date validator is called with future date'
[1A[2KLOG: 'Γ£à BDD: Validation fails for future date'
Chrome Headless 141.0.0.0 (Windows 10): Executed 116 of 493 SUCCESS (0 secs / 1.099 secs)
LOG: 'Γ£à BDD: Validation fails for future date'
[1A[2KChrome Headless 141.0.0.0 (Windows 10): Executed 117 of 493 SUCCESS (0 secs / 1.111 secs)
[1A[2KLOG: '≡ƒöº BDD: Setting up end date before start date validation'
Chrome Headless 141.0.0.0 (Windows 10): Executed 117 of 493 SUCCESS (0 secs / 1.111 secs)
LOG: '≡ƒöº BDD: Setting up end date before start date validation'
[1A[2KLOG: 'ΓÜÖ∩╕Å BDD: End date validator is called with end date before start date'
Chrome Headless 141.0.0.0 (Windows 10): Executed 117 of 493 SUCCESS (0 secs / 1.111 secs)
LOG: 'ΓÜÖ∩╕Å BDD: End date validator is called with end date before start date'
[1A[2KLOG: 'Γ£à BDD: Validation fails for end date before start date'
Chrome Headless 141.0.0.0 (Windows 10): Executed 117 of 493 SUCCESS (0 secs / 1.111 secs)
LOG: 'Γ£à BDD: Validation fails for end date before start date'
[1A[2KChrome Headless 141.0.0.0 (Windows 10): Executed 118 of 493 SUCCESS (0 secs / 1.122 secs)
[1A[2KLOG: '≡ƒöº BDD: Setting up help dialog title scenarios'
Chrome Headless 141.0.0.0 (Windows 10): Executed 118 of 493 SUCCESS (0 secs / 1.122 secs)
LOG: '≡ƒöº BDD: Setting up help dialog title scenarios'
[1A[2KLOG: 'ΓÜÖ∩╕Å BDD: Testing date-range dialog title'
Chrome Headless 141.0.0.0 (Windows 10): Executed 118 of 493 SUCCESS (0 secs / 1.122 secs)
LOG: 'ΓÜÖ∩╕Å BDD: Testing date-range dialog title'
[1A[2KLOG: 'ΓÜÖ∩╕Å BDD: Testing testing-options dialog title'
Chrome Headless 141.0.0.0 (Windows 10): Executed 118 of 493 SUCCESS (0 secs / 1.122 secs)
LOG: 'ΓÜÖ∩╕Å BDD: Testing testing-options dialog title'
[1A[2KLOG: 'ΓÜÖ∩╕Å BDD: Testing general dialog title'
Chrome Headless 141.0.0.0 (Windows 10): Executed 118 of 493 SUCCESS (0 secs / 1.122 secs)
LOG: 'ΓÜÖ∩╕Å BDD: Testing general dialog title'
[1A[2KLOG: 'ΓÜÖ∩╕Å BDD: Testing default dialog title'
Chrome Headless 141.0.0.0 (Windows 10): Executed 118 of 493 SUCCESS (0 secs / 1.122 secs)
LOG: 'ΓÜÖ∩╕Å BDD: Testing default dialog title'
[1A[2KLOG: 'Γ£à BDD: All dialog titles are correctly generated'
Chrome Headless 141.0.0.0 (Windows 10): Executed 118 of 493 SUCCESS (0 secs / 1.122 secs)
LOG: 'Γ£à BDD: All dialog titles are correctly generated'
[1A[2KChrome Headless 141.0.0.0 (Windows 10): Executed 119 of 493 SUCCESS (0 secs / 1.131 secs)
[1A[2KLOG: '≡ƒöº BDD: Setting up dialog functionality test'
Chrome Headless 141.0.0.0 (Windows 10): Executed 119 of 493 SUCCESS (0 secs / 1.131 secs)
LOG: '≡ƒöº BDD: Setting up dialog functionality test'
[1A[2KLOG: 'ΓÜÖ∩╕Å BDD: Opening help dialog'
Chrome Headless 141.0.0.0 (Windows 10): Executed 119 of 493 SUCCESS (0 secs / 1.131 secs)
LOG: 'ΓÜÖ∩╕Å BDD: Opening help dialog'
[1A[2KLOG: 'Γ£à BDD: Body scroll is properly managed'
Chrome Headless 141.0.0.0 (Windows 10): Executed 119 of 493 SUCCESS (0 secs / 1.131 secs)
LOG: 'Γ£à BDD: Body scroll is properly managed'
[1A[2KChrome Headless 141.0.0.0 (Windows 10): Executed 120 of 493 SUCCESS (0 secs / 1.141 secs)
[1A[2KLOG: '≡ƒöº BDD: Setting up dialog close callback test'
Chrome Headless 141.0.0.0 (Windows 10): Executed 120 of 493 SUCCESS (0 secs / 1.141 secs)
LOG: '≡ƒöº BDD: Setting up dialog close callback test'
[1A[2KLOG: 'ΓÜÖ∩╕Å BDD: Opening help dialog and triggering close callback'
Chrome Headless 141.0.0.0 (Windows 10): Executed 120 of 493 SUCCESS (0 secs / 1.141 secs)
LOG: 'ΓÜÖ∩╕Å BDD: Opening help dialog and triggering close callback'
[1A[2KLOG: 'Γ£à BDD: Dialog close callback is properly handled'
Chrome Headless 141.0.0.0 (Windows 10): Executed 120 of 493 SUCCESS (0 secs / 1.141 secs)
LOG: 'Γ£à BDD: Dialog close callback is properly handled'
[1A[2KChrome Headless 141.0.0.0 (Windows 10): Executed 121 of 493 SUCCESS (0 secs / 1.156 secs)
[1A[2KLOG: '≡ƒöº BDD: Setting up form with null values'
Chrome Headless 141.0.0.0 (Windows 10): Executed 121 of 493 SUCCESS (0 secs / 1.156 secs)
LOG: '≡ƒöº BDD: Setting up form with null values'
[1A[2KLOG: 'ΓÜÖ∩╕Å BDD: Save configuration is called with null values'
Chrome Headless 141.0.0.0 (Windows 10): Executed 121 of 493 SUCCESS (0 secs / 1.156 secs)
LOG: 'ΓÜÖ∩╕Å BDD: Save configuration is called with null values'
[1A[2KLOG: 'Γ£à BDD: Null values are handled without errors'
Chrome Headless 141.0.0.0 (Windows 10): Executed 121 of 493 SUCCESS (0 secs / 1.156 secs)
LOG: 'Γ£à BDD: Null values are handled without errors'
[1A[2KChrome Headless 141.0.0.0 (Windows 10): Executed 122 of 493 SUCCESS (0 secs / 1.168 secs)
[1A[2KLOG: '≡ƒöº BDD: Setting up form with undefined values'
Chrome Headless 141.0.0.0 (Windows 10): Executed 122 of 493 SUCCESS (0 secs / 1.168 secs)
LOG: '≡ƒöº BDD: Setting up form with undefined values'
[1A[2KLOG: 'ΓÜÖ∩╕Å BDD: Save configuration is called with undefined values'
Chrome Headless 141.0.0.0 (Windows 10): Executed 122 of 493 SUCCESS (0 secs / 1.168 secs)
LOG: 'ΓÜÖ∩╕Å BDD: Save configuration is called with undefined values'
[1A[2KLOG: 'Γ£à BDD: Undefined values are handled without errors'
Chrome Headless 141.0.0.0 (Windows 10): Executed 122 of 493 SUCCESS (0 secs / 1.168 secs)
LOG: 'Γ£à BDD: Undefined values are handled without errors'
[1A[2KChrome Headless 141.0.0.0 (Windows 10): Executed 123 of 493 SUCCESS (0 secs / 1.181 secs)
[1A[2KLOG: '≡ƒöº BDD: Setting up invalid form'
Chrome Headless 141.0.0.0 (Windows 10): Executed 123 of 493 SUCCESS (0 secs / 1.181 secs)
LOG: '≡ƒöº BDD: Setting up invalid form'
[1A[2KLOG: 'ΓÜÖ∩╕Å BDD: Save configuration is called with invalid form'
Chrome Headless 141.0.0.0 (Windows 10): Executed 123 of 493 SUCCESS (0 secs / 1.181 secs)
LOG: 'ΓÜÖ∩╕Å BDD: Save configuration is called with invalid form'
[1A[2KLOG: 'Γ£à BDD: Invalid form prevents configuration save'
Chrome Headless 141.0.0.0 (Windows 10): Executed 123 of 493 SUCCESS (0 secs / 1.181 secs)
LOG: 'Γ£à BDD: Invalid form prevents configuration save'
[1A[2KChrome Headless 141.0.0.0 (Windows 10): Executed 124 of 493 SUCCESS (0 secs / 1.192 secs)
[1A[2KLOG: '≡ƒöº BDD: Config service is created'
Chrome Headless 141.0.0.0 (Windows 10): Executed 124 of 493 SUCCESS (0 secs / 1.192 secs)
LOG: '≡ƒöº BDD: Config service is created'
[1A[2KLOG: 'ΓÜÖ∩╕Å BDD: Service initializes'
Chrome Headless 141.0.0.0 (Windows 10): Executed 124 of 493 SUCCESS (0 secs / 1.192 secs)
LOG: 'ΓÜÖ∩╕Å BDD: Service initializes'
[1A[2KLOG: 'Γ£à BDD: Service is created successfully'
Chrome Headless 141.0.0.0 (Windows 10): Executed 124 of 493 SUCCESS (0 secs / 1.192 secs)
LOG: 'Γ£à BDD: Service is created successfully'
[1A[2KChrome Headless 141.0.0.0 (Windows 10): Executed 125 of 493 SUCCESS (0 secs / 1.193 secs)
[1A[2KLOG: '≡ƒöº BDD: Config service is created'
Chrome Headless 141.0.0.0 (Windows 10): Executed 125 of 493 SUCCESS (0 secs / 1.193 secs)
LOG: '≡ƒöº BDD: Config service is created'
[1A[2KLOG: 'ΓÜÖ∩╕Å BDD: Setting archive path'
Chrome Headless 141.0.0.0 (Windows 10): Executed 125 of 493 SUCCESS (0 secs / 1.193 secs)
LOG: 'ΓÜÖ∩╕Å BDD: Setting archive path'
[1A[2KLOG: 'Γ£à BDD: Archive path is set correctly'
Chrome Headless 141.0.0.0 (Windows 10): Executed 125 of 493 SUCCESS (0 secs / 1.193 secs)
LOG: 'Γ£à BDD: Archive path is set correctly'
[1A[2KChrome Headless 141.0.0.0 (Windows 10): Executed 126 of 493 SUCCESS (0 secs / 1.194 secs)
[1A[2KLOG: '≡ƒöº BDD: Config service is created'
Chrome Headless 141.0.0.0 (Windows 10): Executed 126 of 493 SUCCESS (0 secs / 1.194 secs)
LOG: '≡ƒöº BDD: Config service is created'
[1A[2KLOG: 'ΓÜÖ∩╕Å BDD: Archive path is not set'
Chrome Headless 141.0.0.0 (Windows 10): Executed 126 of 493 SUCCESS (0 secs / 1.194 secs)
LOG: 'ΓÜÖ∩╕Å BDD: Archive path is not set'
[1A[2KLOG: 'Γ£à BDD: Archive path is empty by default'
Chrome Headless 141.0.0.0 (Windows 10): Executed 126 of 493 SUCCESS (0 secs / 1.194 secs)
LOG: 'Γ£à BDD: Archive path is empty by default'
[1A[2KChrome Headless 141.0.0.0 (Windows 10): Executed 127 of 493 SUCCESS (0 secs / 1.195 secs)
[1A[2KLOG: '≡ƒöº BDD: Config service is created'
Chrome Headless 141.0.0.0 (Windows 10): Executed 127 of 493 SUCCESS (0 secs / 1.195 secs)
LOG: '≡ƒöº BDD: Config service is created'
[1A[2KLOG: 'ΓÜÖ∩╕Å BDD: Setting Bluesky credentials'
Chrome Headless 141.0.0.0 (Windows 10): Executed 127 of 493 SUCCESS (0 secs / 1.195 secs)
LOG: 'ΓÜÖ∩╕Å BDD: Setting Bluesky credentials'
[1A[2KLOG: 'Γ£à BDD: Credentials are set correctly'
Chrome Headless 141.0.0.0 (Windows 10): Executed 127 of 493 SUCCESS (0 secs / 1.195 secs)
LOG: 'Γ£à BDD: Credentials are set correctly'
[1A[2KChrome Headless 141.0.0.0 (Windows 10): Executed 128 of 493 SUCCESS (0 secs / 1.196 secs)
[1A[2KLOG: '≡ƒöº BDD: Config service is created'
Chrome Headless 141.0.0.0 (Windows 10): Executed 128 of 493 SUCCESS (0 secs / 1.196 secs)
LOG: '≡ƒöº BDD: Config service is created'
[1A[2KLOG: 'ΓÜÖ∩╕Å BDD: Credentials are not set'
Chrome Headless 141.0.0.0 (Windows 10): Executed 128 of 493 SUCCESS (0 secs / 1.196 secs)
LOG: 'ΓÜÖ∩╕Å BDD: Credentials are not set'
[1A[2KLOG: 'Γ£à BDD: Credentials are null by default'
Chrome Headless 141.0.0.0 (Windows 10): Executed 128 of 493 SUCCESS (0 secs / 1.196 secs)
LOG: 'Γ£à BDD: Credentials are null by default'
[1A[2KChrome Headless 141.0.0.0 (Windows 10): Executed 129 of 493 SUCCESS (0 secs / 1.198 secs)
[1A[2KLOG: '≡ƒöº BDD: Config service is created'
Chrome Headless 141.0.0.0 (Windows 10): Executed 129 of 493 SUCCESS (0 secs / 1.198 secs)
LOG: '≡ƒöº BDD: Config service is created'
[1A[2KLOG: 'ΓÜÖ∩╕Å BDD: Setting simulation mode to true'
Chrome Headless 141.0.0.0 (Windows 10): Executed 129 of 493 SUCCESS (0 secs / 1.198 secs)
LOG: 'ΓÜÖ∩╕Å BDD: Setting simulation mode to true'
[1A[2KLOG: 'Γ£à BDD: Simulation mode is set to true'
Chrome Headless 141.0.0.0 (Windows 10): Executed 129 of 493 SUCCESS (0 secs / 1.198 secs)
LOG: 'Γ£à BDD: Simulation mode is set to true'
[1A[2KChrome Headless 141.0.0.0 (Windows 10): Executed 130 of 493 SUCCESS (0 secs / 1.2 secs)
[1A[2KLOG: '≡ƒöº BDD: Config service is created'
Chrome Headless 141.0.0.0 (Windows 10): Executed 130 of 493 SUCCESS (0 secs / 1.2 secs)
LOG: '≡ƒöº BDD: Config service is created'
[1A[2KLOG: 'ΓÜÖ∩╕Å BDD: Simulation mode is not set'
Chrome Headless 141.0.0.0 (Windows 10): Executed 130 of 493 SUCCESS (0 secs / 1.2 secs)
LOG: 'ΓÜÖ∩╕Å BDD: Simulation mode is not set'
[1A[2KLOG: 'Γ£à BDD: Simulation mode is false by default'
Chrome Headless 141.0.0.0 (Windows 10): Executed 130 of 493 SUCCESS (0 secs / 1.2 secs)
LOG: 'Γ£à BDD: Simulation mode is false by default'
[1A[2KChrome Headless 141.0.0.0 (Windows 10): Executed 131 of 493 SUCCESS (0 secs / 1.202 secs)
[1A[2KLOG: '≡ƒöº BDD: Config service is created'
Chrome Headless 141.0.0.0 (Windows 10): Executed 131 of 493 SUCCESS (0 secs / 1.202 secs)
LOG: '≡ƒöº BDD: Config service is created'
[1A[2KLOG: 'ΓÜÖ∩╕Å BDD: Setting authentication to true'
Chrome Headless 141.0.0.0 (Windows 10): Executed 131 of 493 SUCCESS (0 secs / 1.202 secs)
LOG: 'ΓÜÖ∩╕Å BDD: Setting authentication to true'
[1A[2KLOG: 'Γ£à BDD: Authentication is set to true'
Chrome Headless 141.0.0.0 (Windows 10): Executed 131 of 493 SUCCESS (0 secs / 1.202 secs)
LOG: 'Γ£à BDD: Authentication is set to true'
[1A[2KChrome Headless 141.0.0.0 (Windows 10): Executed 132 of 493 SUCCESS (0 secs / 1.203 secs)
[1A[2KLOG: '≡ƒöº BDD: Config service is created'
Chrome Headless 141.0.0.0 (Windows 10): Executed 132 of 493 SUCCESS (0 secs / 1.203 secs)
LOG: '≡ƒöº BDD: Config service is created'
[1A[2KLOG: 'ΓÜÖ∩╕Å BDD: Authentication is not set'
Chrome Headless 141.0.0.0 (Windows 10): Executed 132 of 493 SUCCESS (0 secs / 1.203 secs)
LOG: 'ΓÜÖ∩╕Å BDD: Authentication is not set'
[1A[2KLOG: 'Γ£à BDD: Authentication is false by default'
Chrome Headless 141.0.0.0 (Windows 10): Executed 132 of 493 SUCCESS (0 secs / 1.203 secs)
LOG: 'Γ£à BDD: Authentication is false by default'
[1A[2KChrome Headless 141.0.0.0 (Windows 10): Executed 133 of 493 SUCCESS (0 secs / 1.204 secs)
[1A[2KLOG: '≡ƒöº BDD: Setting all required configuration'
Chrome Headless 141.0.0.0 (Windows 10): Executed 133 of 493 SUCCESS (0 secs / 1.204 secs)
LOG: '≡ƒöº BDD: Setting all required configuration'
[1A[2KLOG: 'ΓÜÖ∩╕Å BDD: Validating configuration'
Chrome Headless 141.0.0.0 (Windows 10): Executed 133 of 493 SUCCESS (0 secs / 1.204 secs)
LOG: 'ΓÜÖ∩╕Å BDD: Validating configuration'
[1A[2KLOG: 'Γ£à BDD: Configuration is valid'
Chrome Headless 141.0.0.0 (Windows 10): Executed 133 of 493 SUCCESS (0 secs / 1.204 secs)
LOG: 'Γ£à BDD: Configuration is valid'
[1A[2KChrome Headless 141.0.0.0 (Windows 10): Executed 134 of 493 SUCCESS (0 secs / 1.205 secs)
[1A[2KLOG: '≡ƒöº BDD: Configuration is incomplete'
Chrome Headless 141.0.0.0 (Windows 10): Executed 134 of 493 SUCCESS (0 secs / 1.205 secs)
LOG: '≡ƒöº BDD: Configuration is incomplete'
[1A[2KLOG: 'ΓÜÖ∩╕Å BDD: Validating configuration'
Chrome Headless 141.0.0.0 (Windows 10): Executed 134 of 493 SUCCESS (0 secs / 1.205 secs)
LOG: 'ΓÜÖ∩╕Å BDD: Validating configuration'
[1A[2KLOG: 'Γ£à BDD: Configuration is invalid'
Chrome Headless 141.0.0.0 (Windows 10): Executed 134 of 493 SUCCESS (0 secs / 1.205 secs)
LOG: 'Γ£à BDD: Configuration is invalid'
[1A[2KChrome Headless 141.0.0.0 (Windows 10): Executed 135 of 493 SUCCESS (0 secs / 1.207 secs)
[1A[2KLOG: '≡ƒöº BDD: Setting configuration values'
Chrome Headless 141.0.0.0 (Windows 10): Executed 135 of 493 SUCCESS (0 secs / 1.207 secs)
LOG: '≡ƒöº BDD: Setting configuration values'
[1A[2KLOG: 'ΓÜÖ∩╕Å BDD: Resetting configuration'
Chrome Headless 141.0.0.0 (Windows 10): Executed 135 of 493 SUCCESS (0 secs / 1.207 secs)
LOG: 'ΓÜÖ∩╕Å BDD: Resetting configuration'
[1A[2KLOG: 'Γ£à BDD: Configuration is reset to defaults'
Chrome Headless 141.0.0.0 (Windows 10): Executed 135 of 493 SUCCESS (0 secs / 1.207 secs)
LOG: 'Γ£à BDD: Configuration is reset to defaults'
[1A[2KChrome Headless 141.0.0.0 (Windows 10): Executed 136 of 493 SUCCESS (0 secs / 1.208 secs)
[1A[2KLOG: '≡ƒöº BDD: Config service is created'
Chrome Headless 141.0.0.0 (Windows 10): Executed 136 of 493 SUCCESS (0 secs / 1.208 secs)
LOG: '≡ƒöº BDD: Config service is created'
[1A[2KLOG: 'ΓÜÖ∩╕Å BDD: Setting test video mode to true'
Chrome Headless 141.0.0.0 (Windows 10): Executed 136 of 493 SUCCESS (0 secs / 1.208 secs)
LOG: 'ΓÜÖ∩╕Å BDD: Setting test video mode to true'
[1A[2KLOG: 'Γ£à BDD: Test video mode is set to true'
Chrome Headless 141.0.0.0 (Windows 10): Executed 136 of 493 SUCCESS (0 secs / 1.208 secs)
LOG: 'Γ£à BDD: Test video mode is set to true'
[1A[2KChrome Headless 141.0.0.0 (Windows 10): Executed 137 of 493 SUCCESS (0 secs / 1.21 secs)
[1A[2KLOG: '≡ƒöº BDD: Config service is created'
Chrome Headless 141.0.0.0 (Windows 10): Executed 137 of 493 SUCCESS (0 secs / 1.21 secs)
LOG: '≡ƒöº BDD: Config service is created'
[1A[2KLOG: 'ΓÜÖ∩╕Å BDD: Test video mode is not set'
Chrome Headless 141.0.0.0 (Windows 10): Executed 137 of 493 SUCCESS (0 secs / 1.21 secs)
LOG: 'ΓÜÖ∩╕Å BDD: Test video mode is not set'
[1A[2KLOG: 'Γ£à BDD: Test video mode is false by default'
Chrome Headless 141.0.0.0 (Windows 10): Executed 137 of 493 SUCCESS (0 secs / 1.21 secs)
LOG: 'Γ£à BDD: Test video mode is false by default'
[1A[2KChrome Headless 141.0.0.0 (Windows 10): Executed 138 of 493 SUCCESS (0 secs / 1.211 secs)
[1A[2KLOG: '≡ƒöº BDD: Config service is created'
Chrome Headless 141.0.0.0 (Windows 10): Executed 138 of 493 SUCCESS (0 secs / 1.211 secs)
LOG: '≡ƒöº BDD: Config service is created'
[1A[2KLOG: 'ΓÜÖ∩╕Å BDD: Setting start date'
Chrome Headless 141.0.0.0 (Windows 10): Executed 138 of 493 SUCCESS (0 secs / 1.211 secs)
LOG: 'ΓÜÖ∩╕Å BDD: Setting start date'
[1A[2KLOG: 'Γ£à BDD: Start date is set correctly'
Chrome Headless 141.0.0.0 (Windows 10): Executed 138 of 493 SUCCESS (0 secs / 1.211 secs)
LOG: 'Γ£à BDD: Start date is set correctly'
[1A[2KChrome Headless 141.0.0.0 (Windows 10): Executed 139 of 493 SUCCESS (0 secs / 1.213 secs)
[1A[2KLOG: '≡ƒöº BDD: Config service is created'
Chrome Headless 141.0.0.0 (Windows 10): Executed 139 of 493 SUCCESS (0 secs / 1.213 secs)
LOG: '≡ƒöº BDD: Config service is created'
[1A[2KLOG: 'ΓÜÖ∩╕Å BDD: Start date is not set'
Chrome Headless 141.0.0.0 (Windows 10): Executed 139 of 493 SUCCESS (0 secs / 1.213 secs)
LOG: 'ΓÜÖ∩╕Å BDD: Start date is not set'
[1A[2KLOG: 'Γ£à BDD: Start date is empty by default'
Chrome Headless 141.0.0.0 (Windows 10): Executed 139 of 493 SUCCESS (0 secs / 1.213 secs)
LOG: 'Γ£à BDD: Start date is empty by default'
[1A[2KChrome Headless 141.0.0.0 (Windows 10): Executed 140 of 493 SUCCESS (0 secs / 1.214 secs)
[1A[2KLOG: '≡ƒöº BDD: Config service is created'
Chrome Headless 141.0.0.0 (Windows 10): Executed 140 of 493 SUCCESS (0 secs / 1.214 secs)
LOG: '≡ƒöº BDD: Config service is created'
[1A[2KLOG: 'ΓÜÖ∩╕Å BDD: Setting end date'
Chrome Headless 141.0.0.0 (Windows 10): Executed 140 of 493 SUCCESS (0 secs / 1.214 secs)
LOG: 'ΓÜÖ∩╕Å BDD: Setting end date'
[1A[2KLOG: 'Γ£à BDD: End date is set correctly'
Chrome Headless 141.0.0.0 (Windows 10): Executed 140 of 493 SUCCESS (0 secs / 1.214 secs)
LOG: 'Γ£à BDD: End date is set correctly'
[1A[2KChrome Headless 141.0.0.0 (Windows 10): Executed 141 of 493 SUCCESS (0 secs / 1.215 secs)
[1A[2KLOG: '≡ƒöº BDD: Config service is created'
Chrome Headless 141.0.0.0 (Windows 10): Executed 141 of 493 SUCCESS (0 secs / 1.215 secs)
LOG: '≡ƒöº BDD: Config service is created'
[1A[2KLOG: 'ΓÜÖ∩╕Å BDD: End date is not set'
Chrome Headless 141.0.0.0 (Windows 10): Executed 141 of 493 SUCCESS (0 secs / 1.215 secs)
LOG: 'ΓÜÖ∩╕Å BDD: End date is not set'
[1A[2KLOG: 'Γ£à BDD: End date is empty by default'
Chrome Headless 141.0.0.0 (Windows 10): Executed 141 of 493 SUCCESS (0 secs / 1.215 secs)
LOG: 'Γ£à BDD: End date is empty by default'
[1A[2KChrome Headless 141.0.0.0 (Windows 10): Executed 142 of 493 SUCCESS (0 secs / 1.217 secs)
[1A[2KLOG: '≡ƒöº BDD: Config service is created'
Chrome Headless 141.0.0.0 (Windows 10): Executed 142 of 493 SUCCESS (0 secs / 1.217 secs)
LOG: '≡ƒöº BDD: Config service is created'
[1A[2KLOG: 'ΓÜÖ∩╕Å BDD: Setting credentials and calling both access methods'
Chrome Headless 141.0.0.0 (Windows 10): Executed 142 of 493 SUCCESS (0 secs / 1.217 secs)
LOG: 'ΓÜÖ∩╕Å BDD: Setting credentials and calling both access methods'
[1A[2KLOG: 'Γ£à BDD: Both credential access methods return the same value'
Chrome Headless 141.0.0.0 (Windows 10): Executed 142 of 493 SUCCESS (0 secs / 1.217 secs)
LOG: 'Γ£à BDD: Both credential access methods return the same value'
[1A[2KChrome Headless 141.0.0.0 (Windows 10): Executed 143 of 493 SUCCESS (0 secs / 1.218 secs)
[1A[2KLOG: '≡ƒöº BDD: Config service is created'
Chrome Headless 141.0.0.0 (Windows 10): Executed 143 of 493 SUCCESS (0 secs / 1.218 secs)
LOG: '≡ƒöº BDD: Config service is created'
[1A[2KLOG: 'ΓÜÖ∩╕Å BDD: Getting authentication signal'
Chrome Headless 141.0.0.0 (Windows 10): Executed 143 of 493 SUCCESS (0 secs / 1.218 secs)
LOG: 'ΓÜÖ∩╕Å BDD: Getting authentication signal'
[1A[2KLOG: 'Γ£à BDD: Authentication signal is returned'
Chrome Headless 141.0.0.0 (Windows 10): Executed 143 of 493 SUCCESS (0 secs / 1.218 secs)
LOG: 'Γ£à BDD: Authentication signal is returned'
[1A[2KChrome Headless 141.0.0.0 (Windows 10): Executed 144 of 493 SUCCESS (0 secs / 1.219 secs)
[1A[2KChrome Headless 141.0.0.0 (Windows 10): Executed 145 of 493 SUCCESS (0 secs / 1.223 secs)
[1A[2KLOG: '≡ƒöº BDD: Setting up successful archive extraction'
Chrome Headless 141.0.0.0 (Windows 10): Executed 145 of 493 SUCCESS (0 secs / 1.223 secs)
LOG: '≡ƒöº BDD: Setting up successful archive extraction'
[1A[2KLOG: 'ΓÜÖ∩╕Å BDD: Executing archive extraction resolver'
Chrome Headless 141.0.0.0 (Windows 10): Executed 145 of 493 SUCCESS (0 secs / 1.223 secs)
LOG: 'ΓÜÖ∩╕Å BDD: Executing archive extraction resolver'
[1A[2KLOG: 'Γ£à BDD: Verifying successful extraction result'
Chrome Headless 141.0.0.0 (Windows 10): Executed 145 of 493 SUCCESS (0 secs / 1.223 secs)
LOG: 'Γ£à BDD: Verifying successful extraction result'
[1A[2KChrome Headless 141.0.0.0 (Windows 10): Executed 146 of 493 SUCCESS (0 secs / 1.226 secs)
[1A[2KLOG: '≡ƒöº BDD: Setting up failed archive extraction'
Chrome Headless 141.0.0.0 (Windows 10): Executed 146 of 493 SUCCESS (0 secs / 1.226 secs)
LOG: '≡ƒöº BDD: Setting up failed archive extraction'
[1A[2KLOG: 'ΓÜÖ∩╕Å BDD: Executing archive extraction resolver with failure'
Chrome Headless 141.0.0.0 (Windows 10): Executed 146 of 493 SUCCESS (0 secs / 1.226 secs)
LOG: 'ΓÜÖ∩╕Å BDD: Executing archive extraction resolver with failure'
[1A[2KLOG: 'Γ£à BDD: Verifying error handling and false result'
Chrome Headless 141.0.0.0 (Windows 10): Executed 146 of 493 SUCCESS (0 secs / 1.226 secs)
LOG: 'Γ£à BDD: Verifying error handling and false result'
[1A[2KChrome Headless 141.0.0.0 (Windows 10): Executed 147 of 493 SUCCESS (0 secs / 1.228 secs)
[1A[2KLOG: '≡ƒöº BDD: Setting up network error during extraction'
Chrome Headless 141.0.0.0 (Windows 10): Executed 147 of 493 SUCCESS (0 secs / 1.228 secs)
LOG: '≡ƒöº BDD: Setting up network error during extraction'
[1A[2KLOG: 'ΓÜÖ∩╕Å BDD: Executing archive extraction resolver with network error'
Chrome Headless 141.0.0.0 (Windows 10): Executed 147 of 493 SUCCESS (0 secs / 1.228 secs)
LOG: 'ΓÜÖ∩╕Å BDD: Executing archive extraction resolver with network error'
[1A[2KLOG: 'Γ£à BDD: Verifying network error handling'
Chrome Headless 141.0.0.0 (Windows 10): Executed 147 of 493 SUCCESS (0 secs / 1.228 secs)
LOG: 'Γ£à BDD: Verifying network error handling'
[1A[2KChrome Headless 141.0.0.0 (Windows 10): Executed 148 of 493 SUCCESS (0 secs / 1.231 secs)
[1A[2KLOG: '≡ƒöº BDD: Setting up injection context test'
Chrome Headless 141.0.0.0 (Windows 10): Executed 148 of 493 SUCCESS (0 secs / 1.231 secs)
LOG: '≡ƒöº BDD: Setting up injection context test'
[1A[2KLOG: 'ΓÜÖ∩╕Å BDD: Creating resolver executor function'
Chrome Headless 141.0.0.0 (Windows 10): Executed 148 of 493 SUCCESS (0 secs / 1.231 secs)
LOG: 'ΓÜÖ∩╕Å BDD: Creating resolver executor function'
[1A[2KLOG: 'Γ£à BDD: Verifying resolver configuration'
Chrome Headless 141.0.0.0 (Windows 10): Executed 148 of 493 SUCCESS (0 secs / 1.231 secs)
LOG: 'Γ£à BDD: Verifying resolver configuration'
[1A[2KChrome Headless 141.0.0.0 (Windows 10): Executed 149 of 493 SUCCESS (0 secs / 1.231 secs)
[1A[2KLOG: '≡ƒöº BDD: Setting up resolver parameters test'
Chrome Headless 141.0.0.0 (Windows 10): Executed 149 of 493 SUCCESS (0 secs / 1.231 secs)
LOG: '≡ƒöº BDD: Setting up resolver parameters test'
[1A[2KLOG: 'ΓÜÖ∩╕Å BDD: Executing resolver with test parameters'
Chrome Headless 141.0.0.0 (Windows 10): Executed 149 of 493 SUCCESS (0 secs / 1.231 secs)
LOG: 'ΓÜÖ∩╕Å BDD: Executing resolver with test parameters'
[1A[2KLOG: 'Γ£à BDD: Verifying resolver execution with parameters'
Chrome Headless 141.0.0.0 (Windows 10): Executed 149 of 493 SUCCESS (0 secs / 1.231 secs)
LOG: 'Γ£à BDD: Verifying resolver execution with parameters'
[1A[2KChrome Headless 141.0.0.0 (Windows 10): Executed 150 of 493 SUCCESS (0 secs / 1.233 secs)
[1A[2KLOG: '≡ƒöº BDD: Setting up observable stream test for success'
Chrome Headless 141.0.0.0 (Windows 10): Executed 150 of 493 SUCCESS (0 secs / 1.233 secs)
LOG: '≡ƒöº BDD: Setting up observable stream test for success'
[1A[2KLOG: 'ΓÜÖ∩╕Å BDD: Executing resolver and subscribing to observable'
Chrome Headless 141.0.0.0 (Windows 10): Executed 150 of 493 SUCCESS (0 secs / 1.233 secs)
LOG: 'ΓÜÖ∩╕Å BDD: Executing resolver and subscribing to observable'
[1A[2KLOG: 'Γ£à BDD: Verifying observable stream value'
Chrome Headless 141.0.0.0 (Windows 10): Executed 150 of 493 SUCCESS (0 secs / 1.233 secs)
LOG: 'Γ£à BDD: Verifying observable stream value'
[1A[2KLOG: 'Γ£à BDD: Verifying observable stream completion'
Chrome Headless 141.0.0.0 (Windows 10): Executed 150 of 493 SUCCESS (0 secs / 1.233 secs)
LOG: 'Γ£à BDD: Verifying observable stream completion'
[1A[2KChrome Headless 141.0.0.0 (Windows 10): Executed 151 of 493 SUCCESS (0 secs / 1.236 secs)
[1A[2KLOG: '≡ƒöº BDD: Setting up observable stream test for failure'
Chrome Headless 141.0.0.0 (Windows 10): Executed 151 of 493 SUCCESS (0 secs / 1.236 secs)
LOG: '≡ƒöº BDD: Setting up observable stream test for failure'
[1A[2KLOG: 'ΓÜÖ∩╕Å BDD: Executing resolver and subscribing to observable'
Chrome Headless 141.0.0.0 (Windows 10): Executed 151 of 493 SUCCESS (0 secs / 1.236 secs)
LOG: 'ΓÜÖ∩╕Å BDD: Executing resolver and subscribing to observable'
[1A[2KLOG: 'Γ£à BDD: Verifying observable stream value on failure'
Chrome Headless 141.0.0.0 (Windows 10): Executed 151 of 493 SUCCESS (0 secs / 1.236 secs)
LOG: 'Γ£à BDD: Verifying observable stream value on failure'
[1A[2KLOG: 'Γ£à BDD: Verifying observable stream completion on failure'
Chrome Headless 141.0.0.0 (Windows 10): Executed 151 of 493 SUCCESS (0 secs / 1.236 secs)
LOG: 'Γ£à BDD: Verifying observable stream completion on failure'
[1A[2KChrome Headless 141.0.0.0 (Windows 10): Executed 152 of 493 SUCCESS (0 secs / 1.238 secs)
[1A[2KChrome Headless 141.0.0.0 (Windows 10): Executed 153 of 493 SUCCESS (0 secs / 1.249 secs)
[1A[2KLOG: '≡ƒöº BDD: Header component is created'
Chrome Headless 141.0.0.0 (Windows 10): Executed 153 of 493 SUCCESS (0 secs / 1.249 secs)
LOG: '≡ƒöº BDD: Header component is created'
[1A[2KLOG: 'ΓÜÖ∩╕Å BDD: Component initializes'
Chrome Headless 141.0.0.0 (Windows 10): Executed 153 of 493 SUCCESS (0 secs / 1.249 secs)
LOG: 'ΓÜÖ∩╕Å BDD: Component initializes'
[1A[2KLOG: 'Γ£à BDD: Header component renders successfully'
Chrome Headless 141.0.0.0 (Windows 10): Executed 153 of 493 SUCCESS (0 secs / 1.249 secs)
LOG: 'Γ£à BDD: Header component renders successfully'
[1A[2KChrome Headless 141.0.0.0 (Windows 10): Executed 154 of 493 SUCCESS (0 secs / 1.272 secs)
[1A[2KLOG: '≡ƒöº BDD: Header component renders'
Chrome Headless 141.0.0.0 (Windows 10): Executed 154 of 493 SUCCESS (0 secs / 1.272 secs)
LOG: '≡ƒöº BDD: Header component renders'
[1A[2KLOG: 'ΓÜÖ∩╕Å BDD: Component initializes'
Chrome Headless 141.0.0.0 (Windows 10): Executed 154 of 493 SUCCESS (0 secs / 1.272 secs)
LOG: 'ΓÜÖ∩╕Å BDD: Component initializes'
[1A[2KLOG: 'Γ£à BDD: Header displays app title'
Chrome Headless 141.0.0.0 (Windows 10): Executed 154 of 493 SUCCESS (0 secs / 1.272 secs)
LOG: 'Γ£à BDD: Header displays app title'
[1A[2KChrome Headless 141.0.0.0 (Windows 10): Executed 155 of 493 SUCCESS (0 secs / 1.281 secs)
[1A[2KLOG: '≡ƒöº BDD: Header renders'
Chrome Headless 141.0.0.0 (Windows 10): Executed 155 of 493 SUCCESS (0 secs / 1.281 secs)
LOG: '≡ƒöº BDD: Header renders'
[1A[2KLOG: 'ΓÜÖ∩╕Å BDD: Component initializes'
Chrome Headless 141.0.0.0 (Windows 10): Executed 155 of 493 SUCCESS (0 secs / 1.281 secs)
LOG: 'ΓÜÖ∩╕Å BDD: Component initializes'
[1A[2KLOG: 'Γ£à BDD: Header displays butterfly icon'
Chrome Headless 141.0.0.0 (Windows 10): Executed 155 of 493 SUCCESS (0 secs / 1.281 secs)
LOG: 'Γ£à BDD: Header displays butterfly icon'
[1A[2KChrome Headless 141.0.0.0 (Windows 10): Executed 156 of 493 SUCCESS (0 secs / 1.29 secs)
[1A[2KLOG: '≡ƒöº BDD: Header renders'
Chrome Headless 141.0.0.0 (Windows 10): Executed 156 of 493 SUCCESS (0 secs / 1.29 secs)
LOG: '≡ƒöº BDD: Header renders'
[1A[2KLOG: 'ΓÜÖ∩╕Å BDD: Component initializes'
Chrome Headless 141.0.0.0 (Windows 10): Executed 156 of 493 SUCCESS (0 secs / 1.29 secs)
LOG: 'ΓÜÖ∩╕Å BDD: Component initializes'
[1A[2KLOG: 'Γ£à BDD: Header has link to home page'
Chrome Headless 141.0.0.0 (Windows 10): Executed 156 of 493 SUCCESS (0 secs / 1.29 secs)
LOG: 'Γ£à BDD: Header has link to home page'
[1A[2KChrome Headless 141.0.0.0 (Windows 10): Executed 157 of 493 SUCCESS (0 secs / 1.3 secs)
[1A[2KLOG: '≡ƒöº BDD: Header renders'
Chrome Headless 141.0.0.0 (Windows 10): Executed 157 of 493 SUCCESS (0 secs / 1.3 secs)
LOG: '≡ƒöº BDD: Header renders'
[1A[2KLOG: 'ΓÜÖ∩╕Å BDD: Component initializes'
Chrome Headless 141.0.0.0 (Windows 10): Executed 157 of 493 SUCCESS (0 secs / 1.3 secs)
LOG: 'ΓÜÖ∩╕Å BDD: Component initializes'
[1A[2KLOG: 'Γ£à BDD: Header displays navigation menu'
Chrome Headless 141.0.0.0 (Windows 10): Executed 157 of 493 SUCCESS (0 secs / 1.3 secs)
LOG: 'Γ£à BDD: Header displays navigation menu'
[1A[2KChrome Headless 141.0.0.0 (Windows 10): Executed 158 of 493 SUCCESS (0 secs / 1.326 secs)
[1A[2KLOG: '≡ƒöº BDD: Navigation menu renders'
Chrome Headless 141.0.0.0 (Windows 10): Executed 158 of 493 SUCCESS (0 secs / 1.326 secs)
LOG: '≡ƒöº BDD: Navigation menu renders'
[1A[2KLOG: 'ΓÜÖ∩╕Å BDD: Component initializes'
Chrome Headless 141.0.0.0 (Windows 10): Executed 158 of 493 SUCCESS (0 secs / 1.326 secs)
LOG: 'ΓÜÖ∩╕Å BDD: Component initializes'
[1A[2KLOG: 'Γ£à BDD: Navigation menu contains navigation links'
Chrome Headless 141.0.0.0 (Windows 10): Executed 158 of 493 SUCCESS (0 secs / 1.326 secs)
LOG: 'Γ£à BDD: Navigation menu contains navigation links'
[1A[2KChrome Headless 141.0.0.0 (Windows 10): Executed 159 of 493 SUCCESS (0 secs / 1.335 secs)
[1A[2KLOG: '≡ƒöº BDD: Navigation links render'
Chrome Headless 141.0.0.0 (Windows 10): Executed 159 of 493 SUCCESS (0 secs / 1.335 secs)
LOG: '≡ƒöº BDD: Navigation links render'
[1A[2KLOG: 'ΓÜÖ∩╕Å BDD: Navigation links initialize'
Chrome Headless 141.0.0.0 (Windows 10): Executed 159 of 493 SUCCESS (0 secs / 1.335 secs)
LOG: 'ΓÜÖ∩╕Å BDD: Navigation links initialize'
[1A[2KLOG: 'Γ£à BDD: Navigation links have routerLink attributes'
Chrome Headless 141.0.0.0 (Windows 10): Executed 159 of 493 SUCCESS (0 secs / 1.335 secs)
LOG: 'Γ£à BDD: Navigation links have routerLink attributes'
[1A[2KChrome Headless 141.0.0.0 (Windows 10): Executed 160 of 493 SUCCESS (0 secs / 1.347 secs)
[1A[2KLOG: '≡ƒöº BDD: Navigation links render'
Chrome Headless 141.0.0.0 (Windows 10): Executed 160 of 493 SUCCESS (0 secs / 1.347 secs)
LOG: '≡ƒöº BDD: Navigation links render'
[1A[2KLOG: 'ΓÜÖ∩╕Å BDD: Navigation links initialize'
Chrome Headless 141.0.0.0 (Windows 10): Executed 160 of 493 SUCCESS (0 secs / 1.347 secs)
LOG: 'ΓÜÖ∩╕Å BDD: Navigation links initialize'
[1A[2KLOG: 'Γ£à BDD: Navigation links have routerLinkActive attributes'
Chrome Headless 141.0.0.0 (Windows 10): Executed 160 of 493 SUCCESS (0 secs / 1.347 secs)
LOG: 'Γ£à BDD: Navigation links have routerLinkActive attributes'
[1A[2KChrome Headless 141.0.0.0 (Windows 10): Executed 161 of 493 SUCCESS (0 secs / 1.359 secs)
[1A[2KLOG: '≡ƒöº BDD: Navigation links render'
Chrome Headless 141.0.0.0 (Windows 10): Executed 161 of 493 SUCCESS (0 secs / 1.359 secs)
LOG: '≡ƒöº BDD: Navigation links render'
[1A[2KLOG: 'ΓÜÖ∩╕Å BDD: Navigation links initialize'
Chrome Headless 141.0.0.0 (Windows 10): Executed 161 of 493 SUCCESS (0 secs / 1.359 secs)
LOG: 'ΓÜÖ∩╕Å BDD: Navigation links initialize'
[1A[2KLOG: 'Γ£à BDD: Navigation links have proper href values'
Chrome Headless 141.0.0.0 (Windows 10): Executed 161 of 493 SUCCESS (0 secs / 1.359 secs)
LOG: 'Γ£à BDD: Navigation links have proper href values'
[1A[2KChrome Headless 141.0.0.0 (Windows 10): Executed 162 of 493 SUCCESS (0 secs / 1.373 secs)
[1A[2KLOG: '≡ƒöº BDD: Navigation links render'
Chrome Headless 141.0.0.0 (Windows 10): Executed 162 of 493 SUCCESS (0 secs / 1.373 secs)
LOG: '≡ƒöº BDD: Navigation links render'
[1A[2KLOG: 'ΓÜÖ∩╕Å BDD: Navigation links initialize'
Chrome Headless 141.0.0.0 (Windows 10): Executed 162 of 493 SUCCESS (0 secs / 1.373 secs)
LOG: 'ΓÜÖ∩╕Å BDD: Navigation links initialize'
[1A[2KLOG: 'Γ£à BDD: Navigation links have expected route paths'
Chrome Headless 141.0.0.0 (Windows 10): Executed 162 of 493 SUCCESS (0 secs / 1.373 secs)
LOG: 'Γ£à BDD: Navigation links have expected route paths'
[1A[2KChrome Headless 141.0.0.0 (Windows 10): Executed 163 of 493 SUCCESS (0 secs / 1.381 secs)
[1A[2KLOG: '≡ƒöº BDD: Header renders'
Chrome Headless 141.0.0.0 (Windows 10): Executed 163 of 493 SUCCESS (0 secs / 1.381 secs)
LOG: '≡ƒöº BDD: Header renders'
[1A[2KLOG: 'ΓÜÖ∩╕Å BDD: Displaying navigation links'
Chrome Headless 141.0.0.0 (Windows 10): Executed 163 of 493 SUCCESS (0 secs / 1.381 secs)
LOG: 'ΓÜÖ∩╕Å BDD: Displaying navigation links'
[1A[2KLOG: 'Γ£à BDD: Header includes Home link'
Chrome Headless 141.0.0.0 (Windows 10): Executed 163 of 493 SUCCESS (0 secs / 1.381 secs)
LOG: 'Γ£à BDD: Header includes Home link'
[1A[2KChrome Headless 141.0.0.0 (Windows 10): Executed 164 of 493 SUCCESS (0 secs / 1.392 secs)
[1A[2KLOG: '≡ƒöº BDD: Header renders'
Chrome Headless 141.0.0.0 (Windows 10): Executed 164 of 493 SUCCESS (0 secs / 1.392 secs)
LOG: '≡ƒöº BDD: Header renders'
[1A[2KLOG: 'ΓÜÖ∩╕Å BDD: Displaying navigation links'
Chrome Headless 141.0.0.0 (Windows 10): Executed 164 of 493 SUCCESS (0 secs / 1.392 secs)
LOG: 'ΓÜÖ∩╕Å BDD: Displaying navigation links'
[1A[2KLOG: 'Γ£à BDD: Header includes Help link'
Chrome Headless 141.0.0.0 (Windows 10): Executed 164 of 493 SUCCESS (0 secs / 1.392 secs)
LOG: 'Γ£à BDD: Header includes Help link'
[1A[2KChrome Headless 141.0.0.0 (Windows 10): Executed 165 of 493 SUCCESS (0 secs / 1.402 secs)
[1A[2KLOG: '≡ƒöº BDD: Header renders'
Chrome Headless 141.0.0.0 (Windows 10): Executed 165 of 493 SUCCESS (0 secs / 1.402 secs)
LOG: '≡ƒöº BDD: Header renders'
[1A[2KLOG: 'ΓÜÖ∩╕Å BDD: Displaying navigation links'
Chrome Headless 141.0.0.0 (Windows 10): Executed 165 of 493 SUCCESS (0 secs / 1.402 secs)
LOG: 'ΓÜÖ∩╕Å BDD: Displaying navigation links'
[1A[2KLOG: 'Γ£à BDD: Header includes Licenses link'
Chrome Headless 141.0.0.0 (Windows 10): Executed 165 of 493 SUCCESS (0 secs / 1.402 secs)
LOG: 'Γ£à BDD: Header includes Licenses link'
[1A[2KChrome Headless 141.0.0.0 (Windows 10): Executed 166 of 493 SUCCESS (0 secs / 1.41 secs)
[1A[2KLOG: '≡ƒöº BDD: Licenses link renders'
Chrome Headless 141.0.0.0 (Windows 10): Executed 166 of 493 SUCCESS (0 secs / 1.41 secs)
LOG: '≡ƒöº BDD: Licenses link renders'
[1A[2KLOG: 'ΓÜÖ∩╕Å BDD: Licenses link initializes'
Chrome Headless 141.0.0.0 (Windows 10): Executed 166 of 493 SUCCESS (0 secs / 1.41 secs)
LOG: 'ΓÜÖ∩╕Å BDD: Licenses link initializes'
[1A[2KLOG: 'Γ£à BDD: Licenses link displays favorite icon'
Chrome Headless 141.0.0.0 (Windows 10): Executed 166 of 493 SUCCESS (0 secs / 1.41 secs)
LOG: 'Γ£à BDD: Licenses link displays favorite icon'
[1A[2KChrome Headless 141.0.0.0 (Windows 10): Executed 167 of 493 SUCCESS (0 secs / 1.419 secs)
[1A[2KLOG: '≡ƒöº BDD: Header renders'
Chrome Headless 141.0.0.0 (Windows 10): Executed 167 of 493 SUCCESS (0 secs / 1.419 secs)
LOG: '≡ƒöº BDD: Header renders'
[1A[2KLOG: 'ΓÜÖ∩╕Å BDD: Component initializes'
Chrome Headless 141.0.0.0 (Windows 10): Executed 167 of 493 SUCCESS (0 secs / 1.419 secs)
LOG: 'ΓÜÖ∩╕Å BDD: Component initializes'
[1A[2KLOG: 'Γ£à BDD: Header contains theme toggle component'
Chrome Headless 141.0.0.0 (Windows 10): Executed 167 of 493 SUCCESS (0 secs / 1.419 secs)
LOG: 'Γ£à BDD: Header contains theme toggle component'
[1A[2KChrome Headless 141.0.0.0 (Windows 10): Executed 168 of 493 SUCCESS (0 secs / 1.426 secs)
[1A[2KLOG: '≡ƒöº BDD: Header renders'
Chrome Headless 141.0.0.0 (Windows 10): Executed 168 of 493 SUCCESS (0 secs / 1.426 secs)
LOG: '≡ƒöº BDD: Header renders'
[1A[2KLOG: 'ΓÜÖ∩╕Å BDD: Component initializes'
Chrome Headless 141.0.0.0 (Windows 10): Executed 168 of 493 SUCCESS (0 secs / 1.426 secs)
LOG: 'ΓÜÖ∩╕Å BDD: Component initializes'
[1A[2KLOG: 'Γ£à BDD: Theme toggle is in header right section'
Chrome Headless 141.0.0.0 (Windows 10): Executed 168 of 493 SUCCESS (0 secs / 1.426 secs)
LOG: 'Γ£à BDD: Theme toggle is in header right section'
[1A[2KChrome Headless 141.0.0.0 (Windows 10): Executed 169 of 493 SUCCESS (0 secs / 1.434 secs)
[1A[2KLOG: '≡ƒöº BDD: Header renders'
Chrome Headless 141.0.0.0 (Windows 10): Executed 169 of 493 SUCCESS (0 secs / 1.434 secs)
LOG: '≡ƒöº BDD: Header renders'
[1A[2KLOG: 'ΓÜÖ∩╕Å BDD: Component initializes'
Chrome Headless 141.0.0.0 (Windows 10): Executed 169 of 493 SUCCESS (0 secs / 1.434 secs)
LOG: 'ΓÜÖ∩╕Å BDD: Component initializes'
[1A[2KLOG: 'Γ£à BDD: Header has correct structure'
Chrome Headless 141.0.0.0 (Windows 10): Executed 169 of 493 SUCCESS (0 secs / 1.434 secs)
LOG: 'Γ£à BDD: Header has correct structure'
[1A[2KChrome Headless 141.0.0.0 (Windows 10): Executed 170 of 493 SUCCESS (0 secs / 1.441 secs)
[1A[2KLOG: '≡ƒöº BDD: Header renders'
Chrome Headless 141.0.0.0 (Windows 10): Executed 170 of 493 SUCCESS (0 secs / 1.441 secs)
LOG: '≡ƒöº BDD: Header renders'
[1A[2KLOG: 'ΓÜÖ∩╕Å BDD: Component initializes'
Chrome Headless 141.0.0.0 (Windows 10): Executed 170 of 493 SUCCESS (0 secs / 1.441 secs)
LOG: 'ΓÜÖ∩╕Å BDD: Component initializes'
[1A[2KLOG: 'Γ£à BDD: Header has correct CSS classes'
Chrome Headless 141.0.0.0 (Windows 10): Executed 170 of 493 SUCCESS (0 secs / 1.441 secs)
LOG: 'Γ£à BDD: Header has correct CSS classes'
[1A[2KChrome Headless 141.0.0.0 (Windows 10): Executed 171 of 493 SUCCESS (0 secs / 1.446 secs)
[1A[2KLOG: '≡ƒöº BDD: Header renders'
Chrome Headless 141.0.0.0 (Windows 10): Executed 171 of 493 SUCCESS (0 secs / 1.446 secs)
LOG: '≡ƒöº BDD: Header renders'
[1A[2KLOG: 'ΓÜÖ∩╕Å BDD: Component initializes'
Chrome Headless 141.0.0.0 (Windows 10): Executed 171 of 493 SUCCESS (0 secs / 1.446 secs)
LOG: 'ΓÜÖ∩╕Å BDD: Component initializes'
[1A[2KLOG: 'Γ£à BDD: Header has responsive CSS classes'
Chrome Headless 141.0.0.0 (Windows 10): Executed 171 of 493 SUCCESS (0 secs / 1.446 secs)
LOG: 'Γ£à BDD: Header has responsive CSS classes'
[1A[2KChrome Headless 141.0.0.0 (Windows 10): Executed 172 of 493 SUCCESS (0 secs / 1.453 secs)
[1A[2KChrome Headless 141.0.0.0 (Windows 10): Executed 173 of 493 SUCCESS (0 secs / 1.458 secs)
[1A[2KChrome Headless 141.0.0.0 (Windows 10): Executed 174 of 493 SUCCESS (0 secs / 1.463 secs)
[1A[2KChrome Headless 141.0.0.0 (Windows 10): Executed 175 of 493 SUCCESS (0 secs / 1.468 secs)
[1A[2KChrome Headless 141.0.0.0 (Windows 10): Executed 176 of 493 SUCCESS (0 secs / 1.472 secs)
[1A[2KChrome Headless 141.0.0.0 (Windows 10): Executed 177 of 493 SUCCESS (0 secs / 1.476 secs)
[1A[2KLOG: '≡ƒöº BDD: Setting up dialog component initialization'
Chrome Headless 141.0.0.0 (Windows 10): Executed 177 of 493 SUCCESS (0 secs / 1.476 secs)
LOG: '≡ƒöº BDD: Setting up dialog component initialization'
[1A[2KLOG: 'ΓÜÖ∩╕Å BDD: Rendering dialog component'
Chrome Headless 141.0.0.0 (Windows 10): Executed 177 of 493 SUCCESS (0 secs / 1.476 secs)
LOG: 'ΓÜÖ∩╕Å BDD: Rendering dialog component'
[1A[2KLOG: 'Γ£à BDD: Verifying dialog component initialization'
Chrome Headless 141.0.0.0 (Windows 10): Executed 177 of 493 SUCCESS (0 secs / 1.476 secs)
LOG: 'Γ£à BDD: Verifying dialog component initialization'
[1A[2KChrome Headless 141.0.0.0 (Windows 10): Executed 178 of 493 SUCCESS (0 secs / 1.49 secs)
[1A[2KLOG: '≡ƒöº BDD: Setting up dialog with injected data'
Chrome Headless 141.0.0.0 (Windows 10): Executed 178 of 493 SUCCESS (0 secs / 1.49 secs)
LOG: '≡ƒöº BDD: Setting up dialog with injected data'
[1A[2KLOG: 'ΓÜÖ∩╕Å BDD: Accessing dialog data'
Chrome Headless 141.0.0.0 (Windows 10): Executed 178 of 493 SUCCESS (0 secs / 1.49 secs)
LOG: 'ΓÜÖ∩╕Å BDD: Accessing dialog data'
[1A[2KLOG: 'Γ£à BDD: Verifying dialog data accessibility'
Chrome Headless 141.0.0.0 (Windows 10): Executed 178 of 493 SUCCESS (0 secs / 1.49 secs)
LOG: 'Γ£à BDD: Verifying dialog data accessibility'
[1A[2KChrome Headless 141.0.0.0 (Windows 10): Executed 179 of 493 SUCCESS (0 secs / 1.496 secs)
[1A[2KLOG: '≡ƒöº BDD: Setting up open dialog for close action'
Chrome Headless 141.0.0.0 (Windows 10): Executed 179 of 493 SUCCESS (0 secs / 1.496 secs)
LOG: '≡ƒöº BDD: Setting up open dialog for close action'
[1A[2KLOG: 'ΓÜÖ∩╕Å BDD: User calls dialog close method'
Chrome Headless 141.0.0.0 (Windows 10): Executed 179 of 493 SUCCESS (0 secs / 1.496 secs)
LOG: 'ΓÜÖ∩╕Å BDD: User calls dialog close method'
[1A[2KLOG: 'Γ£à BDD: Verifying dialog is closed via dialogRef'
Chrome Headless 141.0.0.0 (Windows 10): Executed 179 of 493 SUCCESS (0 secs / 1.496 secs)
LOG: 'Γ£à BDD: Verifying dialog is closed via dialogRef'
[1A[2KChrome Headless 141.0.0.0 (Windows 10): Executed 180 of 493 SUCCESS (0 secs / 1.501 secs)
[1A[2KLOG: '≡ƒöº BDD: Setting up dialog with close button in template'
Chrome Headless 141.0.0.0 (Windows 10): Executed 180 of 493 SUCCESS (0 secs / 1.501 secs)
LOG: '≡ƒöº BDD: Setting up dialog with close button in template'
[1A[2KLOG: 'ΓÜÖ∩╕Å BDD: User clicks close button in dialog'
Chrome Headless 141.0.0.0 (Windows 10): Executed 180 of 493 SUCCESS (0 secs / 1.501 secs)
LOG: 'ΓÜÖ∩╕Å BDD: User clicks close button in dialog'
[1A[2KLOG: 'Γ£à BDD: Verifying dialog closes when close button is clicked'
Chrome Headless 141.0.0.0 (Windows 10): Executed 180 of 493 SUCCESS (0 secs / 1.501 secs)
LOG: 'Γ£à BDD: Verifying dialog closes when close button is clicked'
[1A[2KChrome Headless 141.0.0.0 (Windows 10): Executed 181 of 493 SUCCESS (0 secs / 1.507 secs)
[1A[2KLOG: '≡ƒöº BDD: Setting up dialog service dependencies'
Chrome Headless 141.0.0.0 (Windows 10): Executed 181 of 493 SUCCESS (0 secs / 1.507 secs)
LOG: '≡ƒöº BDD: Setting up dialog service dependencies'
[1A[2KLOG: 'ΓÜÖ∩╕Å BDD: Accessing injected dialog services'
Chrome Headless 141.0.0.0 (Windows 10): Executed 181 of 493 SUCCESS (0 secs / 1.507 secs)
LOG: 'ΓÜÖ∩╕Å BDD: Accessing injected dialog services'
[1A[2KLOG: 'Γ£à BDD: Verifying service injection in dialog component'
Chrome Headless 141.0.0.0 (Windows 10): Executed 181 of 493 SUCCESS (0 secs / 1.507 secs)
LOG: 'Γ£à BDD: Verifying service injection in dialog component'
[1A[2KChrome Headless 141.0.0.0 (Windows 10): Executed 182 of 493 SUCCESS (0 secs / 1.513 secs)
[1A[2KLOG: '≡ƒöº BDD: Setting up dialog component template rendering'
Chrome Headless 141.0.0.0 (Windows 10): Executed 182 of 493 SUCCESS (0 secs / 1.513 secs)
LOG: '≡ƒöº BDD: Setting up dialog component template rendering'
[1A[2KLOG: 'ΓÜÖ∩╕Å BDD: Rendering dialog template'
Chrome Headless 141.0.0.0 (Windows 10): Executed 182 of 493 SUCCESS (0 secs / 1.513 secs)
LOG: 'ΓÜÖ∩╕Å BDD: Rendering dialog template'
[1A[2KLOG: 'Γ£à BDD: Verifying dialog template renders correctly'
Chrome Headless 141.0.0.0 (Windows 10): Executed 182 of 493 SUCCESS (0 secs / 1.513 secs)
LOG: 'Γ£à BDD: Verifying dialog template renders correctly'
[1A[2KChrome Headless 141.0.0.0 (Windows 10): Executed 183 of 493 SUCCESS (0 secs / 1.518 secs)
[1A[2KLOG: '≡ƒöº BDD: Setting up component lifecycle testing'
Chrome Headless 141.0.0.0 (Windows 10): Executed 183 of 493 SUCCESS (0 secs / 1.518 secs)
LOG: '≡ƒöº BDD: Setting up component lifecycle testing'
[1A[2KLOG: 'ΓÜÖ∩╕Å BDD: Component executing lifecycle methods'
Chrome Headless 141.0.0.0 (Windows 10): Executed 183 of 493 SUCCESS (0 secs / 1.518 secs)
LOG: 'ΓÜÖ∩╕Å BDD: Component executing lifecycle methods'
[1A[2KLOG: 'Γ£à BDD: Verifying component lifecycle handling'
Chrome Headless 141.0.0.0 (Windows 10): Executed 183 of 493 SUCCESS (0 secs / 1.518 secs)
LOG: 'Γ£à BDD: Verifying component lifecycle handling'
[1A[2KChrome Headless 141.0.0.0 (Windows 10): Executed 184 of 493 SUCCESS (0 secs / 1.524 secs)
[1A[2KLOG: '≡ƒöº BDD: Setting up dialog with potential null data scenario'
Chrome Headless 141.0.0.0 (Windows 10): Executed 184 of 493 SUCCESS (0 secs / 1.524 secs)
LOG: '≡ƒöº BDD: Setting up dialog with potential null data scenario'
[1A[2KLOG: 'ΓÜÖ∩╕Å BDD: Component accessing potentially null data'
Chrome Headless 141.0.0.0 (Windows 10): Executed 184 of 493 SUCCESS (0 secs / 1.524 secs)
LOG: 'ΓÜÖ∩╕Å BDD: Component accessing potentially null data'
[1A[2KLOG: 'Γ£à BDD: Verifying graceful handling of edge case data'
Chrome Headless 141.0.0.0 (Windows 10): Executed 184 of 493 SUCCESS (0 secs / 1.524 secs)
LOG: 'Γ£à BDD: Verifying graceful handling of edge case data'
[1A[2KChrome Headless 141.0.0.0 (Windows 10): Executed 185 of 493 SUCCESS (0 secs / 1.528 secs)
[1A[2KChrome Headless 141.0.0.0 (Windows 10): Executed 186 of 493 SUCCESS (0 secs / 1.564 secs)
13 10 2025 20:30:32.868:WARN [web-server]: 404: /media/meta%20export%20email%20image.png
13 10 2025 20:30:32.873:WARN [web-server]: 404: /media/Flock%20Insta%20Export%20Archive.mp4
[1A[2KChrome Headless 141.0.0.0 (Windows 10): Executed 187 of 493 SUCCESS (0 secs / 1.584 secs)
13 10 2025 20:30:32.896:WARN [web-server]: 404: /media/Flock%20Insta%20Export%20Archive.mp4
[1A[2KChrome Headless 141.0.0.0 (Windows 10): Executed 188 of 493 SUCCESS (0 secs / 1.6 secs)
13 10 2025 20:30:32.913:WARN [web-server]: 404: /media/meta%20export%20email%20image.png
13 10 2025 20:30:32.915:WARN [web-server]: 404: /media/Flock%20Insta%20Export%20Archive.mp4
[1A[2KChrome Headless 141.0.0.0 (Windows 10): Executed 189 of 493 SUCCESS (0 secs / 1.614 secs)
13 10 2025 20:30:32.934:WARN [web-server]: 404: /media/meta%20export%20email%20image.png
13 10 2025 20:30:32.937:WARN [web-server]: 404: /media/Flock%20Insta%20Export%20Archive.mp4
[1A[2KChrome Headless 141.0.0.0 (Windows 10): Executed 190 of 493 SUCCESS (0 secs / 1.623 secs)
13 10 2025 20:30:32.946:WARN [web-server]: 404: /media/meta%20export%20email%20image.png
13 10 2025 20:30:32.949:WARN [web-server]: 404: /media/Flock%20Insta%20Export%20Archive.mp4
[1A[2KChrome Headless 141.0.0.0 (Windows 10): Executed 191 of 493 SUCCESS (0 secs / 1.633 secs)
13 10 2025 20:30:32.960:WARN [web-server]: 404: /media/meta%20export%20email%20image.png
13 10 2025 20:30:32.960:WARN [web-server]: 404: /media/Flock%20Insta%20Export%20Archive.mp4
[1A[2KChrome Headless 141.0.0.0 (Windows 10): Executed 192 of 493 SUCCESS (0 secs / 1.655 secs)
13 10 2025 20:30:32.986:WARN [web-server]: 404: /media/meta%20export%20email%20image.png
13 10 2025 20:30:32.987:WARN [web-server]: 404: /media/Flock%20Insta%20Export%20Archive.mp4
[1A[2KChrome Headless 141.0.0.0 (Windows 10): Executed 193 of 493 SUCCESS (0 secs / 1.665 secs)
13 10 2025 20:30:33.001:WARN [web-server]: 404: /media/meta%20export%20email%20image.png
13 10 2025 20:30:33.002:WARN [web-server]: 404: /media/Flock%20Insta%20Export%20Archive.mp4
[1A[2KChrome Headless 141.0.0.0 (Windows 10): Executed 194 of 493 SUCCESS (0 secs / 1.667 secs)
[1A[2KLOG: '≡ƒöº BDD: Landing page component is created'
Chrome Headless 141.0.0.0 (Windows 10): Executed 194 of 493 SUCCESS (0 secs / 1.667 secs)
LOG: '≡ƒöº BDD: Landing page component is created'
[1A[2KLOG: 'ΓÜÖ∩╕Å BDD: Component initializes'
Chrome Headless 141.0.0.0 (Windows 10): Executed 194 of 493 SUCCESS (0 secs / 1.667 secs)
LOG: 'ΓÜÖ∩╕Å BDD: Component initializes'
[1A[2KLOG: 'Γ£à BDD: Landing page component renders successfully'
Chrome Headless 141.0.0.0 (Windows 10): Executed 194 of 493 SUCCESS (0 secs / 1.667 secs)
LOG: 'Γ£à BDD: Landing page component renders successfully'
[1A[2KChrome Headless 141.0.0.0 (Windows 10): Executed 195 of 493 SUCCESS (0 secs / 1.693 secs)
[1A[2KLOG: '≡ƒöº BDD: Landing page component renders'
Chrome Headless 141.0.0.0 (Windows 10): Executed 195 of 493 SUCCESS (0 secs / 1.693 secs)
LOG: '≡ƒöº BDD: Landing page component renders'
[1A[2KLOG: 'ΓÜÖ∩╕Å BDD: Component initializes'
Chrome Headless 141.0.0.0 (Windows 10): Executed 195 of 493 SUCCESS (0 secs / 1.693 secs)
LOG: 'ΓÜÖ∩╕Å BDD: Component initializes'
[1A[2KLOG: 'Γ£à BDD: Landing page displays main content'
Chrome Headless 141.0.0.0 (Windows 10): Executed 195 of 493 SUCCESS (0 secs / 1.693 secs)
LOG: 'Γ£à BDD: Landing page displays main content'
[1A[2KChrome Headless 141.0.0.0 (Windows 10): Executed 196 of 493 SUCCESS (0 secs / 1.7 secs)
[1A[2KLOG: '≡ƒöº BDD: Component renders'
Chrome Headless 141.0.0.0 (Windows 10): Executed 196 of 493 SUCCESS (0 secs / 1.7 secs)
LOG: '≡ƒöº BDD: Component renders'
[1A[2KLOG: 'ΓÜÖ∩╕Å BDD: Component initializes'
Chrome Headless 141.0.0.0 (Windows 10): Executed 196 of 493 SUCCESS (0 secs / 1.7 secs)
LOG: 'ΓÜÖ∩╕Å BDD: Component initializes'
[1A[2KLOG: 'Γ£à BDD: Component displays hero section'
Chrome Headless 141.0.0.0 (Windows 10): Executed 196 of 493 SUCCESS (0 secs / 1.7 secs)
LOG: 'Γ£à BDD: Component displays hero section'
[1A[2KChrome Headless 141.0.0.0 (Windows 10): Executed 197 of 493 SUCCESS (0 secs / 1.707 secs)
[1A[2KLOG: '≡ƒöº BDD: Component renders'
Chrome Headless 141.0.0.0 (Windows 10): Executed 197 of 493 SUCCESS (0 secs / 1.707 secs)
LOG: '≡ƒöº BDD: Component renders'
[1A[2KLOG: 'ΓÜÖ∩╕Å BDD: Component initializes'
Chrome Headless 141.0.0.0 (Windows 10): Executed 197 of 493 SUCCESS (0 secs / 1.707 secs)
LOG: 'ΓÜÖ∩╕Å BDD: Component initializes'
[1A[2KLOG: 'Γ£à BDD: Component displays main heading'
Chrome Headless 141.0.0.0 (Windows 10): Executed 197 of 493 SUCCESS (0 secs / 1.707 secs)
LOG: 'Γ£à BDD: Component displays main heading'
[1A[2KChrome Headless 141.0.0.0 (Windows 10): Executed 198 of 493 SUCCESS (0 secs / 1.713 secs)
[1A[2KLOG: '≡ƒöº BDD: Component renders'
Chrome Headless 141.0.0.0 (Windows 10): Executed 198 of 493 SUCCESS (0 secs / 1.713 secs)
LOG: '≡ƒöº BDD: Component renders'
[1A[2KLOG: 'ΓÜÖ∩╕Å BDD: Component initializes'
Chrome Headless 141.0.0.0 (Windows 10): Executed 198 of 493 SUCCESS (0 secs / 1.713 secs)
LOG: 'ΓÜÖ∩╕Å BDD: Component initializes'
[1A[2KLOG: 'Γ£à BDD: Component displays hero description'
Chrome Headless 141.0.0.0 (Windows 10): Executed 198 of 493 SUCCESS (0 secs / 1.713 secs)
LOG: 'Γ£à BDD: Component displays hero description'
[1A[2KChrome Headless 141.0.0.0 (Windows 10): Executed 199 of 493 SUCCESS (0 secs / 1.72 secs)
[1A[2KLOG: '≡ƒöº BDD: Component renders'
Chrome Headless 141.0.0.0 (Windows 10): Executed 199 of 493 SUCCESS (0 secs / 1.72 secs)
LOG: '≡ƒöº BDD: Component renders'
[1A[2KLOG: 'ΓÜÖ∩╕Å BDD: Component initializes'
Chrome Headless 141.0.0.0 (Windows 10): Executed 199 of 493 SUCCESS (0 secs / 1.72 secs)
LOG: 'ΓÜÖ∩╕Å BDD: Component initializes'
[1A[2KLOG: 'Γ£à BDD: Component displays Get Started button'
Chrome Headless 141.0.0.0 (Windows 10): Executed 199 of 493 SUCCESS (0 secs / 1.72 secs)
LOG: 'Γ£à BDD: Component displays Get Started button'
[1A[2KChrome Headless 141.0.0.0 (Windows 10): Executed 200 of 493 SUCCESS (0 secs / 1.726 secs)
[1A[2KLOG: '≡ƒöº BDD: Component renders'
Chrome Headless 141.0.0.0 (Windows 10): Executed 200 of 493 SUCCESS (0 secs / 1.726 secs)
LOG: '≡ƒöº BDD: Component renders'
[1A[2KLOG: 'ΓÜÖ∩╕Å BDD: Component initializes'
Chrome Headless 141.0.0.0 (Windows 10): Executed 200 of 493 SUCCESS (0 secs / 1.726 secs)
LOG: 'ΓÜÖ∩╕Å BDD: Component initializes'
[1A[2KLOG: 'Γ£à BDD: Get Started button links to upload step'
Chrome Headless 141.0.0.0 (Windows 10): Executed 200 of 493 SUCCESS (0 secs / 1.726 secs)
LOG: 'Γ£à BDD: Get Started button links to upload step'
[1A[2KChrome Headless 141.0.0.0 (Windows 10): Executed 201 of 493 SUCCESS (0 secs / 1.733 secs)
[1A[2KLOG: '≡ƒöº BDD: Component renders'
Chrome Headless 141.0.0.0 (Windows 10): Executed 201 of 493 SUCCESS (0 secs / 1.733 secs)
LOG: '≡ƒöº BDD: Component renders'
[1A[2KLOG: 'ΓÜÖ∩╕Å BDD: Component initializes'
Chrome Headless 141.0.0.0 (Windows 10): Executed 201 of 493 SUCCESS (0 secs / 1.733 secs)
LOG: 'ΓÜÖ∩╕Å BDD: Component initializes'
[1A[2KLOG: 'Γ£à BDD: Component displays Learn More button'
Chrome Headless 141.0.0.0 (Windows 10): Executed 201 of 493 SUCCESS (0 secs / 1.733 secs)
LOG: 'Γ£à BDD: Component displays Learn More button'
[1A[2KChrome Headless 141.0.0.0 (Windows 10): Executed 202 of 493 SUCCESS (0 secs / 1.742 secs)
[1A[2KLOG: '≡ƒöº BDD: Component renders'
Chrome Headless 141.0.0.0 (Windows 10): Executed 202 of 493 SUCCESS (0 secs / 1.742 secs)
LOG: '≡ƒöº BDD: Component renders'
[1A[2KLOG: 'ΓÜÖ∩╕Å BDD: Component initializes'
Chrome Headless 141.0.0.0 (Windows 10): Executed 202 of 493 SUCCESS (0 secs / 1.742 secs)
LOG: 'ΓÜÖ∩╕Å BDD: Component initializes'
[1A[2KLOG: 'Γ£à BDD: Component displays step navigation'
Chrome Headless 141.0.0.0 (Windows 10): Executed 202 of 493 SUCCESS (0 secs / 1.742 secs)
LOG: 'Γ£à BDD: Component displays step navigation'
[1A[2KChrome Headless 141.0.0.0 (Windows 10): Executed 203 of 493 SUCCESS (0 secs / 1.751 secs)
[1A[2KLOG: '≡ƒöº BDD: Component renders'
Chrome Headless 141.0.0.0 (Windows 10): Executed 203 of 493 SUCCESS (0 secs / 1.751 secs)
LOG: '≡ƒöº BDD: Component renders'
[1A[2KLOG: 'ΓÜÖ∩╕Å BDD: Component initializes'
Chrome Headless 141.0.0.0 (Windows 10): Executed 203 of 493 SUCCESS (0 secs / 1.751 secs)
LOG: 'ΓÜÖ∩╕Å BDD: Component initializes'
[1A[2KLOG: 'Γ£à BDD: Step navigation is properly positioned'
Chrome Headless 141.0.0.0 (Windows 10): Executed 203 of 493 SUCCESS (0 secs / 1.751 secs)
LOG: 'Γ£à BDD: Step navigation is properly positioned'
[1A[2KChrome Headless 141.0.0.0 (Windows 10): Executed 204 of 493 SUCCESS (0 secs / 1.756 secs)
[1A[2KLOG: '≡ƒöº BDD: Component renders'
Chrome Headless 141.0.0.0 (Windows 10): Executed 204 of 493 SUCCESS (0 secs / 1.756 secs)
LOG: '≡ƒöº BDD: Component renders'
[1A[2KLOG: 'ΓÜÖ∩╕Å BDD: Component initializes'
Chrome Headless 141.0.0.0 (Windows 10): Executed 204 of 493 SUCCESS (0 secs / 1.756 secs)
LOG: 'ΓÜÖ∩╕Å BDD: Component initializes'
[1A[2KLOG: 'Γ£à BDD: Component displays features section'
Chrome Headless 141.0.0.0 (Windows 10): Executed 204 of 493 SUCCESS (0 secs / 1.756 secs)
LOG: 'Γ£à BDD: Component displays features section'
[1A[2KChrome Headless 141.0.0.0 (Windows 10): Executed 205 of 493 SUCCESS (0 secs / 1.764 secs)
[1A[2KLOG: '≡ƒöº BDD: Component renders'
Chrome Headless 141.0.0.0 (Windows 10): Executed 205 of 493 SUCCESS (0 secs / 1.764 secs)
LOG: '≡ƒöº BDD: Component renders'
[1A[2KLOG: 'ΓÜÖ∩╕Å BDD: Component initializes'
Chrome Headless 141.0.0.0 (Windows 10): Executed 205 of 493 SUCCESS (0 secs / 1.764 secs)
LOG: 'ΓÜÖ∩╕Å BDD: Component initializes'
[1A[2KLOG: 'Γ£à BDD: Component displays feature cards'
Chrome Headless 141.0.0.0 (Windows 10): Executed 205 of 493 SUCCESS (0 secs / 1.764 secs)
LOG: 'Γ£à BDD: Component displays feature cards'
[1A[2KChrome Headless 141.0.0.0 (Windows 10): Executed 206 of 493 SUCCESS (0 secs / 1.769 secs)
[1A[2KLOG: '≡ƒöº BDD: Component renders'
Chrome Headless 141.0.0.0 (Windows 10): Executed 206 of 493 SUCCESS (0 secs / 1.769 secs)
LOG: '≡ƒöº BDD: Component renders'
[1A[2KLOG: 'ΓÜÖ∩╕Å BDD: Component initializes'
Chrome Headless 141.0.0.0 (Windows 10): Executed 206 of 493 SUCCESS (0 secs / 1.769 secs)
LOG: 'ΓÜÖ∩╕Å BDD: Component initializes'
[1A[2KLOG: 'Γ£à BDD: Component displays Secure & Private feature'
Chrome Headless 141.0.0.0 (Windows 10): Executed 206 of 493 SUCCESS (0 secs / 1.769 secs)
LOG: 'Γ£à BDD: Component displays Secure & Private feature'
[1A[2KChrome Headless 141.0.0.0 (Windows 10): Executed 207 of 493 SUCCESS (0 secs / 1.776 secs)
[1A[2KLOG: '≡ƒöº BDD: Component renders'
Chrome Headless 141.0.0.0 (Windows 10): Executed 207 of 493 SUCCESS (0 secs / 1.776 secs)
LOG: '≡ƒöº BDD: Component renders'
[1A[2KLOG: 'ΓÜÖ∩╕Å BDD: Component initializes'
Chrome Headless 141.0.0.0 (Windows 10): Executed 207 of 493 SUCCESS (0 secs / 1.776 secs)
LOG: 'ΓÜÖ∩╕Å BDD: Component initializes'
[1A[2KLOG: 'Γ£à BDD: Component displays Multi-Platform feature'
Chrome Headless 141.0.0.0 (Windows 10): Executed 207 of 493 SUCCESS (0 secs / 1.776 secs)
LOG: 'Γ£à BDD: Component displays Multi-Platform feature'
[1A[2KChrome Headless 141.0.0.0 (Windows 10): Executed 208 of 493 SUCCESS (0 secs / 1.782 secs)
[1A[2KLOG: '≡ƒöº BDD: Component renders'
Chrome Headless 141.0.0.0 (Windows 10): Executed 208 of 493 SUCCESS (0 secs / 1.782 secs)
LOG: '≡ƒöº BDD: Component renders'
[1A[2KLOG: 'ΓÜÖ∩╕Å BDD: Component initializes'
Chrome Headless 141.0.0.0 (Windows 10): Executed 208 of 493 SUCCESS (0 secs / 1.782 secs)
LOG: 'ΓÜÖ∩╕Å BDD: Component initializes'
[1A[2KLOG: 'Γ£à BDD: Component displays Fast & Efficient feature'
Chrome Headless 141.0.0.0 (Windows 10): Executed 208 of 493 SUCCESS (0 secs / 1.782 secs)
LOG: 'Γ£à BDD: Component displays Fast & Efficient feature'
[1A[2KChrome Headless 141.0.0.0 (Windows 10): Executed 209 of 493 SUCCESS (0 secs / 1.788 secs)
[1A[2KLOG: '≡ƒöº BDD: Component renders'
Chrome Headless 141.0.0.0 (Windows 10): Executed 209 of 493 SUCCESS (0 secs / 1.788 secs)
LOG: '≡ƒöº BDD: Component renders'
[1A[2KLOG: 'ΓÜÖ∩╕Å BDD: Component initializes'
Chrome Headless 141.0.0.0 (Windows 10): Executed 209 of 493 SUCCESS (0 secs / 1.788 secs)
LOG: 'ΓÜÖ∩╕Å BDD: Component initializes'
[1A[2KLOG: 'Γ£à BDD: Component has correct CSS classes'
Chrome Headless 141.0.0.0 (Windows 10): Executed 209 of 493 SUCCESS (0 secs / 1.788 secs)
LOG: 'Γ£à BDD: Component has correct CSS classes'
[1A[2KChrome Headless 141.0.0.0 (Windows 10): Executed 210 of 493 SUCCESS (0 secs / 1.794 secs)
[1A[2KLOG: '≡ƒöº BDD: Component renders'
Chrome Headless 141.0.0.0 (Windows 10): Executed 210 of 493 SUCCESS (0 secs / 1.794 secs)
LOG: '≡ƒöº BDD: Component renders'
[1A[2KLOG: 'ΓÜÖ∩╕Å BDD: Component initializes'
Chrome Headless 141.0.0.0 (Windows 10): Executed 210 of 493 SUCCESS (0 secs / 1.794 secs)
LOG: 'ΓÜÖ∩╕Å BDD: Component initializes'
[1A[2KLOG: 'Γ£à BDD: Component has correct layout structure'
Chrome Headless 141.0.0.0 (Windows 10): Executed 210 of 493 SUCCESS (0 secs / 1.794 secs)
LOG: 'Γ£à BDD: Component has correct layout structure'
[1A[2KChrome Headless 141.0.0.0 (Windows 10): Executed 211 of 493 SUCCESS (0 secs / 1.8 secs)
[1A[2KLOG: '≡ƒöº BDD: Component renders'
Chrome Headless 141.0.0.0 (Windows 10): Executed 211 of 493 SUCCESS (0 secs / 1.8 secs)
LOG: '≡ƒöº BDD: Component renders'
[1A[2KLOG: 'ΓÜÖ∩╕Å BDD: Component initializes'
Chrome Headless 141.0.0.0 (Windows 10): Executed 211 of 493 SUCCESS (0 secs / 1.8 secs)
LOG: 'ΓÜÖ∩╕Å BDD: Component initializes'
[1A[2KLOG: 'Γ£à BDD: Component has semantic HTML structure'
Chrome Headless 141.0.0.0 (Windows 10): Executed 211 of 493 SUCCESS (0 secs / 1.8 secs)
LOG: 'Γ£à BDD: Component has semantic HTML structure'
[1A[2KChrome Headless 141.0.0.0 (Windows 10): Executed 212 of 493 SUCCESS (0 secs / 1.806 secs)
[1A[2KLOG: '≡ƒöº BDD: Component renders'
Chrome Headless 141.0.0.0 (Windows 10): Executed 212 of 493 SUCCESS (0 secs / 1.806 secs)
LOG: '≡ƒöº BDD: Component renders'
[1A[2KLOG: 'ΓÜÖ∩╕Å BDD: Component initializes'
Chrome Headless 141.0.0.0 (Windows 10): Executed 212 of 493 SUCCESS (0 secs / 1.806 secs)
LOG: 'ΓÜÖ∩╕Å BDD: Component initializes'
[1A[2KLOG: 'Γ£à BDD: Component has proper heading hierarchy'
Chrome Headless 141.0.0.0 (Windows 10): Executed 212 of 493 SUCCESS (0 secs / 1.806 secs)
LOG: 'Γ£à BDD: Component has proper heading hierarchy'
[1A[2KChrome Headless 141.0.0.0 (Windows 10): Executed 213 of 493 SUCCESS (0 secs / 1.812 secs)
[1A[2KLOG: '≡ƒöº BDD: Component renders'
Chrome Headless 141.0.0.0 (Windows 10): Executed 213 of 493 SUCCESS (0 secs / 1.812 secs)
LOG: '≡ƒöº BDD: Component renders'
[1A[2KLOG: 'ΓÜÖ∩╕Å BDD: Component initializes'
Chrome Headless 141.0.0.0 (Windows 10): Executed 213 of 493 SUCCESS (0 secs / 1.812 secs)
LOG: 'ΓÜÖ∩╕Å BDD: Component initializes'
[1A[2KLOG: 'Γ£à BDD: Component has responsive CSS classes'
Chrome Headless 141.0.0.0 (Windows 10): Executed 213 of 493 SUCCESS (0 secs / 1.812 secs)
LOG: 'Γ£à BDD: Component has responsive CSS classes'
[1A[2KChrome Headless 141.0.0.0 (Windows 10): Executed 214 of 493 SUCCESS (0 secs / 1.82 secs)
[1A[2KLOG: '≡ƒöº BDD: Component renders'
Chrome Headless 141.0.0.0 (Windows 10): Executed 214 of 493 SUCCESS (0 secs / 1.82 secs)
LOG: '≡ƒöº BDD: Component renders'
[1A[2KLOG: 'ΓÜÖ∩╕Å BDD: Component initializes'
Chrome Headless 141.0.0.0 (Windows 10): Executed 214 of 493 SUCCESS (0 secs / 1.82 secs)
LOG: 'ΓÜÖ∩╕Å BDD: Component initializes'
[1A[2KLOG: 'Γ£à BDD: Component displays accurate migration information'
Chrome Headless 141.0.0.0 (Windows 10): Executed 214 of 493 SUCCESS (0 secs / 1.82 secs)
LOG: 'Γ£à BDD: Component displays accurate migration information'
[1A[2KChrome Headless 141.0.0.0 (Windows 10): Executed 215 of 493 SUCCESS (0 secs / 1.83 secs)
[1A[2KLOG: '≡ƒöº BDD: Component renders'
Chrome Headless 141.0.0.0 (Windows 10): Executed 215 of 493 SUCCESS (0 secs / 1.83 secs)
LOG: '≡ƒöº BDD: Component renders'
[1A[2KLOG: 'ΓÜÖ∩╕Å BDD: Component initializes'
Chrome Headless 141.0.0.0 (Windows 10): Executed 215 of 493 SUCCESS (0 secs / 1.83 secs)
LOG: 'ΓÜÖ∩╕Å BDD: Component initializes'
[1A[2KLOG: 'Γ£à BDD: Component displays correct app branding'
Chrome Headless 141.0.0.0 (Windows 10): Executed 215 of 493 SUCCESS (0 secs / 1.83 secs)
LOG: 'Γ£à BDD: Component displays correct app branding'
[1A[2KChrome Headless 141.0.0.0 (Windows 10): Executed 216 of 493 SUCCESS (0 secs / 1.837 secs)
[1A[2KLOG: '≡ƒöº BDD: Layout component is created'
Chrome Headless 141.0.0.0 (Windows 10): Executed 216 of 493 SUCCESS (0 secs / 1.837 secs)
LOG: '≡ƒöº BDD: Layout component is created'
[1A[2KLOG: 'ΓÜÖ∩╕Å BDD: Component initializes'
Chrome Headless 141.0.0.0 (Windows 10): Executed 216 of 493 SUCCESS (0 secs / 1.837 secs)
LOG: 'ΓÜÖ∩╕Å BDD: Component initializes'
[1A[2KLOG: 'Γ£à BDD: Layout component renders successfully'
Chrome Headless 141.0.0.0 (Windows 10): Executed 216 of 493 SUCCESS (0 secs / 1.837 secs)
LOG: 'Γ£à BDD: Layout component renders successfully'
[1A[2KChrome Headless 141.0.0.0 (Windows 10): Executed 217 of 493 SUCCESS (0 secs / 1.852 secs)
[1A[2KLOG: '≡ƒöº BDD: Layout component renders'
Chrome Headless 141.0.0.0 (Windows 10): Executed 217 of 493 SUCCESS (0 secs / 1.852 secs)
LOG: '≡ƒöº BDD: Layout component renders'
[1A[2KLOG: 'ΓÜÖ∩╕Å BDD: Component initializes'
Chrome Headless 141.0.0.0 (Windows 10): Executed 217 of 493 SUCCESS (0 secs / 1.852 secs)
LOG: 'ΓÜÖ∩╕Å BDD: Component initializes'
[1A[2KLOG: 'Γ£à BDD: Layout displays header'
Chrome Headless 141.0.0.0 (Windows 10): Executed 217 of 493 SUCCESS (0 secs / 1.852 secs)
LOG: 'Γ£à BDD: Layout displays header'
[1A[2KChrome Headless 141.0.0.0 (Windows 10): Executed 218 of 493 SUCCESS (0 secs / 1.861 secs)
[1A[2KLOG: '≡ƒöº BDD: Layout renders'
Chrome Headless 141.0.0.0 (Windows 10): Executed 218 of 493 SUCCESS (0 secs / 1.861 secs)
LOG: '≡ƒöº BDD: Layout renders'
[1A[2KLOG: 'ΓÜÖ∩╕Å BDD: Component initializes'
Chrome Headless 141.0.0.0 (Windows 10): Executed 218 of 493 SUCCESS (0 secs / 1.861 secs)
LOG: 'ΓÜÖ∩╕Å BDD: Component initializes'
[1A[2KLOG: 'Γ£à BDD: Layout has correct structure'
Chrome Headless 141.0.0.0 (Windows 10): Executed 218 of 493 SUCCESS (0 secs / 1.861 secs)
LOG: 'Γ£à BDD: Layout has correct structure'
[1A[2KChrome Headless 141.0.0.0 (Windows 10): Executed 219 of 493 SUCCESS (0 secs / 1.871 secs)
[1A[2KLOG: '≡ƒöº BDD: Layout renders'
Chrome Headless 141.0.0.0 (Windows 10): Executed 219 of 493 SUCCESS (0 secs / 1.871 secs)
LOG: '≡ƒöº BDD: Layout renders'
[1A[2KLOG: 'ΓÜÖ∩╕Å BDD: Component initializes'
Chrome Headless 141.0.0.0 (Windows 10): Executed 219 of 493 SUCCESS (0 secs / 1.871 secs)
LOG: 'ΓÜÖ∩╕Å BDD: Component initializes'
[1A[2KLOG: 'Γ£à BDD: Layout has correct CSS classes'
Chrome Headless 141.0.0.0 (Windows 10): Executed 219 of 493 SUCCESS (0 secs / 1.871 secs)
LOG: 'Γ£à BDD: Layout has correct CSS classes'
[1A[2KChrome Headless 141.0.0.0 (Windows 10): Executed 220 of 493 SUCCESS (0 secs / 1.877 secs)
[1A[2KLOG: '≡ƒöº BDD: Layout renders'
Chrome Headless 141.0.0.0 (Windows 10): Executed 220 of 493 SUCCESS (0 secs / 1.877 secs)
LOG: '≡ƒöº BDD: Layout renders'
[1A[2KLOG: 'ΓÜÖ∩╕Å BDD: Component initializes'
Chrome Headless 141.0.0.0 (Windows 10): Executed 220 of 493 SUCCESS (0 secs / 1.877 secs)
LOG: 'ΓÜÖ∩╕Å BDD: Component initializes'
[1A[2KLOG: 'Γ£à BDD: Header is properly positioned'
Chrome Headless 141.0.0.0 (Windows 10): Executed 220 of 493 SUCCESS (0 secs / 1.877 secs)
LOG: 'Γ£à BDD: Header is properly positioned'
[1A[2KChrome Headless 141.0.0.0 (Windows 10): Executed 221 of 493 SUCCESS (0 secs / 1.884 secs)
[1A[2KLOG: '≡ƒöº BDD: Layout renders'
Chrome Headless 141.0.0.0 (Windows 10): Executed 221 of 493 SUCCESS (0 secs / 1.884 secs)
LOG: '≡ƒöº BDD: Layout renders'
[1A[2KLOG: 'ΓÜÖ∩╕Å BDD: Component initializes'
Chrome Headless 141.0.0.0 (Windows 10): Executed 221 of 493 SUCCESS (0 secs / 1.884 secs)
LOG: 'ΓÜÖ∩╕Å BDD: Component initializes'
[1A[2KLOG: 'Γ£à BDD: Header contains shared-header component'
Chrome Headless 141.0.0.0 (Windows 10): Executed 221 of 493 SUCCESS (0 secs / 1.884 secs)
LOG: 'Γ£à BDD: Header contains shared-header component'
[1A[2KChrome Headless 141.0.0.0 (Windows 10): Executed 222 of 493 SUCCESS (0 secs / 1.891 secs)
[1A[2KLOG: '≡ƒöº BDD: Layout renders'
Chrome Headless 141.0.0.0 (Windows 10): Executed 222 of 493 SUCCESS (0 secs / 1.891 secs)
LOG: '≡ƒöº BDD: Layout renders'
[1A[2KLOG: 'ΓÜÖ∩╕Å BDD: Component initializes'
Chrome Headless 141.0.0.0 (Windows 10): Executed 222 of 493 SUCCESS (0 secs / 1.891 secs)
LOG: 'ΓÜÖ∩╕Å BDD: Component initializes'
[1A[2KLOG: 'Γ£à BDD: Layout has main content area'
Chrome Headless 141.0.0.0 (Windows 10): Executed 222 of 493 SUCCESS (0 secs / 1.891 secs)
LOG: 'Γ£à BDD: Layout has main content area'
[1A[2KChrome Headless 141.0.0.0 (Windows 10): Executed 223 of 493 SUCCESS (0 secs / 1.898 secs)
[1A[2KLOG: '≡ƒöº BDD: Layout renders'
Chrome Headless 141.0.0.0 (Windows 10): Executed 223 of 493 SUCCESS (0 secs / 1.898 secs)
LOG: '≡ƒöº BDD: Layout renders'
[1A[2KLOG: 'ΓÜÖ∩╕Å BDD: Component initializes'
Chrome Headless 141.0.0.0 (Windows 10): Executed 223 of 493 SUCCESS (0 secs / 1.898 secs)
LOG: 'ΓÜÖ∩╕Å BDD: Component initializes'
[1A[2KLOG: 'Γ£à BDD: Main content area is ready for router outlet'
Chrome Headless 141.0.0.0 (Windows 10): Executed 223 of 493 SUCCESS (0 secs / 1.898 secs)
LOG: 'Γ£à BDD: Main content area is ready for router outlet'
[1A[2KChrome Headless 141.0.0.0 (Windows 10): Executed 224 of 493 SUCCESS (0 secs / 1.904 secs)
[1A[2KLOG: '≡ƒöº BDD: Layout renders'
Chrome Headless 141.0.0.0 (Windows 10): Executed 224 of 493 SUCCESS (0 secs / 1.904 secs)
LOG: '≡ƒöº BDD: Layout renders'
[1A[2KLOG: 'ΓÜÖ∩╕Å BDD: Component initializes'
Chrome Headless 141.0.0.0 (Windows 10): Executed 224 of 493 SUCCESS (0 secs / 1.904 secs)
LOG: 'ΓÜÖ∩╕Å BDD: Component initializes'
[1A[2KLOG: 'Γ£à BDD: Layout has responsive CSS classes'
Chrome Headless 141.0.0.0 (Windows 10): Executed 224 of 493 SUCCESS (0 secs / 1.904 secs)
LOG: 'Γ£à BDD: Layout has responsive CSS classes'
[1A[2KChrome Headless 141.0.0.0 (Windows 10): Executed 225 of 493 SUCCESS (0 secs / 1.913 secs)
[1A[2KLOG: '≡ƒöº BDD: Layout renders'
Chrome Headless 141.0.0.0 (Windows 10): Executed 225 of 493 SUCCESS (0 secs / 1.913 secs)
LOG: '≡ƒöº BDD: Layout renders'
[1A[2KLOG: 'ΓÜÖ∩╕Å BDD: Component initializes'
Chrome Headless 141.0.0.0 (Windows 10): Executed 225 of 493 SUCCESS (0 secs / 1.913 secs)
LOG: 'ΓÜÖ∩╕Å BDD: Component initializes'
[1A[2KLOG: 'Γ£à BDD: Layout composes header and main content'
Chrome Headless 141.0.0.0 (Windows 10): Executed 225 of 493 SUCCESS (0 secs / 1.913 secs)
LOG: 'Γ£à BDD: Layout composes header and main content'
[1A[2KChrome Headless 141.0.0.0 (Windows 10): Executed 226 of 493 SUCCESS (0 secs / 1.921 secs)
[1A[2KLOG: '≡ƒöº BDD: Layout renders'
Chrome Headless 141.0.0.0 (Windows 10): Executed 226 of 493 SUCCESS (0 secs / 1.921 secs)
LOG: '≡ƒöº BDD: Layout renders'
[1A[2KLOG: 'ΓÜÖ∩╕Å BDD: Component initializes'
Chrome Headless 141.0.0.0 (Windows 10): Executed 226 of 493 SUCCESS (0 secs / 1.921 secs)
LOG: 'ΓÜÖ∩╕Å BDD: Component initializes'
[1A[2KLOG: 'Γ£à BDD: Layout has semantic HTML structure'
Chrome Headless 141.0.0.0 (Windows 10): Executed 226 of 493 SUCCESS (0 secs / 1.921 secs)
LOG: 'Γ£à BDD: Layout has semantic HTML structure'
[1A[2KChrome Headless 141.0.0.0 (Windows 10): Executed 227 of 493 SUCCESS (0 secs / 1.927 secs)
[1A[2KLOG: '≡ƒöº BDD: Layout renders'
Chrome Headless 141.0.0.0 (Windows 10): Executed 227 of 493 SUCCESS (0 secs / 1.927 secs)
LOG: '≡ƒöº BDD: Layout renders'
[1A[2KLOG: 'ΓÜÖ∩╕Å BDD: Component initializes'
Chrome Headless 141.0.0.0 (Windows 10): Executed 227 of 493 SUCCESS (0 secs / 1.927 secs)
LOG: 'ΓÜÖ∩╕Å BDD: Component initializes'
[1A[2KLOG: 'Γ£à BDD: Layout supports theme changes'
Chrome Headless 141.0.0.0 (Windows 10): Executed 227 of 493 SUCCESS (0 secs / 1.927 secs)
LOG: 'Γ£à BDD: Layout supports theme changes'
[1A[2KChrome Headless 141.0.0.0 (Windows 10): Executed 228 of 493 SUCCESS (0 secs / 1.935 secs)
[1A[2KChrome Headless 141.0.0.0 (Windows 10): Executed 229 of 493 SUCCESS (0 secs / 1.967 secs)
[1A[2KChrome Headless 141.0.0.0 (Windows 10) Licenses should render page title FAILED
	Expected 'Butterfly Animation' to contain 'Licenses & Attributions'.
	    at <Jasmine>
	    at UserContext.<anonymous> (projects/shared/src/lib/licenses/licenses.spec.ts:25:67)
	    at _ZoneDelegate.invoke (node_modules/zone.js/fesm2015/zone.js:398:28)
	    at _ProxyZoneSpec.onInvoke (node_modules/zone.js/fesm2015/zone-testing.js:2132:39)
	    at _ZoneDelegate.invoke (node_modules/zone.js/fesm2015/zone.js:397:34)
Chrome Headless 141.0.0.0 (Windows 10): Executed 230 of 493 (1 FAILED) (0 secs / 1.973 secs)
[1A[2KChrome Headless 141.0.0.0 (Windows 10): Executed 231 of 493 (1 FAILED) (0 secs / 1.982 secs)
[1A[2KChrome Headless 141.0.0.0 (Windows 10): Executed 232 of 493 (1 FAILED) (0 secs / 1.989 secs)
[1A[2KChrome Headless 141.0.0.0 (Windows 10) Licenses should render project license section FAILED
	Expected 'favorite Licenses & Attributions  Built with love and powered by amazing open source contributors Butterfly Animationby dazulu The beautiful 3D butterfly animation used in our splash screen. Created with pure CSS and amazing attention to detail. code CodePen flutter_dash Bluesky local_cafe Ko-fi travel_exploreMigration Libraryby Marco Maroni The core instagram-to-bluesky migration library that powers this application. Thank you for making social media migration accessible! link Project gavelOpen Source LicenseMIT License Flock is free and open source software. You are free to use, modify, and distribute this software according to the MIT License terms. description License code GitHub volunteer_activismSupport DevelopmentHelp keep Flock free & open source If Flock helped you migrate to Bluesky, consider supporting its continued development and maintenance. local_cafe Support Page home Back to Home ' to contain 'Project License'.
	    at <Jasmine>
	    at UserContext.<anonymous> (projects/shared/src/lib/licenses/licenses.spec.ts:42:34)
	    at _ZoneDelegate.invoke (node_modules/zone.js/fesm2015/zone.js:398:28)
	    at _ProxyZoneSpec.onInvoke (node_modules/zone.js/fesm2015/zone-testing.js:2132:39)
	    at _ZoneDelegate.invoke (node_modules/zone.js/fesm2015/zone.js:397:34)
Chrome Headless 141.0.0.0 (Windows 10): Executed 233 of 493 (2 FAILED) (0 secs / 2 secs)
[1A[2KChrome Headless 141.0.0.0 (Windows 10) Licenses should render developer support section with Ko-fi iframe FAILED
	Expected 'favorite Licenses & Attributions  Built with love and powered by amazing open source contributors Butterfly Animationby dazulu The beautiful 3D butterfly animation used in our splash screen. Created with pure CSS and amazing attention to detail. code CodePen flutter_dash Bluesky local_cafe Ko-fi travel_exploreMigration Libraryby Marco Maroni The core instagram-to-bluesky migration library that powers this application. Thank you for making social media migration accessible! link Project gavelOpen Source LicenseMIT License Flock is free and open source software. You are free to use, modify, and distribute this software according to the MIT License terms. description License code GitHub volunteer_activismSupport DevelopmentHelp keep Flock free & open source If Flock helped you migrate to Bluesky, consider supporting its continued development and maintenance. local_cafe Support Page home Back to Home ' to contain 'Support the Developer'.
	    at <Jasmine>
	    at UserContext.<anonymous> (projects/shared/src/lib/licenses/licenses.spec.ts:48:34)
	    at _ZoneDelegate.invoke (node_modules/zone.js/fesm2015/zone.js:398:28)
	    at _ProxyZoneSpec.onInvoke (node_modules/zone.js/fesm2015/zone-testing.js:2132:39)
	    at _ZoneDelegate.invoke (node_modules/zone.js/fesm2015/zone.js:397:34)
	Expected null to be truthy.
	    at <Jasmine>
	    at UserContext.<anonymous> (projects/shared/src/lib/licenses/licenses.spec.ts:50:20)
	    at _ZoneDelegate.invoke (node_modules/zone.js/fesm2015/zone.js:398:28)
	    at _ProxyZoneSpec.onInvoke (node_modules/zone.js/fesm2015/zone-testing.js:2132:39)
	    at _ZoneDelegate.invoke (node_modules/zone.js/fesm2015/zone.js:397:34)
	Expected undefined to contain 'ko-fi.com/straiforce'.
	    at <Jasmine>
	    at UserContext.<anonymous> (projects/shared/src/lib/licenses/licenses.spec.ts:51:41)
	    at _ZoneDelegate.invoke (node_modules/zone.js/fesm2015/zone.js:398:28)
	    at _ProxyZoneSpec.onInvoke (node_modules/zone.js/fesm2015/zone-testing.js:2132:39)
	    at _ZoneDelegate.invoke (node_modules/zone.js/fesm2015/zone.js:397:34)
Chrome Headless 141.0.0.0 (Windows 10): Executed 234 of 493 (3 FAILED) (0 secs / 2.01 secs)
[1A[2KChrome Headless 141.0.0.0 (Windows 10): Executed 235 of 493 (3 FAILED) (0 secs / 2.02 secs)
[1A[2KChrome Headless 141.0.0.0 (Windows 10): Executed 236 of 493 (3 FAILED) (0 secs / 2.025 secs)
[1A[2KChrome Headless 141.0.0.0 (Windows 10): Executed 237 of 493 (3 FAILED) (0 secs / 2.025 secs)
[1A[2KChrome Headless 141.0.0.0 (Windows 10): Executed 238 of 493 (3 FAILED) (0 secs / 2.033 secs)
[1A[2KChrome Headless 141.0.0.0 (Windows 10): Executed 239 of 493 (3 FAILED) (0 secs / 2.035 secs)
[1A[2KChrome Headless 141.0.0.0 (Windows 10): Executed 240 of 493 (3 FAILED) (0 secs / 2.036 secs)
[1A[2KChrome Headless 141.0.0.0 (Windows 10): Executed 241 of 493 (3 FAILED) (0 secs / 2.037 secs)
[1A[2KChrome Headless 141.0.0.0 (Windows 10) migrationResetResolver Component clearing logic should clear component when no component is set FAILED
	Expected spy setComponent to have been called with:
	  [ null ]
	but it was never called.
	    at <Jasmine>
	    at UserContext.<anonymous> (projects/shared/src/lib/route/resolver/migration-reset-resolver.spec.ts:63:40)
	    at _ZoneDelegate.invoke (node_modules/zone.js/fesm2015/zone.js:398:28)
	    at _ProxyZoneSpec.onInvoke (node_modules/zone.js/fesm2015/zone-testing.js:2132:39)
	    at _ZoneDelegate.invoke (node_modules/zone.js/fesm2015/zone.js:397:34)
	Expected spy Logger.log to have been called with:
	  [ 'Clearing component (not extraction)' ]
	but actual calls were:
	  [ 'Resetting migration state via resolver' ].
	
	Call 0:
	  Expected $[0] = 'Resetting migration state via resolver' to equal 'Clearing component (not extraction)'.
	Error: Expected spy Logger.log to have been called with:
	  [ 'Clearing component (not extraction)' ]
	but actual calls were:
	  [ 'Resetting migration state via resolver' ].
	Call 0:
	  Expected $[0] = 'Resetting migration state via resolver' to equal 'Clearing component (not extraction)'.
	    at <Jasmine>
	    at UserContext.<anonymous> (projects/shared/src/lib/route/resolver/migration-reset-resolver.spec.ts:64:30)
	    at _ZoneDelegate.invoke (node_modules/zone.js/fesm2015/zone.js:398:28)
	    at _ProxyZoneSpec.onInvoke (node_modules/zone.js/fesm2015/zone-testing.js:2132:39)
	    at _ZoneDelegate.invoke (node_modules/zone.js/fesm2015/zone.js:397:34)
Chrome Headless 141.0.0.0 (Windows 10): Executed 242 of 493 (4 FAILED) (0 secs / 2.039 secs)
[1A[2KChrome Headless 141.0.0.0 (Windows 10) migrationResetResolver Component clearing logic should clear component when component is not ExtractionProgress FAILED
	Expected spy setComponent to have been called with:
	  [ null ]
	but it was never called.
	    at <Jasmine>
	    at UserContext.<anonymous> (projects/shared/src/lib/route/resolver/migration-reset-resolver.spec.ts:73:40)
	    at _ZoneDelegate.invoke (node_modules/zone.js/fesm2015/zone.js:398:28)
	    at _ProxyZoneSpec.onInvoke (node_modules/zone.js/fesm2015/zone-testing.js:2132:39)
	    at _ZoneDelegate.invoke (node_modules/zone.js/fesm2015/zone.js:397:34)
	Expected spy Logger.log to have been called with:
	  [ 'Clearing component (not extraction)' ]
	but actual calls were:
	  [ 'Resetting migration state via resolver' ].
	
	Call 0:
	  Expected $[0] = 'Resetting migration state via resolver' to equal 'Clearing component (not extraction)'.
	Error: Expected spy Logger.log to have been called with:
	  [ 'Clearing component (not extraction)' ]
	but actual calls were:
	  [ 'Resetting migration state via resolver' ].
	Call 0:
	  Expected $[0] = 'Resetting migration state via resolver' to equal 'Clearing component (not extraction)'.
	    at <Jasmine>
	    at UserContext.<anonymous> (projects/shared/src/lib/route/resolver/migration-reset-resolver.spec.ts:74:30)
	    at _ZoneDelegate.invoke (node_modules/zone.js/fesm2015/zone.js:398:28)
	    at _ProxyZoneSpec.onInvoke (node_modules/zone.js/fesm2015/zone-testing.js:2132:39)
	    at _ZoneDelegate.invoke (node_modules/zone.js/fesm2015/zone.js:397:34)
Chrome Headless 141.0.0.0 (Windows 10): Executed 243 of 493 (5 FAILED) (0 secs / 2.043 secs)
[1A[2KChrome Headless 141.0.0.0 (Windows 10) migrationResetResolver Component clearing logic should NOT clear component when ExtractionProgress is active FAILED
	Expected spy Logger.log to have been called with:
	  [ 'Skipping component clear - extraction in progress' ]
	but actual calls were:
	  [ 'Resetting migration state via resolver' ].
	
	Call 0:
	  Expected $[0] = 'Resetting migration state via resolver' to equal 'Skipping component clear - extraction in progress'.
	Error: Expected spy Logger.log to have been called with:
	  [ 'Skipping component clear - extraction in progress' ]
	but actual calls were:
	  [ 'Resetting migration state via resolver' ].
	Call 0:
	  Expected $[0] = 'Resetting migration state via resolver' to equal 'Skipping component clear - extraction in progress'.
	    at <Jasmine>
	    at UserContext.<anonymous> (projects/shared/src/lib/route/resolver/migration-reset-resolver.spec.ts:84:30)
	    at _ZoneDelegate.invoke (node_modules/zone.js/fesm2015/zone.js:398:28)
	    at _ProxyZoneSpec.onInvoke (node_modules/zone.js/fesm2015/zone-testing.js:2132:39)
	    at _ZoneDelegate.invoke (node_modules/zone.js/fesm2015/zone.js:397:34)
Chrome Headless 141.0.0.0 (Windows 10): Executed 244 of 493 (6 FAILED) (0 secs / 2.045 secs)
[1A[2KChrome Headless 141.0.0.0 (Windows 10) migrationResetResolver Component clearing logic should detect ExtractionProgress by name containing "ExtractionProgress" FAILED
	Expected spy Logger.log to have been called with:
	  [ 'Skipping component clear - extraction in progress' ]
	but actual calls were:
	  [ 'Resetting migration state via resolver' ].
	
	Call 0:
	  Expected $[0] = 'Resetting migration state via resolver' to equal 'Skipping component clear - extraction in progress'.
	Error: Expected spy Logger.log to have been called with:
	  [ 'Skipping component clear - extraction in progress' ]
	but actual calls were:
	  [ 'Resetting migration state via resolver' ].
	Call 0:
	  Expected $[0] = 'Resetting migration state via resolver' to equal 'Skipping component clear - extraction in progress'.
	    at <Jasmine>
	    at UserContext.<anonymous> (projects/shared/src/lib/route/resolver/migration-reset-resolver.spec.ts:94:30)
	    at _ZoneDelegate.invoke (node_modules/zone.js/fesm2015/zone.js:398:28)
	    at _ProxyZoneSpec.onInvoke (node_modules/zone.js/fesm2015/zone-testing.js:2132:39)
	    at _ZoneDelegate.invoke (node_modules/zone.js/fesm2015/zone.js:397:34)
Chrome Headless 141.0.0.0 (Windows 10): Executed 245 of 493 (7 FAILED) (0 secs / 2.047 secs)
[1A[2KChrome Headless 141.0.0.0 (Windows 10) migrationResetResolver Component clearing logic should handle component with undefined name FAILED
	Expected spy setComponent to have been called with:
	  [ null ]
	but it was never called.
	    at <Jasmine>
	    at UserContext.<anonymous> (projects/shared/src/lib/route/resolver/migration-reset-resolver.spec.ts:104:40)
	    at _ZoneDelegate.invoke (node_modules/zone.js/fesm2015/zone.js:398:28)
	    at _ProxyZoneSpec.onInvoke (node_modules/zone.js/fesm2015/zone-testing.js:2132:39)
	    at _ZoneDelegate.invoke (node_modules/zone.js/fesm2015/zone.js:397:34)
	Expected spy Logger.log to have been called with:
	  [ 'Clearing component (not extraction)' ]
	but actual calls were:
	  [ 'Resetting migration state via resolver' ].
	
	Call 0:
	  Expected $[0] = 'Resetting migration state via resolver' to equal 'Clearing component (not extraction)'.
	Error: Expected spy Logger.log to have been called with:
	  [ 'Clearing component (not extraction)' ]
	but actual calls were:
	  [ 'Resetting migration state via resolver' ].
	Call 0:
	  Expected $[0] = 'Resetting migration state via resolver' to equal 'Clearing component (not extraction)'.
	    at <Jasmine>
	    at UserContext.<anonymous> (projects/shared/src/lib/route/resolver/migration-reset-resolver.spec.ts:105:30)
	    at _ZoneDelegate.invoke (node_modules/zone.js/fesm2015/zone.js:398:28)
	    at _ProxyZoneSpec.onInvoke (node_modules/zone.js/fesm2015/zone-testing.js:2132:39)
	    at _ZoneDelegate.invoke (node_modules/zone.js/fesm2015/zone.js:397:34)
Chrome Headless 141.0.0.0 (Windows 10): Executed 246 of 493 (8 FAILED) (0 secs / 2.05 secs)
[1A[2KChrome Headless 141.0.0.0 (Windows 10) migrationResetResolver Component clearing logic should handle component with null name FAILED
	Expected spy setComponent to have been called with:
	  [ null ]
	but it was never called.
	    at <Jasmine>
	    at UserContext.<anonymous> (projects/shared/src/lib/route/resolver/migration-reset-resolver.spec.ts:115:40)
	    at _ZoneDelegate.invoke (node_modules/zone.js/fesm2015/zone.js:398:28)
	    at _ProxyZoneSpec.onInvoke (node_modules/zone.js/fesm2015/zone-testing.js:2132:39)
	    at _ZoneDelegate.invoke (node_modules/zone.js/fesm2015/zone.js:397:34)
	Expected spy Logger.log to have been called with:
	  [ 'Clearing component (not extraction)' ]
	but actual calls were:
	  [ 'Resetting migration state via resolver' ].
	
	Call 0:
	  Expected $[0] = 'Resetting migration state via resolver' to equal 'Clearing component (not extraction)'.
	Error: Expected spy Logger.log to have been called with:
	  [ 'Clearing component (not extraction)' ]
	but actual calls were:
	  [ 'Resetting migration state via resolver' ].
	Call 0:
	  Expected $[0] = 'Resetting migration state via resolver' to equal 'Clearing component (not extraction)'.
	    at <Jasmine>
	    at UserContext.<anonymous> (projects/shared/src/lib/route/resolver/migration-reset-resolver.spec.ts:116:30)
	    at _ZoneDelegate.invoke (node_modules/zone.js/fesm2015/zone.js:398:28)
	    at _ProxyZoneSpec.onInvoke (node_modules/zone.js/fesm2015/zone-testing.js:2132:39)
	    at _ZoneDelegate.invoke (node_modules/zone.js/fesm2015/zone.js:397:34)
Chrome Headless 141.0.0.0 (Windows 10): Executed 247 of 493 (9 FAILED) (0 secs / 2.052 secs)
[1A[2KChrome Headless 141.0.0.0 (Windows 10) migrationResetResolver Component clearing logic should be case-sensitive when checking for ExtractionProgress FAILED
	Expected spy setComponent to have been called with:
	  [ null ]
	but it was never called.
	    at <Jasmine>
	    at UserContext.<anonymous> (projects/shared/src/lib/route/resolver/migration-reset-resolver.spec.ts:126:40)
	    at _ZoneDelegate.invoke (node_modules/zone.js/fesm2015/zone.js:398:28)
	    at _ProxyZoneSpec.onInvoke (node_modules/zone.js/fesm2015/zone-testing.js:2132:39)
	    at _ZoneDelegate.invoke (node_modules/zone.js/fesm2015/zone.js:397:34)
Chrome Headless 141.0.0.0 (Windows 10): Executed 248 of 493 (10 FAILED) (0 secs / 2.055 secs)
[1A[2KChrome Headless 141.0.0.0 (Windows 10) migrationResetResolver Integration workflow should execute complete reset workflow with no component FAILED
	Expected spy setComponent to have been called with:
	  [ null ]
	but it was never called.
	    at <Jasmine>
	    at UserContext.<anonymous> (projects/shared/src/lib/route/resolver/migration-reset-resolver.spec.ts:137:40)
	    at _ZoneDelegate.invoke (node_modules/zone.js/fesm2015/zone.js:398:28)
	    at _ProxyZoneSpec.onInvoke (node_modules/zone.js/fesm2015/zone-testing.js:2132:39)
	    at _ZoneDelegate.invoke (node_modules/zone.js/fesm2015/zone.js:397:34)
	Expected spy Logger.log to have been called with:
	  [ 'Clearing component (not extraction)' ]
	but actual calls were:
	  [ 'Resetting migration state via resolver' ].
	
	Call 0:
	  Expected $[0] = 'Resetting migration state via resolver' to equal 'Clearing component (not extraction)'.
	Error: Expected spy Logger.log to have been called with:
	  [ 'Clearing component (not extraction)' ]
	but actual calls were:
	  [ 'Resetting migration state via resolver' ].
	Call 0:
	  Expected $[0] = 'Resetting migration state via resolver' to equal 'Clearing component (not extraction)'.
	    at <Jasmine>
	    at UserContext.<anonymous> (projects/shared/src/lib/route/resolver/migration-reset-resolver.spec.ts:139:30)
	    at _ZoneDelegate.invoke (node_modules/zone.js/fesm2015/zone.js:398:28)
	    at _ProxyZoneSpec.onInvoke (node_modules/zone.js/fesm2015/zone-testing.js:2132:39)
	    at _ZoneDelegate.invoke (node_modules/zone.js/fesm2015/zone.js:397:34)
Chrome Headless 141.0.0.0 (Windows 10): Executed 249 of 493 (11 FAILED) (0 secs / 2.057 secs)
[1A[2KChrome Headless 141.0.0.0 (Windows 10) migrationResetResolver Integration workflow should execute complete reset workflow with ExtractionProgress active FAILED
	Expected spy Logger.log to have been called with:
	  [ 'Skipping component clear - extraction in progress' ]
	but actual calls were:
	  [ 'Resetting migration state via resolver' ].
	
	Call 0:
	  Expected $[0] = 'Resetting migration state via resolver' to equal 'Skipping component clear - extraction in progress'.
	Error: Expected spy Logger.log to have been called with:
	  [ 'Skipping component clear - extraction in progress' ]
	but actual calls were:
	  [ 'Resetting migration state via resolver' ].
	Call 0:
	  Expected $[0] = 'Resetting migration state via resolver' to equal 'Skipping component clear - extraction in progress'.
	    at <Jasmine>
	    at UserContext.<anonymous> (projects/shared/src/lib/route/resolver/migration-reset-resolver.spec.ts:152:30)
	    at _ZoneDelegate.invoke (node_modules/zone.js/fesm2015/zone.js:398:28)
	    at _ProxyZoneSpec.onInvoke (node_modules/zone.js/fesm2015/zone-testing.js:2132:39)
	    at _ZoneDelegate.invoke (node_modules/zone.js/fesm2015/zone.js:397:34)
Chrome Headless 141.0.0.0 (Windows 10): Executed 250 of 493 (12 FAILED) (0 secs / 2.059 secs)
[1A[2KChrome Headless 141.0.0.0 (Windows 10) migrationResetResolver Integration workflow should execute complete reset workflow with other component FAILED
	Expected spy setComponent to have been called with:
	  [ null ]
	but it was never called.
	    at <Jasmine>
	    at UserContext.<anonymous> (projects/shared/src/lib/route/resolver/migration-reset-resolver.spec.ts:163:40)
	    at _ZoneDelegate.invoke (node_modules/zone.js/fesm2015/zone.js:398:28)
	    at _ProxyZoneSpec.onInvoke (node_modules/zone.js/fesm2015/zone-testing.js:2132:39)
	    at _ZoneDelegate.invoke (node_modules/zone.js/fesm2015/zone.js:397:34)
	Expected spy Logger.log to have been called with:
	  [ 'Clearing component (not extraction)' ]
	but actual calls were:
	  [ 'Resetting migration state via resolver' ].
	
	Call 0:
	  Expected $[0] = 'Resetting migration state via resolver' to equal 'Clearing component (not extraction)'.
	Error: Expected spy Logger.log to have been called with:
	  [ 'Clearing component (not extraction)' ]
	but actual calls were:
	  [ 'Resetting migration state via resolver' ].
	Call 0:
	  Expected $[0] = 'Resetting migration state via resolver' to equal 'Clearing component (not extraction)'.
	    at <Jasmine>
	    at UserContext.<anonymous> (projects/shared/src/lib/route/resolver/migration-reset-resolver.spec.ts:165:30)
	    at _ZoneDelegate.invoke (node_modules/zone.js/fesm2015/zone.js:398:28)
	    at _ProxyZoneSpec.onInvoke (node_modules/zone.js/fesm2015/zone-testing.js:2132:39)
	    at _ZoneDelegate.invoke (node_modules/zone.js/fesm2015/zone.js:397:34)
Chrome Headless 141.0.0.0 (Windows 10): Executed 251 of 493 (13 FAILED) (0 secs / 2.062 secs)
[1A[2KChrome Headless 141.0.0.0 (Windows 10) migrationResetResolver Edge cases should handle multiple consecutive resolver calls FAILED
	Expected spy setComponent to have been called 2 times. It was called 0 times.
	    at <Jasmine>
	    at UserContext.<anonymous> (projects/shared/src/lib/route/resolver/migration-reset-resolver.spec.ts:176:40)
	    at _ZoneDelegate.invoke (node_modules/zone.js/fesm2015/zone.js:398:28)
	    at _ProxyZoneSpec.onInvoke (node_modules/zone.js/fesm2015/zone-testing.js:2132:39)
	    at _ZoneDelegate.invoke (node_modules/zone.js/fesm2015/zone.js:397:34)
Chrome Headless 141.0.0.0 (Windows 10): Executed 252 of 493 (14 FAILED) (0 secs / 2.066 secs)
[1A[2KChrome Headless 141.0.0.0 (Windows 10) migrationResetResolver Edge cases should handle component changes between resolver calls FAILED
	Expected spy setComponent to have been called with:
	  [ null ]
	but it was never called.
	    at <Jasmine>
	    at UserContext.<anonymous> (projects/shared/src/lib/route/resolver/migration-reset-resolver.spec.ts:183:40)
	    at _ZoneDelegate.invoke (node_modules/zone.js/fesm2015/zone.js:398:28)
	    at _ProxyZoneSpec.onInvoke (node_modules/zone.js/fesm2015/zone-testing.js:2132:39)
	    at _ZoneDelegate.invoke (node_modules/zone.js/fesm2015/zone.js:397:34)
	Expected spy setComponent to have been called once. It was called 0 times.
	    at <Jasmine>
	    at UserContext.<anonymous> (projects/shared/src/lib/route/resolver/migration-reset-resolver.spec.ts:189:40)
	    at _ZoneDelegate.invoke (node_modules/zone.js/fesm2015/zone.js:398:28)
	    at _ProxyZoneSpec.onInvoke (node_modules/zone.js/fesm2015/zone-testing.js:2132:39)
	    at _ZoneDelegate.invoke (node_modules/zone.js/fesm2015/zone.js:397:34)
Chrome Headless 141.0.0.0 (Windows 10): Executed 253 of 493 (15 FAILED) (0 secs / 2.07 secs)
[1A[2KChrome Headless 141.0.0.0 (Windows 10): Executed 254 of 493 (15 FAILED) (0 secs / 2.072 secs)
[1A[2KChrome Headless 141.0.0.0 (Windows 10): Executed 255 of 493 (15 FAILED) (0 secs / 2.073 secs)
[1A[2KChrome Headless 141.0.0.0 (Windows 10): Executed 256 of 493 (15 FAILED) (0 secs / 2.075 secs)
[1A[2KChrome Headless 141.0.0.0 (Windows 10): Executed 257 of 493 (15 FAILED) (0 secs / 2.078 secs)
[1A[2KChrome Headless 141.0.0.0 (Windows 10): Executed 258 of 493 (15 FAILED) (0 secs / 2.08 secs)
[1A[2KChrome Headless 141.0.0.0 (Windows 10): Executed 259 of 493 (15 FAILED) (0 secs / 2.082 secs)
[1A[2KChrome Headless 141.0.0.0 (Windows 10): Executed 260 of 493 (15 FAILED) (0 secs / 2.083 secs)
[1A[2KChrome Headless 141.0.0.0 (Windows 10): Executed 261 of 493 (15 FAILED) (0 secs / 2.084 secs)
[1A[2KChrome Headless 141.0.0.0 (Windows 10): Executed 262 of 493 (15 FAILED) (0 secs / 2.085 secs)
[1A[2KChrome Headless 141.0.0.0 (Windows 10): Executed 263 of 493 (15 FAILED) (0 secs / 2.086 secs)
[1A[2KChrome Headless 141.0.0.0 (Windows 10): Executed 264 of 493 (15 FAILED) (0 secs / 2.088 secs)
[1A[2KChrome Headless 141.0.0.0 (Windows 10): Executed 265 of 493 (15 FAILED) (0 secs / 2.089 secs)
[1A[2KChrome Headless 141.0.0.0 (Windows 10): Executed 266 of 493 (15 FAILED) (0 secs / 2.09 secs)
[1A[2KChrome Headless 141.0.0.0 (Windows 10): Executed 267 of 493 (15 FAILED) (0 secs / 2.092 secs)
[1A[2KChrome Headless 141.0.0.0 (Windows 10): Executed 268 of 493 (15 FAILED) (0 secs / 2.094 secs)
[1A[2KChrome Headless 141.0.0.0 (Windows 10): Executed 269 of 493 (15 FAILED) (0 secs / 2.096 secs)
[1A[2KChrome Headless 141.0.0.0 (Windows 10): Executed 270 of 493 (15 FAILED) (0 secs / 2.098 secs)
[1A[2KChrome Headless 141.0.0.0 (Windows 10): Executed 271 of 493 (15 FAILED) (0 secs / 2.099 secs)
[1A[2KChrome Headless 141.0.0.0 (Windows 10): Executed 272 of 493 (15 FAILED) (0 secs / 2.101 secs)
[1A[2KChrome Headless 141.0.0.0 (Windows 10): Executed 273 of 493 (15 FAILED) (0 secs / 2.103 secs)
[1A[2KChrome Headless 141.0.0.0 (Windows 10): Executed 274 of 493 (15 FAILED) (0 secs / 2.105 secs)
[1A[2KChrome Headless 141.0.0.0 (Windows 10): Executed 275 of 493 (15 FAILED) (0 secs / 2.108 secs)
[1A[2KChrome Headless 141.0.0.0 (Windows 10) Migration run() should return result with count and elapsed time FAILED
	Expected 0 to be greater than 0.
	    at <Jasmine>
	    at projects/shared/src/lib/services/migration.spec.ts:235:32
	    at Generator.next (<anonymous>)
	    at fulfilled (chunk-V6FC2DIM.js:47:24)
	    at _ZoneDelegate.invoke (node_modules/zone.js/fesm2015/zone.js:398:28)
Chrome Headless 141.0.0.0 (Windows 10): Executed 276 of 493 (16 FAILED) (0 secs / 2.11 secs)
[1A[2KChrome Headless 141.0.0.0 (Windows 10): Executed 277 of 493 (16 FAILED) (0 secs / 2.112 secs)
[1A[2KChrome Headless 141.0.0.0 (Windows 10): Executed 278 of 493 (16 FAILED) (0 secs / 2.114 secs)
[1A[2KChrome Headless 141.0.0.0 (Windows 10): Executed 279 of 493 (16 FAILED) (0 secs / 2.116 secs)
[1A[2KChrome Headless 141.0.0.0 (Windows 10): Executed 280 of 493 (16 FAILED) (0 secs / 2.118 secs)
[1A[2KChrome Headless 141.0.0.0 (Windows 10): Executed 281 of 493 (16 FAILED) (0 secs / 2.12 secs)
[1A[2KChrome Headless 141.0.0.0 (Windows 10): Executed 282 of 493 (16 FAILED) (0 secs / 2.122 secs)
[1A[2KChrome Headless 141.0.0.0 (Windows 10): Executed 283 of 493 (16 FAILED) (0 secs / 2.125 secs)
[1A[2KChrome Headless 141.0.0.0 (Windows 10): Executed 284 of 493 (16 FAILED) (0 secs / 2.127 secs)
[1A[2KChrome Headless 141.0.0.0 (Windows 10): Executed 285 of 493 (16 FAILED) (0 secs / 2.134 secs)
[1A[2KLOG: '≡ƒöº BDD: Setting up route reuse strategy initialization'
Chrome Headless 141.0.0.0 (Windows 10): Executed 285 of 493 (16 FAILED) (0 secs / 2.134 secs)
LOG: '≡ƒöº BDD: Setting up route reuse strategy initialization'
[1A[2KLOG: 'ΓÜÖ∩╕Å BDD: Route reuse strategy initializing'
Chrome Headless 141.0.0.0 (Windows 10): Executed 285 of 493 (16 FAILED) (0 secs / 2.134 secs)
LOG: 'ΓÜÖ∩╕Å BDD: Route reuse strategy initializing'
[1A[2KLOG: 'Γ£à BDD: Verifying route reuse strategy initialization logging'
Chrome Headless 141.0.0.0 (Windows 10): Executed 285 of 493 (16 FAILED) (0 secs / 2.134 secs)
LOG: 'Γ£à BDD: Verifying route reuse strategy initialization logging'
[1A[2KChrome Headless 141.0.0.0 (Windows 10): Executed 286 of 493 (16 FAILED) (0 secs / 2.136 secs)
[1A[2KLOG: '≡ƒöº BDD: Setting up route for detachment decision'
Chrome Headless 141.0.0.0 (Windows 10): Executed 286 of 493 (16 FAILED) (0 secs / 2.136 secs)
LOG: '≡ƒöº BDD: Setting up route for detachment decision'
[1A[2KLOG: 'ΓÜÖ∩╕Å BDD: Checking route detachment decision'
Chrome Headless 141.0.0.0 (Windows 10): Executed 286 of 493 (16 FAILED) (0 secs / 2.136 secs)
LOG: 'ΓÜÖ∩╕Å BDD: Checking route detachment decision'
[1A[2KLOG: 'Γ£à BDD: Verifying route detachment decision and logging'
Chrome Headless 141.0.0.0 (Windows 10): Executed 286 of 493 (16 FAILED) (0 secs / 2.136 secs)
LOG: 'Γ£à BDD: Verifying route detachment decision and logging'
[1A[2KChrome Headless 141.0.0.0 (Windows 10): Executed 287 of 493 (16 FAILED) (0 secs / 2.137 secs)
[1A[2KLOG: '≡ƒöº BDD: Setting up route with null config for detachment'
Chrome Headless 141.0.0.0 (Windows 10): Executed 287 of 493 (16 FAILED) (0 secs / 2.137 secs)
LOG: '≡ƒöº BDD: Setting up route with null config for detachment'
[1A[2KLOG: 'ΓÜÖ∩╕Å BDD: Checking detachment for route with null config'
Chrome Headless 141.0.0.0 (Windows 10): Executed 287 of 493 (16 FAILED) (0 secs / 2.137 secs)
LOG: 'ΓÜÖ∩╕Å BDD: Checking detachment for route with null config'
[1A[2KLOG: 'Γ£à BDD: Verifying safe detachment handling for null config'
Chrome Headless 141.0.0.0 (Windows 10): Executed 287 of 493 (16 FAILED) (0 secs / 2.137 secs)
LOG: 'Γ£à BDD: Verifying safe detachment handling for null config'
[1A[2KChrome Headless 141.0.0.0 (Windows 10): Executed 288 of 493 (16 FAILED) (0 secs / 2.138 secs)
[1A[2KLOG: '≡ƒöº BDD: Setting up route and handle for storage'
Chrome Headless 141.0.0.0 (Windows 10): Executed 288 of 493 (16 FAILED) (0 secs / 2.138 secs)
LOG: '≡ƒöº BDD: Setting up route and handle for storage'
[1A[2KLOG: 'ΓÜÖ∩╕Å BDD: Storing route handle'
Chrome Headless 141.0.0.0 (Windows 10): Executed 288 of 493 (16 FAILED) (0 secs / 2.138 secs)
LOG: 'ΓÜÖ∩╕Å BDD: Storing route handle'
[1A[2KLOG: 'Γ£à BDD: Verifying route storage and logging'
Chrome Headless 141.0.0.0 (Windows 10): Executed 288 of 493 (16 FAILED) (0 secs / 2.138 secs)
LOG: 'Γ£à BDD: Verifying route storage and logging'
[1A[2KChrome Headless 141.0.0.0 (Windows 10): Executed 289 of 493 (16 FAILED) (0 secs / 2.139 secs)
[1A[2KLOG: '≡ƒöº BDD: Setting up stored route for attachment decision'
Chrome Headless 141.0.0.0 (Windows 10): Executed 289 of 493 (16 FAILED) (0 secs / 2.139 secs)
LOG: '≡ƒöº BDD: Setting up stored route for attachment decision'
[1A[2KLOG: 'ΓÜÖ∩╕Å BDD: Checking route attachment decision'
Chrome Headless 141.0.0.0 (Windows 10): Executed 289 of 493 (16 FAILED) (0 secs / 2.139 secs)
LOG: 'ΓÜÖ∩╕Å BDD: Checking route attachment decision'
[1A[2KLOG: 'Γ£à BDD: Verifying route attachment decision and logging'
Chrome Headless 141.0.0.0 (Windows 10): Executed 289 of 493 (16 FAILED) (0 secs / 2.139 secs)
LOG: 'Γ£à BDD: Verifying route attachment decision and logging'
[1A[2KChrome Headless 141.0.0.0 (Windows 10): Executed 290 of 493 (16 FAILED) (0 secs / 2.143 secs)
[1A[2KLOG: '≡ƒöº BDD: Setting up non-stored route for attachment decision'
Chrome Headless 141.0.0.0 (Windows 10): Executed 290 of 493 (16 FAILED) (0 secs / 2.143 secs)
LOG: '≡ƒöº BDD: Setting up non-stored route for attachment decision'
[1A[2KLOG: 'ΓÜÖ∩╕Å BDD: Checking attachment for non-stored route'
Chrome Headless 141.0.0.0 (Windows 10): Executed 290 of 493 (16 FAILED) (0 secs / 2.143 secs)
LOG: 'ΓÜÖ∩╕Å BDD: Checking attachment for non-stored route'
[1A[2KLOG: 'Γ£à BDD: Verifying non-stored route is not attached'
Chrome Headless 141.0.0.0 (Windows 10): Executed 290 of 493 (16 FAILED) (0 secs / 2.143 secs)
LOG: 'Γ£à BDD: Verifying non-stored route is not attached'
[1A[2KChrome Headless 141.0.0.0 (Windows 10): Executed 291 of 493 (16 FAILED) (0 secs / 2.145 secs)
[1A[2KLOG: '≡ƒöº BDD: Setting up stored route for handle retrieval'
Chrome Headless 141.0.0.0 (Windows 10): Executed 291 of 493 (16 FAILED) (0 secs / 2.145 secs)
LOG: '≡ƒöº BDD: Setting up stored route for handle retrieval'
[1A[2KLOG: 'ΓÜÖ∩╕Å BDD: Retrieving stored route handle'
Chrome Headless 141.0.0.0 (Windows 10): Executed 291 of 493 (16 FAILED) (0 secs / 2.145 secs)
LOG: 'ΓÜÖ∩╕Å BDD: Retrieving stored route handle'
[1A[2KLOG: 'Γ£à BDD: Verifying route handle retrieval and logging'
Chrome Headless 141.0.0.0 (Windows 10): Executed 291 of 493 (16 FAILED) (0 secs / 2.145 secs)
LOG: 'Γ£à BDD: Verifying route handle retrieval and logging'
[1A[2KChrome Headless 141.0.0.0 (Windows 10): Executed 292 of 493 (16 FAILED) (0 secs / 2.147 secs)
[1A[2KLOG: '≡ƒöº BDD: Setting up non-stored route for handle retrieval'
Chrome Headless 141.0.0.0 (Windows 10): Executed 292 of 493 (16 FAILED) (0 secs / 2.147 secs)
LOG: '≡ƒöº BDD: Setting up non-stored route for handle retrieval'
[1A[2KLOG: 'ΓÜÖ∩╕Å BDD: Retrieving handle for non-stored route'
Chrome Headless 141.0.0.0 (Windows 10): Executed 292 of 493 (16 FAILED) (0 secs / 2.147 secs)
LOG: 'ΓÜÖ∩╕Å BDD: Retrieving handle for non-stored route'
[1A[2KLOG: 'Γ£à BDD: Verifying null return for non-stored route'
Chrome Headless 141.0.0.0 (Windows 10): Executed 292 of 493 (16 FAILED) (0 secs / 2.147 secs)
LOG: 'Γ£à BDD: Verifying null return for non-stored route'
[1A[2KChrome Headless 141.0.0.0 (Windows 10): Executed 293 of 493 (16 FAILED) (0 secs / 2.149 secs)
[1A[2KLOG: '≡ƒöº BDD: Setting up future and current route snapshots'
Chrome Headless 141.0.0.0 (Windows 10): Executed 293 of 493 (16 FAILED) (0 secs / 2.149 secs)
LOG: '≡ƒöº BDD: Setting up future and current route snapshots'
[1A[2KLOG: 'ΓÜÖ∩╕Å BDD: Checking route reuse decision'
Chrome Headless 141.0.0.0 (Windows 10): Executed 293 of 493 (16 FAILED) (0 secs / 2.149 secs)
LOG: 'ΓÜÖ∩╕Å BDD: Checking route reuse decision'
[1A[2KLOG: 'Γ£à BDD: Verifying route reuse decision and logging'
Chrome Headless 141.0.0.0 (Windows 10): Executed 293 of 493 (16 FAILED) (0 secs / 2.149 secs)
LOG: 'Γ£à BDD: Verifying route reuse decision and logging'
[1A[2KChrome Headless 141.0.0.0 (Windows 10): Executed 294 of 493 (16 FAILED) (0 secs / 2.153 secs)
[1A[2KLOG: '≡ƒöº BDD: Setting up route with routeConfig for key generation'
Chrome Headless 141.0.0.0 (Windows 10): Executed 294 of 493 (16 FAILED) (0 secs / 2.153 secs)
LOG: '≡ƒöº BDD: Setting up route with routeConfig for key generation'
[1A[2KLOG: 'ΓÜÖ∩╕Å BDD: Getting route key for storage'
Chrome Headless 141.0.0.0 (Windows 10): Executed 294 of 493 (16 FAILED) (0 secs / 2.153 secs)
LOG: 'ΓÜÖ∩╕Å BDD: Getting route key for storage'
[1A[2KLOG: 'Γ£à BDD: Verifying route key generation from routeConfig'
Chrome Headless 141.0.0.0 (Windows 10): Executed 294 of 493 (16 FAILED) (0 secs / 2.153 secs)
LOG: 'Γ£à BDD: Verifying route key generation from routeConfig'
[1A[2KChrome Headless 141.0.0.0 (Windows 10): Executed 295 of 493 (16 FAILED) (0 secs / 2.155 secs)
[1A[2KLOG: '≡ƒöº BDD: Setting up route without routeConfig for key generation'
Chrome Headless 141.0.0.0 (Windows 10): Executed 295 of 493 (16 FAILED) (0 secs / 2.155 secs)
LOG: '≡ƒöº BDD: Setting up route without routeConfig for key generation'
[1A[2KLOG: 'ΓÜÖ∩╕Å BDD: Getting route key for route without routeConfig'
Chrome Headless 141.0.0.0 (Windows 10): Executed 295 of 493 (16 FAILED) (0 secs / 2.155 secs)
LOG: 'ΓÜÖ∩╕Å BDD: Getting route key for route without routeConfig'
[1A[2KLOG: 'Γ£à BDD: Verifying route key generation from URL segments'
Chrome Headless 141.0.0.0 (Windows 10): Executed 295 of 493 (16 FAILED) (0 secs / 2.155 secs)
LOG: 'Γ£à BDD: Verifying route key generation from URL segments'
[1A[2KChrome Headless 141.0.0.0 (Windows 10): Executed 296 of 493 (16 FAILED) (0 secs / 2.157 secs)
[1A[2KLOG: '≡ƒöº BDD: Setting up strategy for comprehensive logging test'
Chrome Headless 141.0.0.0 (Windows 10): Executed 296 of 493 (16 FAILED) (0 secs / 2.157 secs)
LOG: '≡ƒöº BDD: Setting up strategy for comprehensive logging test'
[1A[2KLOG: 'ΓÜÖ∩╕Å BDD: Performing multiple route strategy operations'
Chrome Headless 141.0.0.0 (Windows 10): Executed 296 of 493 (16 FAILED) (0 secs / 2.157 secs)
LOG: 'ΓÜÖ∩╕Å BDD: Performing multiple route strategy operations'
[1A[2KLOG: 'Γ£à BDD: Verifying comprehensive operation logging'
Chrome Headless 141.0.0.0 (Windows 10): Executed 296 of 493 (16 FAILED) (0 secs / 2.157 secs)
LOG: 'Γ£à BDD: Verifying comprehensive operation logging'
[1A[2KChrome Headless 141.0.0.0 (Windows 10): Executed 297 of 493 (16 FAILED) (0 secs / 2.159 secs)
[1A[2KLOG: '≡ƒöº BDD: Setting up multiple routes for storage management test'
Chrome Headless 141.0.0.0 (Windows 10): Executed 297 of 493 (16 FAILED) (0 secs / 2.159 secs)
LOG: '≡ƒöº BDD: Setting up multiple routes for storage management test'
[1A[2KLOG: 'ΓÜÖ∩╕Å BDD: Storing multiple routes'
Chrome Headless 141.0.0.0 (Windows 10): Executed 297 of 493 (16 FAILED) (0 secs / 2.159 secs)
LOG: 'ΓÜÖ∩╕Å BDD: Storing multiple routes'
[1A[2KLOG: 'Γ£à BDD: Verifying independent route storage and retrieval'
Chrome Headless 141.0.0.0 (Windows 10): Executed 297 of 493 (16 FAILED) (0 secs / 2.159 secs)
LOG: 'Γ£à BDD: Verifying independent route storage and retrieval'
[1A[2KChrome Headless 141.0.0.0 (Windows 10): Executed 298 of 493 (16 FAILED) (0 secs / 2.161 secs)
[1A[2KChrome Headless 141.0.0.0 (Windows 10): Executed 299 of 493 (16 FAILED) (0 secs / 2.163 secs)
[1A[2KChrome Headless 141.0.0.0 (Windows 10): Executed 300 of 493 (16 FAILED) (0 secs / 2.165 secs)
[1A[2KChrome Headless 141.0.0.0 (Windows 10): Executed 301 of 493 (16 FAILED) (0 secs / 2.166 secs)
[1A[2KChrome Headless 141.0.0.0 (Windows 10): Executed 302 of 493 (16 FAILED) (0 secs / 2.167 secs)
[1A[2KChrome Headless 141.0.0.0 (Windows 10): Executed 303 of 493 (16 FAILED) (0 secs / 2.168 secs)
[1A[2KChrome Headless 141.0.0.0 (Windows 10): Executed 304 of 493 (16 FAILED) (0 secs / 2.169 secs)
[1A[2KChrome Headless 141.0.0.0 (Windows 10): Executed 305 of 493 (16 FAILED) (0 secs / 2.17 secs)
[1A[2KChrome Headless 141.0.0.0 (Windows 10): Executed 306 of 493 (16 FAILED) (0 secs / 2.171 secs)
[1A[2KChrome Headless 141.0.0.0 (Windows 10): Executed 307 of 493 (16 FAILED) (0 secs / 2.172 secs)
[1A[2KChrome Headless 141.0.0.0 (Windows 10): Executed 308 of 493 (16 FAILED) (0 secs / 2.174 secs)
[1A[2KChrome Headless 141.0.0.0 (Windows 10): Executed 309 of 493 (16 FAILED) (0 secs / 2.176 secs)
[1A[2KChrome Headless 141.0.0.0 (Windows 10): Executed 310 of 493 (16 FAILED) (0 secs / 2.177 secs)
[1A[2KChrome Headless 141.0.0.0 (Windows 10): Executed 311 of 493 (16 FAILED) (0 secs / 2.177 secs)
[1A[2KChrome Headless 141.0.0.0 (Windows 10): Executed 312 of 493 (16 FAILED) (0 secs / 2.179 secs)
[1A[2KChrome Headless 141.0.0.0 (Windows 10): Executed 313 of 493 (16 FAILED) (0 secs / 2.18 secs)
[1A[2KChrome Headless 141.0.0.0 (Windows 10): Executed 314 of 493 (16 FAILED) (0 secs / 2.181 secs)
[1A[2KChrome Headless 141.0.0.0 (Windows 10): Executed 315 of 493 (16 FAILED) (0 secs / 2.182 secs)
[1A[2KChrome Headless 141.0.0.0 (Windows 10): Executed 316 of 493 (16 FAILED) (0 secs / 2.197 secs)
[1A[2KChrome Headless 141.0.0.0 (Windows 10): Executed 317 of 493 (16 FAILED) (0 secs / 2.199 secs)
[1A[2KLOG: '≡ƒöº BDD: Setting up router splash component'
Chrome Headless 141.0.0.0 (Windows 10): Executed 317 of 493 (16 FAILED) (0 secs / 2.199 secs)
LOG: '≡ƒöº BDD: Setting up router splash component'
[1A[2KLOG: 'ΓÜÖ∩╕Å BDD: Component initializes'
Chrome Headless 141.0.0.0 (Windows 10): Executed 317 of 493 (16 FAILED) (0 secs / 2.199 secs)
LOG: 'ΓÜÖ∩╕Å BDD: Component initializes'
[1A[2KLOG: 'Γ£à BDD: Verifying component creation'
Chrome Headless 141.0.0.0 (Windows 10): Executed 317 of 493 (16 FAILED) (0 secs / 2.199 secs)
LOG: 'Γ£à BDD: Verifying component creation'
[1A[2KChrome Headless 141.0.0.0 (Windows 10): Executed 318 of 493 (16 FAILED) (0 secs / 2.209 secs)
[1A[2KLOG: '≡ƒöº BDD: Setting up idle router state'
Chrome Headless 141.0.0.0 (Windows 10): Executed 318 of 493 (16 FAILED) (0 secs / 2.209 secs)
LOG: '≡ƒöº BDD: Setting up idle router state'
[1A[2KLOG: 'ΓÜÖ∩╕Å BDD: Navigation starts'
Chrome Headless 141.0.0.0 (Windows 10): Executed 318 of 493 (16 FAILED) (0 secs / 2.209 secs)
LOG: 'ΓÜÖ∩╕Å BDD: Navigation starts'
[1A[2KLOG: 'Γ£à BDD: Verifying splash screen is shown'
Chrome Headless 141.0.0.0 (Windows 10): Executed 318 of 493 (16 FAILED) (0 secs / 2.209 secs)
LOG: 'Γ£à BDD: Verifying splash screen is shown'
[1A[2KChrome Headless 141.0.0.0 (Windows 10): Executed 319 of 493 (16 FAILED) (0 secs / 2.218 secs)
[1A[2KLOG: '≡ƒöº BDD: Setting up active navigation state'
Chrome Headless 141.0.0.0 (Windows 10): Executed 319 of 493 (16 FAILED) (0 secs / 2.218 secs)
LOG: '≡ƒöº BDD: Setting up active navigation state'
[1A[2KLOG: 'ΓÜÖ∩╕Å BDD: Navigation ends'
Chrome Headless 141.0.0.0 (Windows 10): Executed 319 of 493 (16 FAILED) (0 secs / 2.218 secs)
LOG: 'ΓÜÖ∩╕Å BDD: Navigation ends'
[1A[2KLOG: 'Γ£à BDD: Verifying minimum splash duration'
Chrome Headless 141.0.0.0 (Windows 10): Executed 319 of 493 (16 FAILED) (0 secs / 2.218 secs)
LOG: 'Γ£à BDD: Verifying minimum splash duration'
[1A[2KChrome Headless 141.0.0.0 (Windows 10): Executed 320 of 493 (16 FAILED) (0 secs / 2.223 secs)
[1A[2KLOG: '≡ƒöº BDD: Setting up idle router and loading service'
Chrome Headless 141.0.0.0 (Windows 10): Executed 320 of 493 (16 FAILED) (0 secs / 2.223 secs)
LOG: '≡ƒöº BDD: Setting up idle router and loading service'
[1A[2KLOG: 'ΓÜÖ∩╕Å BDD: SplashScreenLoading service becomes active'
Chrome Headless 141.0.0.0 (Windows 10): Executed 320 of 493 (16 FAILED) (0 secs / 2.223 secs)
LOG: 'ΓÜÖ∩╕Å BDD: SplashScreenLoading service becomes active'
[1A[2KLOG: 'Γ£à BDD: Verifying splash screen is shown for loading'
Chrome Headless 141.0.0.0 (Windows 10): Executed 320 of 493 (16 FAILED) (0 secs / 2.223 secs)
LOG: 'Γ£à BDD: Verifying splash screen is shown for loading'
[1A[2KChrome Headless 141.0.0.0 (Windows 10): Executed 321 of 493 (16 FAILED) (0 secs / 2.231 secs)
[1A[2KLOG: '≡ƒöº BDD: Setting up component configuration check'
Chrome Headless 141.0.0.0 (Windows 10): Executed 321 of 493 (16 FAILED) (0 secs / 2.231 secs)
LOG: '≡ƒöº BDD: Setting up component configuration check'
[1A[2KLOG: 'ΓÜÖ∩╕Å BDD: Checking minimum splash duration configuration'
Chrome Headless 141.0.0.0 (Windows 10): Executed 321 of 493 (16 FAILED) (0 secs / 2.231 secs)
LOG: 'ΓÜÖ∩╕Å BDD: Checking minimum splash duration configuration'
[1A[2KLOG: 'Γ£à BDD: Verifying minimum duration is 500ms'
Chrome Headless 141.0.0.0 (Windows 10): Executed 321 of 493 (16 FAILED) (0 secs / 2.231 secs)
LOG: 'Γ£à BDD: Verifying minimum duration is 500ms'
[1A[2KChrome Headless 141.0.0.0 (Windows 10): Executed 322 of 493 (16 FAILED) (0 secs / 2.238 secs)
[1A[2KChrome Headless 141.0.0.0 (Windows 10): Executed 323 of 493 (16 FAILED) (0 secs / 2.24 secs)
[1A[2KChrome Headless 141.0.0.0 (Windows 10): Executed 324 of 493 (16 FAILED) (0 secs / 2.243 secs)
[1A[2KChrome Headless 141.0.0.0 (Windows 10): Executed 325 of 493 (16 FAILED) (0 secs / 2.245 secs)
[1A[2KChrome Headless 141.0.0.0 (Windows 10): Executed 326 of 493 (16 FAILED) (0 secs / 2.247 secs)
[1A[2KChrome Headless 141.0.0.0 (Windows 10): Executed 327 of 493 (16 FAILED) (0 secs / 2.248 secs)
[1A[2KChrome Headless 141.0.0.0 (Windows 10): Executed 328 of 493 (16 FAILED) (0 secs / 2.249 secs)
[1A[2KChrome Headless 141.0.0.0 (Windows 10): Executed 329 of 493 (16 FAILED) (0 secs / 2.25 secs)
[1A[2KChrome Headless 141.0.0.0 (Windows 10): Executed 330 of 493 (16 FAILED) (0 secs / 2.252 secs)
[1A[2KChrome Headless 141.0.0.0 (Windows 10): Executed 331 of 493 (16 FAILED) (0 secs / 2.254 secs)
[1A[2KChrome Headless 141.0.0.0 (Windows 10): Executed 332 of 493 (16 FAILED) (0 secs / 2.255 secs)
[1A[2KChrome Headless 141.0.0.0 (Windows 10): Executed 333 of 493 (16 FAILED) (0 secs / 2.256 secs)
[1A[2KChrome Headless 141.0.0.0 (Windows 10): Executed 334 of 493 (16 FAILED) (0 secs / 2.258 secs)
[1A[2KChrome Headless 141.0.0.0 (Windows 10): Executed 335 of 493 (16 FAILED) (0 secs / 2.259 secs)
[1A[2KChrome Headless 141.0.0.0 (Windows 10): Executed 336 of 493 (16 FAILED) (0 secs / 2.273 secs)
[1A[2KChrome Headless 141.0.0.0 (Windows 10): Executed 337 of 493 (16 FAILED) (0 secs / 2.276 secs)
[1A[2KChrome Headless 141.0.0.0 (Windows 10): Executed 338 of 493 (16 FAILED) (0 secs / 2.28 secs)
[1A[2KChrome Headless 141.0.0.0 (Windows 10): Executed 339 of 493 (16 FAILED) (0 secs / 2.282 secs)
[1A[2KChrome Headless 141.0.0.0 (Windows 10): Executed 340 of 493 (16 FAILED) (0 secs / 2.284 secs)
[1A[2KChrome Headless 141.0.0.0 (Windows 10): Executed 341 of 493 (16 FAILED) (0 secs / 2.287 secs)
[1A[2KChrome Headless 141.0.0.0 (Windows 10): Executed 342 of 493 (16 FAILED) (0 secs / 2.288 secs)
[1A[2KChrome Headless 141.0.0.0 (Windows 10): Executed 343 of 493 (16 FAILED) (0 secs / 2.29 secs)
[1A[2KChrome Headless 141.0.0.0 (Windows 10): Executed 344 of 493 (16 FAILED) (0 secs / 2.292 secs)
[1A[2KChrome Headless 141.0.0.0 (Windows 10): Executed 345 of 493 (16 FAILED) (0 secs / 2.294 secs)
[1A[2KChrome Headless 141.0.0.0 (Windows 10): Executed 346 of 493 (16 FAILED) (0 secs / 2.296 secs)
[1A[2KChrome Headless 141.0.0.0 (Windows 10): Executed 347 of 493 (16 FAILED) (0 secs / 2.297 secs)
[1A[2KChrome Headless 141.0.0.0 (Windows 10): Executed 348 of 493 (16 FAILED) (0 secs / 2.298 secs)
[1A[2KChrome Headless 141.0.0.0 (Windows 10): Executed 349 of 493 (16 FAILED) (0 secs / 2.299 secs)
[1A[2KChrome Headless 141.0.0.0 (Windows 10): Executed 350 of 493 (16 FAILED) (0 secs / 2.3 secs)
[1A[2KChrome Headless 141.0.0.0 (Windows 10): Executed 351 of 493 (16 FAILED) (0 secs / 2.311 secs)
[1A[2KChrome Headless 141.0.0.0 (Windows 10): Executed 352 of 493 (16 FAILED) (0 secs / 2.314 secs)
[1A[2KChrome Headless 141.0.0.0 (Windows 10): Executed 353 of 493 (16 FAILED) (0 secs / 2.318 secs)
[1A[2KChrome Headless 141.0.0.0 (Windows 10): Executed 354 of 493 (16 FAILED) (0 secs / 2.32 secs)
[1A[2KChrome Headless 141.0.0.0 (Windows 10): Executed 355 of 493 (16 FAILED) (0 secs / 2.324 secs)
[1A[2KChrome Headless 141.0.0.0 (Windows 10): Executed 356 of 493 (16 FAILED) (0 secs / 2.329 secs)
[1A[2KLOG: '≡ƒöº BDD: Setting up route with title and description data'
Chrome Headless 141.0.0.0 (Windows 10): Executed 356 of 493 (16 FAILED) (0 secs / 2.329 secs)
LOG: '≡ƒöº BDD: Setting up route with title and description data'
[1A[2KLOG: 'ΓÜÖ∩╕Å BDD: Component initializes with router data'
Chrome Headless 141.0.0.0 (Windows 10): Executed 356 of 493 (16 FAILED) (0 secs / 2.329 secs)
LOG: 'ΓÜÖ∩╕Å BDD: Component initializes with router data'
[1A[2KLOG: 'Γ£à BDD: Verifying title and description are displayed'
Chrome Headless 141.0.0.0 (Windows 10): Executed 356 of 493 (16 FAILED) (0 secs / 2.329 secs)
LOG: 'Γ£à BDD: Verifying title and description are displayed'
[1A[2KChrome Headless 141.0.0.0 (Windows 10) Feature: Dynamic Step Header Display (BDD-Style) Scenario: Display current route title and description Given route has title and description, When component initializes, Then both should be displayed FAILED
	Expected 'Test Title' to be 'Authenticate with Bluesky'.
	    at <Jasmine>
	    at UserContext.<anonymous> (projects/shared/src/lib/step-header/step-header-bdd.component.spec.ts:71:61)
	    at _ZoneDelegate.invoke (node_modules/zone.js/fesm2015/zone.js:398:28)
	    at _ProxyZoneSpec.onInvoke (node_modules/zone.js/fesm2015/zone-testing.js:2132:39)
	    at _ZoneDelegate.invoke (node_modules/zone.js/fesm2015/zone.js:397:34)
	Expected 'Test Description' to be 'Authenticate with Bluesky to migrate'.
	    at <Jasmine>
	    at UserContext.<anonymous> (projects/shared/src/lib/step-header/step-header-bdd.component.spec.ts:72:67)
	    at _ZoneDelegate.invoke (node_modules/zone.js/fesm2015/zone.js:398:28)
	    at _ProxyZoneSpec.onInvoke (node_modules/zone.js/fesm2015/zone-testing.js:2132:39)
	    at _ZoneDelegate.invoke (node_modules/zone.js/fesm2015/zone.js:397:34)
Chrome Headless 141.0.0.0 (Windows 10): Executed 357 of 493 (17 FAILED) (0 secs / 2.337 secs)
[1A[2KLOG: '≡ƒöº BDD: Setting up route with only title data'
Chrome Headless 141.0.0.0 (Windows 10): Executed 357 of 493 (17 FAILED) (0 secs / 2.337 secs)
LOG: '≡ƒöº BDD: Setting up route with only title data'
[1A[2KLOG: 'ΓÜÖ∩╕Å BDD: Component initializes with partial router data'
Chrome Headless 141.0.0.0 (Windows 10): Executed 357 of 493 (17 FAILED) (0 secs / 2.337 secs)
LOG: 'ΓÜÖ∩╕Å BDD: Component initializes with partial router data'
[1A[2KLOG: 'Γ£à BDD: Verifying only title is displayed when description missing'
Chrome Headless 141.0.0.0 (Windows 10): Executed 357 of 493 (17 FAILED) (0 secs / 2.337 secs)
LOG: 'Γ£à BDD: Verifying only title is displayed when description missing'
[1A[2KChrome Headless 141.0.0.0 (Windows 10) Feature: Dynamic Step Header Display (BDD-Style) Scenario: Display current route title and description Given route has only title, When component initializes, Then title should be displayed and description empty FAILED
	Expected 'Test Title' to be 'Upload Data'.
	    at <Jasmine>
	    at UserContext.<anonymous> (projects/shared/src/lib/step-header/step-header-bdd.component.spec.ts:93:61)
	    at _ZoneDelegate.invoke (node_modules/zone.js/fesm2015/zone.js:398:28)
	    at _ProxyZoneSpec.onInvoke (node_modules/zone.js/fesm2015/zone-testing.js:2132:39)
	    at _ZoneDelegate.invoke (node_modules/zone.js/fesm2015/zone.js:397:34)
	Expected 'Test Description' to be ''.
	    at <Jasmine>
	    at UserContext.<anonymous> (projects/shared/src/lib/step-header/step-header-bdd.component.spec.ts:94:67)
	    at _ZoneDelegate.invoke (node_modules/zone.js/fesm2015/zone.js:398:28)
	    at _ProxyZoneSpec.onInvoke (node_modules/zone.js/fesm2015/zone-testing.js:2132:39)
	    at _ZoneDelegate.invoke (node_modules/zone.js/fesm2015/zone.js:397:34)
Chrome Headless 141.0.0.0 (Windows 10): Executed 358 of 493 (18 FAILED) (0 secs / 2.342 secs)
[1A[2KLOG: '≡ƒöº BDD: Setting up navigation to auth step'
Chrome Headless 141.0.0.0 (Windows 10): Executed 358 of 493 (18 FAILED) (0 secs / 2.342 secs)
LOG: '≡ƒöº BDD: Setting up navigation to auth step'
[1A[2KLOG: 'ΓÜÖ∩╕Å BDD: Navigation to auth step completes'
Chrome Headless 141.0.0.0 (Windows 10): Executed 358 of 493 (18 FAILED) (0 secs / 2.342 secs)
LOG: 'ΓÜÖ∩╕Å BDD: Navigation to auth step completes'
[1A[2KLOG: 'Γ£à BDD: Verifying auth step content is displayed'
Chrome Headless 141.0.0.0 (Windows 10): Executed 358 of 493 (18 FAILED) (0 secs / 2.342 secs)
LOG: 'Γ£à BDD: Verifying auth step content is displayed'
[1A[2KChrome Headless 141.0.0.0 (Windows 10) Feature: Dynamic Step Header Display (BDD-Style) Scenario: Navigate between different step routes Given user navigates to auth step, When navigation completes, Then auth title and description should be displayed FAILED
	Expected 'Test Title' to be 'Authenticate with Bluesky'.
	    at <Jasmine>
	    at UserContext.<anonymous> (projects/shared/src/lib/step-header/step-header-bdd.component.spec.ts:120:61)
	    at _ZoneDelegate.invoke (node_modules/zone.js/fesm2015/zone.js:398:28)
	    at _ProxyZoneSpec.onInvoke (node_modules/zone.js/fesm2015/zone-testing.js:2132:39)
	    at _ZoneDelegate.invoke (node_modules/zone.js/fesm2015/zone.js:397:34)
	Expected 'Test Description' to be 'Authenticate with Bluesky to migrate'.
	    at <Jasmine>
	    at UserContext.<anonymous> (projects/shared/src/lib/step-header/step-header-bdd.component.spec.ts:121:67)
	    at _ZoneDelegate.invoke (node_modules/zone.js/fesm2015/zone.js:398:28)
	    at _ProxyZoneSpec.onInvoke (node_modules/zone.js/fesm2015/zone-testing.js:2132:39)
	    at _ZoneDelegate.invoke (node_modules/zone.js/fesm2015/zone.js:397:34)
Chrome Headless 141.0.0.0 (Windows 10): Executed 359 of 493 (19 FAILED) (0 secs / 2.345 secs)
[1A[2KLOG: '≡ƒöº BDD: Setting up navigation to config step'
Chrome Headless 141.0.0.0 (Windows 10): Executed 359 of 493 (19 FAILED) (0 secs / 2.345 secs)
LOG: '≡ƒöº BDD: Setting up navigation to config step'
[1A[2KLOG: 'ΓÜÖ∩╕Å BDD: Navigation to config step completes'
Chrome Headless 141.0.0.0 (Windows 10): Executed 359 of 493 (19 FAILED) (0 secs / 2.345 secs)
LOG: 'ΓÜÖ∩╕Å BDD: Navigation to config step completes'
[1A[2KLOG: 'Γ£à BDD: Verifying config step content is displayed'
Chrome Headless 141.0.0.0 (Windows 10): Executed 359 of 493 (19 FAILED) (0 secs / 2.345 secs)
LOG: 'Γ£à BDD: Verifying config step content is displayed'
[1A[2KChrome Headless 141.0.0.0 (Windows 10) Feature: Dynamic Step Header Display (BDD-Style) Scenario: Navigate between different step routes Given user navigates to config step, When navigation completes, Then config title and description should be displayed FAILED
	Expected 'Test Title' to be 'Configuration'.
	    at <Jasmine>
	    at UserContext.<anonymous> (projects/shared/src/lib/step-header/step-header-bdd.component.spec.ts:145:61)
	    at _ZoneDelegate.invoke (node_modules/zone.js/fesm2015/zone.js:398:28)
	    at _ProxyZoneSpec.onInvoke (node_modules/zone.js/fesm2015/zone-testing.js:2132:39)
	    at _ZoneDelegate.invoke (node_modules/zone.js/fesm2015/zone.js:397:34)
	Expected 'Test Description' to be 'Configure migration settings'.
	    at <Jasmine>
	    at UserContext.<anonymous> (projects/shared/src/lib/step-header/step-header-bdd.component.spec.ts:146:67)
	    at _ZoneDelegate.invoke (node_modules/zone.js/fesm2015/zone.js:398:28)
	    at _ProxyZoneSpec.onInvoke (node_modules/zone.js/fesm2015/zone-testing.js:2132:39)
	    at _ZoneDelegate.invoke (node_modules/zone.js/fesm2015/zone.js:397:34)
Chrome Headless 141.0.0.0 (Windows 10): Executed 360 of 493 (20 FAILED) (0 secs / 2.352 secs)
[1A[2KLOG: '≡ƒöº BDD: Setting up multi-step navigation scenario'
Chrome Headless 141.0.0.0 (Windows 10): Executed 360 of 493 (20 FAILED) (0 secs / 2.352 secs)
LOG: '≡ƒöº BDD: Setting up multi-step navigation scenario'
[1A[2KLOG: 'ΓÜÖ∩╕Å BDD: User navigates from upload to auth step'
Chrome Headless 141.0.0.0 (Windows 10): Executed 360 of 493 (20 FAILED) (0 secs / 2.352 secs)
LOG: 'ΓÜÖ∩╕Å BDD: User navigates from upload to auth step'
[1A[2KLOG: 'Γ£à BDD: Verifying auth content is displayed after navigation'
Chrome Headless 141.0.0.0 (Windows 10): Executed 360 of 493 (20 FAILED) (0 secs / 2.352 secs)
LOG: 'Γ£à BDD: Verifying auth content is displayed after navigation'
[1A[2KLOG: 'ΓÜÖ∩╕Å BDD: User navigates from auth to config step'
Chrome Headless 141.0.0.0 (Windows 10): Executed 360 of 493 (20 FAILED) (0 secs / 2.352 secs)
LOG: 'ΓÜÖ∩╕Å BDD: User navigates from auth to config step'
[1A[2KLOG: 'Γ£à BDD: Verifying config content is displayed after second navigation'
Chrome Headless 141.0.0.0 (Windows 10): Executed 360 of 493 (20 FAILED) (0 secs / 2.352 secs)
LOG: 'Γ£à BDD: Verifying config content is displayed after second navigation'
[1A[2KChrome Headless 141.0.0.0 (Windows 10) Feature: Dynamic Step Header Display (BDD-Style) Scenario: Navigate between different step routes Given user navigates between multiple steps, When each navigation completes, Then content should update reactively FAILED
	Expected 'Test Title' to be 'Authenticate with Bluesky'.
	    at <Jasmine>
	    at UserContext.<anonymous> (projects/shared/src/lib/step-header/step-header-bdd.component.spec.ts:173:61)
	    at _ZoneDelegate.invoke (node_modules/zone.js/fesm2015/zone.js:398:28)
	    at _ProxyZoneSpec.onInvoke (node_modules/zone.js/fesm2015/zone-testing.js:2132:39)
	    at _ZoneDelegate.invoke (node_modules/zone.js/fesm2015/zone.js:397:34)
	Expected 'Test Description' to be 'Authenticate with Bluesky to migrate'.
	    at <Jasmine>
	    at UserContext.<anonymous> (projects/shared/src/lib/step-header/step-header-bdd.component.spec.ts:174:67)
	    at _ZoneDelegate.invoke (node_modules/zone.js/fesm2015/zone.js:398:28)
	    at _ProxyZoneSpec.onInvoke (node_modules/zone.js/fesm2015/zone-testing.js:2132:39)
	    at _ZoneDelegate.invoke (node_modules/zone.js/fesm2015/zone.js:397:34)
	Expected 'Test Title' to be 'Configuration'.
	    at <Jasmine>
	    at UserContext.<anonymous> (projects/shared/src/lib/step-header/step-header-bdd.component.spec.ts:189:61)
	    at _ZoneDelegate.invoke (node_modules/zone.js/fesm2015/zone.js:398:28)
	    at _ProxyZoneSpec.onInvoke (node_modules/zone.js/fesm2015/zone-testing.js:2132:39)
	    at _ZoneDelegate.invoke (node_modules/zone.js/fesm2015/zone.js:397:34)
	Expected 'Test Description' to be 'Configure migration settings'.
	    at <Jasmine>
	    at UserContext.<anonymous> (projects/shared/src/lib/step-header/step-header-bdd.component.spec.ts:190:67)
	    at _ZoneDelegate.invoke (node_modules/zone.js/fesm2015/zone.js:398:28)
	    at _ProxyZoneSpec.onInvoke (node_modules/zone.js/fesm2015/zone-testing.js:2132:39)
	    at _ZoneDelegate.invoke (node_modules/zone.js/fesm2015/zone.js:397:34)
Chrome Headless 141.0.0.0 (Windows 10): Executed 361 of 493 (21 FAILED) (0 secs / 2.358 secs)
[1A[2KLOG: '≡ƒöº BDD: Setting up nested route structure'
Chrome Headless 141.0.0.0 (Windows 10): Executed 361 of 493 (21 FAILED) (0 secs / 2.358 secs)
LOG: '≡ƒöº BDD: Setting up nested route structure'
[1A[2KLOG: 'ΓÜÖ∩╕Å BDD: Component accesses nested route data'
Chrome Headless 141.0.0.0 (Windows 10): Executed 361 of 493 (21 FAILED) (0 secs / 2.358 secs)
LOG: 'ΓÜÖ∩╕Å BDD: Component accesses nested route data'
[1A[2KLOG: 'Γ£à BDD: Verifying child route data is displayed from deepest nesting'
Chrome Headless 141.0.0.0 (Windows 10): Executed 361 of 493 (21 FAILED) (0 secs / 2.358 secs)
LOG: 'Γ£à BDD: Verifying child route data is displayed from deepest nesting'
[1A[2KChrome Headless 141.0.0.0 (Windows 10): Executed 362 of 493 (21 FAILED) (0 secs / 2.362 secs)
[1A[2KLOG: '≡ƒöº BDD: Setting up deeply nested route structure'
Chrome Headless 141.0.0.0 (Windows 10): Executed 362 of 493 (21 FAILED) (0 secs / 2.362 secs)
LOG: '≡ƒöº BDD: Setting up deeply nested route structure'
[1A[2KLOG: 'ΓÜÖ∩╕Å BDD: Component traverses deeply nested route structure'
Chrome Headless 141.0.0.0 (Windows 10): Executed 362 of 493 (21 FAILED) (0 secs / 2.362 secs)
LOG: 'ΓÜÖ∩╕Å BDD: Component traverses deeply nested route structure'
[1A[2KLOG: 'Γ£à BDD: Verifying deepest child route data is displayed'
Chrome Headless 141.0.0.0 (Windows 10): Executed 362 of 493 (21 FAILED) (0 secs / 2.362 secs)
LOG: 'Γ£à BDD: Verifying deepest child route data is displayed'
[1A[2KChrome Headless 141.0.0.0 (Windows 10): Executed 363 of 493 (21 FAILED) (0 secs / 2.364 secs)
[1A[2KLOG: '≡ƒöº BDD: Setting up route with null title'
Chrome Headless 141.0.0.0 (Windows 10): Executed 363 of 493 (21 FAILED) (0 secs / 2.364 secs)
LOG: '≡ƒöº BDD: Setting up route with null title'
[1A[2KLOG: 'ΓÜÖ∩╕Å BDD: Component initializes with null title'
Chrome Headless 141.0.0.0 (Windows 10): Executed 363 of 493 (21 FAILED) (0 secs / 2.364 secs)
LOG: 'ΓÜÖ∩╕Å BDD: Component initializes with null title'
[1A[2KLOG: 'Γ£à BDD: Verifying null title is handled gracefully'
Chrome Headless 141.0.0.0 (Windows 10): Executed 363 of 493 (21 FAILED) (0 secs / 2.364 secs)
LOG: 'Γ£à BDD: Verifying null title is handled gracefully'
[1A[2KChrome Headless 141.0.0.0 (Windows 10) Feature: Dynamic Step Header Display (BDD-Style) Scenario: Handle missing or malformed route data Given route with null title, When component initializes, Then should display empty title gracefully FAILED
	Expected 'Test Title' to be ''.
	    at <Jasmine>
	    at UserContext.<anonymous> (projects/shared/src/lib/step-header/step-header-bdd.component.spec.ts:293:61)
	    at _ZoneDelegate.invoke (node_modules/zone.js/fesm2015/zone.js:398:28)
	    at _ProxyZoneSpec.onInvoke (node_modules/zone.js/fesm2015/zone-testing.js:2132:39)
	    at _ZoneDelegate.invoke (node_modules/zone.js/fesm2015/zone.js:397:34)
	Expected 'Test Description' to be 'Valid Description'.
	    at <Jasmine>
	    at UserContext.<anonymous> (projects/shared/src/lib/step-header/step-header-bdd.component.spec.ts:294:67)
	    at _ZoneDelegate.invoke (node_modules/zone.js/fesm2015/zone.js:398:28)
	    at _ProxyZoneSpec.onInvoke (node_modules/zone.js/fesm2015/zone-testing.js:2132:39)
	    at _ZoneDelegate.invoke (node_modules/zone.js/fesm2015/zone.js:397:34)
Chrome Headless 141.0.0.0 (Windows 10): Executed 364 of 493 (22 FAILED) (0 secs / 2.368 secs)
[1A[2KLOG: '≡ƒöº BDD: Setting up route with null data object'
Chrome Headless 141.0.0.0 (Windows 10): Executed 364 of 493 (22 FAILED) (0 secs / 2.368 secs)
LOG: '≡ƒöº BDD: Setting up route with null data object'
[1A[2KLOG: 'ΓÜÖ∩╕Å BDD: Component initializes with null data object'
Chrome Headless 141.0.0.0 (Windows 10): Executed 364 of 493 (22 FAILED) (0 secs / 2.368 secs)
LOG: 'ΓÜÖ∩╕Å BDD: Component initializes with null data object'
[1A[2KLOG: 'Γ£à BDD: Verifying null data object is handled gracefully'
Chrome Headless 141.0.0.0 (Windows 10): Executed 364 of 493 (22 FAILED) (0 secs / 2.368 secs)
LOG: 'Γ£à BDD: Verifying null data object is handled gracefully'
[1A[2KChrome Headless 141.0.0.0 (Windows 10) Feature: Dynamic Step Header Display (BDD-Style) Scenario: Handle missing or malformed route data Given route with null data object, When component initializes, Then should display empty description gracefully FAILED
	Expected 'Test Title' to be 'Valid Title'.
	    at <Jasmine>
	    at UserContext.<anonymous> (projects/shared/src/lib/step-header/step-header-bdd.component.spec.ts:315:61)
	    at _ZoneDelegate.invoke (node_modules/zone.js/fesm2015/zone.js:398:28)
	    at _ProxyZoneSpec.onInvoke (node_modules/zone.js/fesm2015/zone-testing.js:2132:39)
	    at _ZoneDelegate.invoke (node_modules/zone.js/fesm2015/zone.js:397:34)
	Expected 'Test Description' to be ''.
	    at <Jasmine>
	    at UserContext.<anonymous> (projects/shared/src/lib/step-header/step-header-bdd.component.spec.ts:316:67)
	    at _ZoneDelegate.invoke (node_modules/zone.js/fesm2015/zone.js:398:28)
	    at _ProxyZoneSpec.onInvoke (node_modules/zone.js/fesm2015/zone-testing.js:2132:39)
	    at _ZoneDelegate.invoke (node_modules/zone.js/fesm2015/zone.js:397:34)
Chrome Headless 141.0.0.0 (Windows 10): Executed 365 of 493 (23 FAILED) (0 secs / 2.374 secs)
[1A[2KLOG: '≡ƒöº BDD: Setting up route with undefined title and description'
Chrome Headless 141.0.0.0 (Windows 10): Executed 365 of 493 (23 FAILED) (0 secs / 2.374 secs)
LOG: '≡ƒöº BDD: Setting up route with undefined title and description'
[1A[2KLOG: 'ΓÜÖ∩╕Å BDD: Component initializes with undefined values'
Chrome Headless 141.0.0.0 (Windows 10): Executed 365 of 493 (23 FAILED) (0 secs / 2.374 secs)
LOG: 'ΓÜÖ∩╕Å BDD: Component initializes with undefined values'
[1A[2KLOG: 'Γ£à BDD: Verifying undefined values are handled gracefully'
Chrome Headless 141.0.0.0 (Windows 10): Executed 365 of 493 (23 FAILED) (0 secs / 2.374 secs)
LOG: 'Γ£à BDD: Verifying undefined values are handled gracefully'
[1A[2KChrome Headless 141.0.0.0 (Windows 10) Feature: Dynamic Step Header Display (BDD-Style) Scenario: Handle missing or malformed route data Given route with undefined title and description, When component initializes, Then should display empty content gracefully FAILED
	Expected 'Test Title' to be ''.
	    at <Jasmine>
	    at UserContext.<anonymous> (projects/shared/src/lib/step-header/step-header-bdd.component.spec.ts:337:61)
	    at _ZoneDelegate.invoke (node_modules/zone.js/fesm2015/zone.js:398:28)
	    at _ProxyZoneSpec.onInvoke (node_modules/zone.js/fesm2015/zone-testing.js:2132:39)
	    at _ZoneDelegate.invoke (node_modules/zone.js/fesm2015/zone.js:397:34)
	Expected 'Test Description' to be ''.
	    at <Jasmine>
	    at UserContext.<anonymous> (projects/shared/src/lib/step-header/step-header-bdd.component.spec.ts:338:67)
	    at _ZoneDelegate.invoke (node_modules/zone.js/fesm2015/zone.js:398:28)
	    at _ProxyZoneSpec.onInvoke (node_modules/zone.js/fesm2015/zone-testing.js:2132:39)
	    at _ZoneDelegate.invoke (node_modules/zone.js/fesm2015/zone.js:397:34)
Chrome Headless 141.0.0.0 (Windows 10): Executed 366 of 493 (24 FAILED) (0 secs / 2.377 secs)
[1A[2KLOG: '≡ƒöº BDD: Setting up component for CSS inspection'
Chrome Headless 141.0.0.0 (Windows 10): Executed 366 of 493 (24 FAILED) (0 secs / 2.377 secs)
LOG: '≡ƒöº BDD: Setting up component for CSS inspection'
[1A[2KLOG: 'ΓÜÖ∩╕Å BDD: Component renders with styling'
Chrome Headless 141.0.0.0 (Windows 10): Executed 366 of 493 (24 FAILED) (0 secs / 2.377 secs)
LOG: 'ΓÜÖ∩╕Å BDD: Component renders with styling'
[1A[2KLOG: 'Γ£à BDD: Verifying CSS classes and DOM structure'
Chrome Headless 141.0.0.0 (Windows 10): Executed 366 of 493 (24 FAILED) (0 secs / 2.377 secs)
LOG: 'Γ£à BDD: Verifying CSS classes and DOM structure'
[1A[2KChrome Headless 141.0.0.0 (Windows 10): Executed 367 of 493 (24 FAILED) (0 secs / 2.383 secs)
[1A[2KLOG: '≡ƒöº BDD: Setting up component for accessibility inspection'
Chrome Headless 141.0.0.0 (Windows 10): Executed 367 of 493 (24 FAILED) (0 secs / 2.383 secs)
LOG: '≡ƒöº BDD: Setting up component for accessibility inspection'
[1A[2KLOG: 'ΓÜÖ∩╕Å BDD: Component renders with semantic content'
Chrome Headless 141.0.0.0 (Windows 10): Executed 367 of 493 (24 FAILED) (0 secs / 2.383 secs)
LOG: 'ΓÜÖ∩╕Å BDD: Component renders with semantic content'
[1A[2KLOG: 'Γ£à BDD: Verifying semantic HTML structure for accessibility'
Chrome Headless 141.0.0.0 (Windows 10): Executed 367 of 493 (24 FAILED) (0 secs / 2.383 secs)
LOG: 'Γ£à BDD: Verifying semantic HTML structure for accessibility'
[1A[2KChrome Headless 141.0.0.0 (Windows 10) Feature: Dynamic Step Header Display (BDD-Style) Scenario: Component styling and CSS classes Given component renders content, When checking accessibility, Then should have proper semantic HTML structure FAILED
	Expected 'Test Title' to be 'Migrate Data'.
	    at <Jasmine>
	    at UserContext.<anonymous> (projects/shared/src/lib/step-header/step-header-bdd.component.spec.ts:389:61)
	    at _ZoneDelegate.invoke (node_modules/zone.js/fesm2015/zone.js:398:28)
	    at _ProxyZoneSpec.onInvoke (node_modules/zone.js/fesm2015/zone-testing.js:2132:39)
	    at _ZoneDelegate.invoke (node_modules/zone.js/fesm2015/zone.js:397:34)
	Expected 'Test Description' to be 'Start the migration process'.
	    at <Jasmine>
	    at UserContext.<anonymous> (projects/shared/src/lib/step-header/step-header-bdd.component.spec.ts:390:67)
	    at _ZoneDelegate.invoke (node_modules/zone.js/fesm2015/zone.js:398:28)
	    at _ProxyZoneSpec.onInvoke (node_modules/zone.js/fesm2015/zone-testing.js:2132:39)
	    at _ZoneDelegate.invoke (node_modules/zone.js/fesm2015/zone.js:397:34)
Chrome Headless 141.0.0.0 (Windows 10): Executed 368 of 493 (25 FAILED) (0 secs / 2.386 secs)
[1A[2KLOG: '≡ƒöº BDD: Setting up rapid navigation scenario'
Chrome Headless 141.0.0.0 (Windows 10): Executed 368 of 493 (25 FAILED) (0 secs / 2.386 secs)
LOG: '≡ƒöº BDD: Setting up rapid navigation scenario'
[1A[2KLOG: 'ΓÜÖ∩╕Å BDD: Firing multiple rapid navigation events'
Chrome Headless 141.0.0.0 (Windows 10): Executed 368 of 493 (25 FAILED) (0 secs / 2.386 secs)
LOG: 'ΓÜÖ∩╕Å BDD: Firing multiple rapid navigation events'
[1A[2KLOG: 'Γ£à BDD: Verifying final navigation state is correctly displayed'
Chrome Headless 141.0.0.0 (Windows 10): Executed 368 of 493 (25 FAILED) (0 secs / 2.386 secs)
LOG: 'Γ£à BDD: Verifying final navigation state is correctly displayed'
[1A[2KChrome Headless 141.0.0.0 (Windows 10) Feature: Dynamic Step Header Display (BDD-Style) Scenario: Observable reactivity and performance Given navigation events occur rapidly, When multiple NavigationEnd events fire, Then should handle updates efficiently FAILED
	Expected 'Test Title' to be 'Final Title'.
	    at <Jasmine>
	    at UserContext.<anonymous> (projects/shared/src/lib/step-header/step-header-bdd.component.spec.ts:438:61)
	    at _ZoneDelegate.invoke (node_modules/zone.js/fesm2015/zone.js:398:28)
	    at _ProxyZoneSpec.onInvoke (node_modules/zone.js/fesm2015/zone-testing.js:2132:39)
	    at _ZoneDelegate.invoke (node_modules/zone.js/fesm2015/zone.js:397:34)
	Expected 'Test Description' to be 'Final Description'.
	    at <Jasmine>
	    at UserContext.<anonymous> (projects/shared/src/lib/step-header/step-header-bdd.component.spec.ts:439:67)
	    at _ZoneDelegate.invoke (node_modules/zone.js/fesm2015/zone.js:398:28)
	    at _ProxyZoneSpec.onInvoke (node_modules/zone.js/fesm2015/zone-testing.js:2132:39)
	    at _ZoneDelegate.invoke (node_modules/zone.js/fesm2015/zone.js:397:34)
Chrome Headless 141.0.0.0 (Windows 10): Executed 369 of 493 (26 FAILED) (0 secs / 2.389 secs)
[1A[2KLOG: '≡ƒöº BDD: Setting up component with active subscriptions'
Chrome Headless 141.0.0.0 (Windows 10): Executed 369 of 493 (26 FAILED) (0 secs / 2.389 secs)
LOG: '≡ƒöº BDD: Setting up component with active subscriptions'
[1A[2KLOG: 'ΓÜÖ∩╕Å BDD: Component lifecycle destruction'
Chrome Headless 141.0.0.0 (Windows 10): Executed 369 of 493 (26 FAILED) (0 secs / 2.389 secs)
LOG: 'ΓÜÖ∩╕Å BDD: Component lifecycle destruction'
[1A[2KLOG: 'Γ£à BDD: Verifying component destruction is handled gracefully'
Chrome Headless 141.0.0.0 (Windows 10): Executed 369 of 493 (26 FAILED) (0 secs / 2.389 secs)
LOG: 'Γ£à BDD: Verifying component destruction is handled gracefully'
[1A[2KChrome Headless 141.0.0.0 (Windows 10): Executed 370 of 493 (26 FAILED) (0 secs / 2.394 secs)
[1A[2KLOG: '≡ƒöº BDD: Setting up navigation to upload step with real route data'
Chrome Headless 141.0.0.0 (Windows 10): Executed 370 of 493 (26 FAILED) (0 secs / 2.394 secs)
LOG: '≡ƒöº BDD: Setting up navigation to upload step with real route data'
[1A[2KLOG: 'ΓÜÖ∩╕Å BDD: Navigating to upload step through router'
Chrome Headless 141.0.0.0 (Windows 10): Executed 370 of 493 (26 FAILED) (0 secs / 2.394 secs)
LOG: 'ΓÜÖ∩╕Å BDD: Navigating to upload step through router'
[1A[2KLOG: 'Γ£à BDD: Verifying upload step header displays correct information'
Chrome Headless 141.0.0.0 (Windows 10): Executed 370 of 493 (26 FAILED) (0 secs / 2.394 secs)
LOG: 'Γ£à BDD: Verifying upload step header displays correct information'
[1A[2KChrome Headless 141.0.0.0 (Windows 10): Executed 371 of 493 (26 FAILED) (0 secs / 2.429 secs)
[1A[2KLOG: '≡ƒöº BDD: Setting up navigation to auth step with real route data'
Chrome Headless 141.0.0.0 (Windows 10): Executed 371 of 493 (26 FAILED) (0 secs / 2.429 secs)
LOG: '≡ƒöº BDD: Setting up navigation to auth step with real route data'
[1A[2KLOG: 'ΓÜÖ∩╕Å BDD: Navigating to auth step through router'
Chrome Headless 141.0.0.0 (Windows 10): Executed 371 of 493 (26 FAILED) (0 secs / 2.429 secs)
LOG: 'ΓÜÖ∩╕Å BDD: Navigating to auth step through router'
[1A[2KLOG: 'Γ£à BDD: Verifying auth step header displays correct information'
Chrome Headless 141.0.0.0 (Windows 10): Executed 371 of 493 (26 FAILED) (0 secs / 2.429 secs)
LOG: 'Γ£à BDD: Verifying auth step header displays correct information'
[1A[2KChrome Headless 141.0.0.0 (Windows 10): Executed 372 of 493 (26 FAILED) (0 secs / 2.441 secs)
[1A[2KLOG: '≡ƒöº BDD: Setting up complete workflow navigation test'
Chrome Headless 141.0.0.0 (Windows 10): Executed 372 of 493 (26 FAILED) (0 secs / 2.441 secs)
LOG: '≡ƒöº BDD: Setting up complete workflow navigation test'
[1A[2KLOG: 'ΓÜÖ∩╕Å BDD: Navigating to /step/upload in workflow'
Chrome Headless 141.0.0.0 (Windows 10): Executed 372 of 493 (26 FAILED) (0 secs / 2.441 secs)
LOG: 'ΓÜÖ∩╕Å BDD: Navigating to /step/upload in workflow'
[1A[2KLOG: 'Γ£à BDD: Verifying /step/upload header displays correct information'
Chrome Headless 141.0.0.0 (Windows 10): Executed 372 of 493 (26 FAILED) (0 secs / 2.441 secs)
LOG: 'Γ£à BDD: Verifying /step/upload header displays correct information'
[1A[2KLOG: 'ΓÜÖ∩╕Å BDD: Navigating to /step/auth in workflow'
Chrome Headless 141.0.0.0 (Windows 10): Executed 372 of 493 (26 FAILED) (0 secs / 2.441 secs)
LOG: 'ΓÜÖ∩╕Å BDD: Navigating to /step/auth in workflow'
[1A[2KLOG: 'Γ£à BDD: Verifying /step/auth header displays correct information'
Chrome Headless 141.0.0.0 (Windows 10): Executed 372 of 493 (26 FAILED) (0 secs / 2.441 secs)
LOG: 'Γ£à BDD: Verifying /step/auth header displays correct information'
[1A[2KLOG: 'ΓÜÖ∩╕Å BDD: Navigating to /step/config in workflow'
Chrome Headless 141.0.0.0 (Windows 10): Executed 372 of 493 (26 FAILED) (0 secs / 2.441 secs)
LOG: 'ΓÜÖ∩╕Å BDD: Navigating to /step/config in workflow'
[1A[2KLOG: 'Γ£à BDD: Verifying /step/config header displays correct information'
Chrome Headless 141.0.0.0 (Windows 10): Executed 372 of 493 (26 FAILED) (0 secs / 2.441 secs)
LOG: 'Γ£à BDD: Verifying /step/config header displays correct information'
[1A[2KLOG: 'ΓÜÖ∩╕Å BDD: Navigating to /step/migrate in workflow'
Chrome Headless 141.0.0.0 (Windows 10): Executed 372 of 493 (26 FAILED) (0 secs / 2.441 secs)
LOG: 'ΓÜÖ∩╕Å BDD: Navigating to /step/migrate in workflow'
[1A[2KLOG: 'Γ£à BDD: Verifying /step/migrate header displays correct information'
Chrome Headless 141.0.0.0 (Windows 10): Executed 372 of 493 (26 FAILED) (0 secs / 2.441 secs)
LOG: 'Γ£à BDD: Verifying /step/migrate header displays correct information'
[1A[2KLOG: 'ΓÜÖ∩╕Å BDD: Navigating to /step/complete in workflow'
Chrome Headless 141.0.0.0 (Windows 10): Executed 372 of 493 (26 FAILED) (0 secs / 2.441 secs)
LOG: 'ΓÜÖ∩╕Å BDD: Navigating to /step/complete in workflow'
[1A[2KLOG: 'Γ£à BDD: Verifying /step/complete header displays correct information'
Chrome Headless 141.0.0.0 (Windows 10): Executed 372 of 493 (26 FAILED) (0 secs / 2.441 secs)
LOG: 'Γ£à BDD: Verifying /step/complete header displays correct information'
[1A[2KChrome Headless 141.0.0.0 (Windows 10): Executed 373 of 493 (26 FAILED) (0 secs / 2.47 secs)
[1A[2KLOG: '≡ƒöº BDD: Validating production route data structure'
Chrome Headless 141.0.0.0 (Windows 10): Executed 373 of 493 (26 FAILED) (0 secs / 2.47 secs)
LOG: '≡ƒöº BDD: Validating production route data structure'
[1A[2KLOG: 'ΓÜÖ∩╕Å BDD: Validating each step has required title and description'
Chrome Headless 141.0.0.0 (Windows 10): Executed 373 of 493 (26 FAILED) (0 secs / 2.47 secs)
LOG: 'ΓÜÖ∩╕Å BDD: Validating each step has required title and description'
[1A[2KLOG: 'Γ£à BDD: Verifying upload step has required route data'
Chrome Headless 141.0.0.0 (Windows 10): Executed 373 of 493 (26 FAILED) (0 secs / 2.47 secs)
LOG: 'Γ£à BDD: Verifying upload step has required route data'
[1A[2KLOG: 'Γ£à BDD: Verifying auth step has required route data'
Chrome Headless 141.0.0.0 (Windows 10): Executed 373 of 493 (26 FAILED) (0 secs / 2.47 secs)
LOG: 'Γ£à BDD: Verifying auth step has required route data'
[1A[2KLOG: 'Γ£à BDD: Verifying config step has required route data'
Chrome Headless 141.0.0.0 (Windows 10): Executed 373 of 493 (26 FAILED) (0 secs / 2.47 secs)
LOG: 'Γ£à BDD: Verifying config step has required route data'
[1A[2KLOG: 'Γ£à BDD: Verifying migrate step has required route data'
Chrome Headless 141.0.0.0 (Windows 10): Executed 373 of 493 (26 FAILED) (0 secs / 2.47 secs)
LOG: 'Γ£à BDD: Verifying migrate step has required route data'
[1A[2KLOG: 'Γ£à BDD: Verifying complete step has required route data'
Chrome Headless 141.0.0.0 (Windows 10): Executed 373 of 493 (26 FAILED) (0 secs / 2.47 secs)
LOG: 'Γ£à BDD: Verifying complete step has required route data'
[1A[2KChrome Headless 141.0.0.0 (Windows 10): Executed 374 of 493 (26 FAILED) (0 secs / 2.478 secs)
[1A[2KLOG: '≡ƒöº BDD: Validating step navigation sequence'
Chrome Headless 141.0.0.0 (Windows 10): Executed 374 of 493 (26 FAILED) (0 secs / 2.478 secs)
LOG: '≡ƒöº BDD: Validating step navigation sequence'
[1A[2KLOG: 'ΓÜÖ∩╕Å BDD: Validating step sequence and navigation links'
Chrome Headless 141.0.0.0 (Windows 10): Executed 374 of 493 (26 FAILED) (0 secs / 2.478 secs)
LOG: 'ΓÜÖ∩╕Å BDD: Validating step sequence and navigation links'
[1A[2KLOG: 'Γ£à BDD: Verifying upload step navigation links'
Chrome Headless 141.0.0.0 (Windows 10): Executed 374 of 493 (26 FAILED) (0 secs / 2.478 secs)
LOG: 'Γ£à BDD: Verifying upload step navigation links'
[1A[2KLOG: 'Γ£à BDD: Verifying auth step navigation links'
Chrome Headless 141.0.0.0 (Windows 10): Executed 374 of 493 (26 FAILED) (0 secs / 2.478 secs)
LOG: 'Γ£à BDD: Verifying auth step navigation links'
[1A[2KLOG: 'Γ£à BDD: Verifying config step navigation links'
Chrome Headless 141.0.0.0 (Windows 10): Executed 374 of 493 (26 FAILED) (0 secs / 2.478 secs)
LOG: 'Γ£à BDD: Verifying config step navigation links'
[1A[2KLOG: 'Γ£à BDD: Verifying migrate step navigation links'
Chrome Headless 141.0.0.0 (Windows 10): Executed 374 of 493 (26 FAILED) (0 secs / 2.478 secs)
LOG: 'Γ£à BDD: Verifying migrate step navigation links'
[1A[2KLOG: 'Γ£à BDD: Verifying complete step navigation links'
Chrome Headless 141.0.0.0 (Windows 10): Executed 374 of 493 (26 FAILED) (0 secs / 2.478 secs)
LOG: 'Γ£à BDD: Verifying complete step navigation links'
[1A[2KChrome Headless 141.0.0.0 (Windows 10): Executed 375 of 493 (26 FAILED) (0 secs / 2.487 secs)
[1A[2KLOG: '≡ƒöº BDD: Setting up rapid navigation performance test'
Chrome Headless 141.0.0.0 (Windows 10): Executed 375 of 493 (26 FAILED) (0 secs / 2.487 secs)
LOG: '≡ƒöº BDD: Setting up rapid navigation performance test'
[1A[2KLOG: 'ΓÜÖ∩╕Å BDD: Performing rapid navigation between all steps'
Chrome Headless 141.0.0.0 (Windows 10): Executed 375 of 493 (26 FAILED) (0 secs / 2.487 secs)
LOG: 'ΓÜÖ∩╕Å BDD: Performing rapid navigation between all steps'
[1A[2KLOG: 'Γ£à BDD: Verifying navigation completes efficiently (11.799999998882413ms)'
Chrome Headless 141.0.0.0 (Windows 10): Executed 375 of 493 (26 FAILED) (0 secs / 2.487 secs)
LOG: 'Γ£à BDD: Verifying navigation completes efficiently (11.799999998882413ms)'
[1A[2KChrome Headless 141.0.0.0 (Windows 10): Executed 376 of 493 (26 FAILED) (0 secs / 2.507 secs)
[1A[2KLOG: '≡ƒöº BDD: Setting up nullTitle edge case scenario'
Chrome Headless 141.0.0.0 (Windows 10): Executed 376 of 493 (26 FAILED) (0 secs / 2.507 secs)
LOG: '≡ƒöº BDD: Setting up nullTitle edge case scenario'
[1A[2KLOG: 'ΓÜÖ∩╕Å BDD: Component renders with nullTitle data'
Chrome Headless 141.0.0.0 (Windows 10): Executed 376 of 493 (26 FAILED) (0 secs / 2.507 secs)
LOG: 'ΓÜÖ∩╕Å BDD: Component renders with nullTitle data'
[1A[2KLOG: 'Γ£à BDD: Verifying nullTitle handled gracefully'
Chrome Headless 141.0.0.0 (Windows 10): Executed 376 of 493 (26 FAILED) (0 secs / 2.507 secs)
LOG: 'Γ£à BDD: Verifying nullTitle handled gracefully'
[1A[2KChrome Headless 141.0.0.0 (Windows 10): Executed 377 of 493 (26 FAILED) (0 secs / 2.513 secs)
[1A[2KLOG: '≡ƒöº BDD: Setting up nullDescription edge case scenario'
Chrome Headless 141.0.0.0 (Windows 10): Executed 377 of 493 (26 FAILED) (0 secs / 2.513 secs)
LOG: '≡ƒöº BDD: Setting up nullDescription edge case scenario'
[1A[2KLOG: 'ΓÜÖ∩╕Å BDD: Component renders with nullDescription data'
Chrome Headless 141.0.0.0 (Windows 10): Executed 377 of 493 (26 FAILED) (0 secs / 2.513 secs)
LOG: 'ΓÜÖ∩╕Å BDD: Component renders with nullDescription data'
[1A[2KLOG: 'Γ£à BDD: Verifying nullDescription handled gracefully'
Chrome Headless 141.0.0.0 (Windows 10): Executed 377 of 493 (26 FAILED) (0 secs / 2.513 secs)
LOG: 'Γ£à BDD: Verifying nullDescription handled gracefully'
[1A[2KChrome Headless 141.0.0.0 (Windows 10): Executed 378 of 493 (26 FAILED) (0 secs / 2.521 secs)
[1A[2KLOG: '≡ƒöº BDD: Setting up nullData edge case scenario'
Chrome Headless 141.0.0.0 (Windows 10): Executed 378 of 493 (26 FAILED) (0 secs / 2.521 secs)
LOG: '≡ƒöº BDD: Setting up nullData edge case scenario'
[1A[2KLOG: 'ΓÜÖ∩╕Å BDD: Component renders with nullData data'
Chrome Headless 141.0.0.0 (Windows 10): Executed 378 of 493 (26 FAILED) (0 secs / 2.521 secs)
LOG: 'ΓÜÖ∩╕Å BDD: Component renders with nullData data'
[1A[2KLOG: 'Γ£à BDD: Verifying nullData handled gracefully'
Chrome Headless 141.0.0.0 (Windows 10): Executed 378 of 493 (26 FAILED) (0 secs / 2.521 secs)
LOG: 'Γ£à BDD: Verifying nullData handled gracefully'
[1A[2KChrome Headless 141.0.0.0 (Windows 10): Executed 379 of 493 (26 FAILED) (0 secs / 2.527 secs)
[1A[2KLOG: '≡ƒöº BDD: Setting up undefinedTitle edge case scenario'
Chrome Headless 141.0.0.0 (Windows 10): Executed 379 of 493 (26 FAILED) (0 secs / 2.527 secs)
LOG: '≡ƒöº BDD: Setting up undefinedTitle edge case scenario'
[1A[2KLOG: 'ΓÜÖ∩╕Å BDD: Component renders with undefinedTitle data'
Chrome Headless 141.0.0.0 (Windows 10): Executed 379 of 493 (26 FAILED) (0 secs / 2.527 secs)
LOG: 'ΓÜÖ∩╕Å BDD: Component renders with undefinedTitle data'
[1A[2KLOG: 'Γ£à BDD: Verifying undefinedTitle handled gracefully'
Chrome Headless 141.0.0.0 (Windows 10): Executed 379 of 493 (26 FAILED) (0 secs / 2.527 secs)
LOG: 'Γ£à BDD: Verifying undefinedTitle handled gracefully'
[1A[2KChrome Headless 141.0.0.0 (Windows 10): Executed 380 of 493 (26 FAILED) (0 secs / 2.531 secs)
[1A[2KLOG: '≡ƒöº BDD: Setting up undefinedDescription edge case scenario'
Chrome Headless 141.0.0.0 (Windows 10): Executed 380 of 493 (26 FAILED) (0 secs / 2.531 secs)
LOG: '≡ƒöº BDD: Setting up undefinedDescription edge case scenario'
[1A[2KLOG: 'ΓÜÖ∩╕Å BDD: Component renders with undefinedDescription data'
Chrome Headless 141.0.0.0 (Windows 10): Executed 380 of 493 (26 FAILED) (0 secs / 2.531 secs)
LOG: 'ΓÜÖ∩╕Å BDD: Component renders with undefinedDescription data'
[1A[2KLOG: 'Γ£à BDD: Verifying undefinedDescription handled gracefully'
Chrome Headless 141.0.0.0 (Windows 10): Executed 380 of 493 (26 FAILED) (0 secs / 2.531 secs)
LOG: 'Γ£à BDD: Verifying undefinedDescription handled gracefully'
[1A[2KChrome Headless 141.0.0.0 (Windows 10): Executed 381 of 493 (26 FAILED) (0 secs / 2.536 secs)
[1A[2KLOG: '≡ƒöº BDD: Setting up undefinedData edge case scenario'
Chrome Headless 141.0.0.0 (Windows 10): Executed 381 of 493 (26 FAILED) (0 secs / 2.536 secs)
LOG: '≡ƒöº BDD: Setting up undefinedData edge case scenario'
[1A[2KLOG: 'ΓÜÖ∩╕Å BDD: Component renders with undefinedData data'
Chrome Headless 141.0.0.0 (Windows 10): Executed 381 of 493 (26 FAILED) (0 secs / 2.536 secs)
LOG: 'ΓÜÖ∩╕Å BDD: Component renders with undefinedData data'
[1A[2KLOG: 'Γ£à BDD: Verifying undefinedData handled gracefully'
Chrome Headless 141.0.0.0 (Windows 10): Executed 381 of 493 (26 FAILED) (0 secs / 2.536 secs)
LOG: 'Γ£à BDD: Verifying undefinedData handled gracefully'
[1A[2KChrome Headless 141.0.0.0 (Windows 10): Executed 382 of 493 (26 FAILED) (0 secs / 2.54 secs)
[1A[2KLOG: '≡ƒöº BDD: Setting up emptyTitle edge case scenario'
Chrome Headless 141.0.0.0 (Windows 10): Executed 382 of 493 (26 FAILED) (0 secs / 2.54 secs)
LOG: '≡ƒöº BDD: Setting up emptyTitle edge case scenario'
[1A[2KLOG: 'ΓÜÖ∩╕Å BDD: Component renders with emptyTitle data'
Chrome Headless 141.0.0.0 (Windows 10): Executed 382 of 493 (26 FAILED) (0 secs / 2.54 secs)
LOG: 'ΓÜÖ∩╕Å BDD: Component renders with emptyTitle data'
[1A[2KLOG: 'Γ£à BDD: Verifying emptyTitle handled gracefully'
Chrome Headless 141.0.0.0 (Windows 10): Executed 382 of 493 (26 FAILED) (0 secs / 2.54 secs)
LOG: 'Γ£à BDD: Verifying emptyTitle handled gracefully'
[1A[2KChrome Headless 141.0.0.0 (Windows 10): Executed 383 of 493 (26 FAILED) (0 secs / 2.543 secs)
[1A[2KLOG: '≡ƒöº BDD: Setting up emptyDescription edge case scenario'
Chrome Headless 141.0.0.0 (Windows 10): Executed 383 of 493 (26 FAILED) (0 secs / 2.543 secs)
LOG: '≡ƒöº BDD: Setting up emptyDescription edge case scenario'
[1A[2KLOG: 'ΓÜÖ∩╕Å BDD: Component renders with emptyDescription data'
Chrome Headless 141.0.0.0 (Windows 10): Executed 383 of 493 (26 FAILED) (0 secs / 2.543 secs)
LOG: 'ΓÜÖ∩╕Å BDD: Component renders with emptyDescription data'
[1A[2KLOG: 'Γ£à BDD: Verifying emptyDescription handled gracefully'
Chrome Headless 141.0.0.0 (Windows 10): Executed 383 of 493 (26 FAILED) (0 secs / 2.543 secs)
LOG: 'Γ£à BDD: Verifying emptyDescription handled gracefully'
[1A[2KChrome Headless 141.0.0.0 (Windows 10): Executed 384 of 493 (26 FAILED) (0 secs / 2.546 secs)
[1A[2KLOG: '≡ƒöº BDD: Setting up emptyDataObject edge case scenario'
Chrome Headless 141.0.0.0 (Windows 10): Executed 384 of 493 (26 FAILED) (0 secs / 2.546 secs)
LOG: '≡ƒöº BDD: Setting up emptyDataObject edge case scenario'
[1A[2KLOG: 'ΓÜÖ∩╕Å BDD: Component renders with emptyDataObject data'
Chrome Headless 141.0.0.0 (Windows 10): Executed 384 of 493 (26 FAILED) (0 secs / 2.546 secs)
LOG: 'ΓÜÖ∩╕Å BDD: Component renders with emptyDataObject data'
[1A[2KLOG: 'Γ£à BDD: Verifying emptyDataObject handled gracefully'
Chrome Headless 141.0.0.0 (Windows 10): Executed 384 of 493 (26 FAILED) (0 secs / 2.546 secs)
LOG: 'Γ£à BDD: Verifying emptyDataObject handled gracefully'
[1A[2KChrome Headless 141.0.0.0 (Windows 10): Executed 385 of 493 (26 FAILED) (0 secs / 2.55 secs)
[1A[2KLOG: '≡ƒöº BDD: Setting up allNull edge case scenario'
Chrome Headless 141.0.0.0 (Windows 10): Executed 385 of 493 (26 FAILED) (0 secs / 2.55 secs)
LOG: '≡ƒöº BDD: Setting up allNull edge case scenario'
[1A[2KLOG: 'ΓÜÖ∩╕Å BDD: Component renders with allNull data'
Chrome Headless 141.0.0.0 (Windows 10): Executed 385 of 493 (26 FAILED) (0 secs / 2.55 secs)
LOG: 'ΓÜÖ∩╕Å BDD: Component renders with allNull data'
[1A[2KLOG: 'Γ£à BDD: Verifying allNull handled gracefully'
Chrome Headless 141.0.0.0 (Windows 10): Executed 385 of 493 (26 FAILED) (0 secs / 2.55 secs)
LOG: 'Γ£à BDD: Verifying allNull handled gracefully'
[1A[2KChrome Headless 141.0.0.0 (Windows 10): Executed 386 of 493 (26 FAILED) (0 secs / 2.554 secs)
[1A[2KLOG: '≡ƒöº BDD: Setting up allUndefined edge case scenario'
Chrome Headless 141.0.0.0 (Windows 10): Executed 386 of 493 (26 FAILED) (0 secs / 2.554 secs)
LOG: '≡ƒöº BDD: Setting up allUndefined edge case scenario'
[1A[2KLOG: 'ΓÜÖ∩╕Å BDD: Component renders with allUndefined data'
Chrome Headless 141.0.0.0 (Windows 10): Executed 386 of 493 (26 FAILED) (0 secs / 2.554 secs)
LOG: 'ΓÜÖ∩╕Å BDD: Component renders with allUndefined data'
[1A[2KLOG: 'Γ£à BDD: Verifying allUndefined handled gracefully'
Chrome Headless 141.0.0.0 (Windows 10): Executed 386 of 493 (26 FAILED) (0 secs / 2.554 secs)
LOG: 'Γ£à BDD: Verifying allUndefined handled gracefully'
[1A[2KChrome Headless 141.0.0.0 (Windows 10): Executed 387 of 493 (26 FAILED) (0 secs / 2.561 secs)
[1A[2KLOG: '≡ƒöº BDD: Setting up allEmpty edge case scenario'
Chrome Headless 141.0.0.0 (Windows 10): Executed 387 of 493 (26 FAILED) (0 secs / 2.561 secs)
LOG: '≡ƒöº BDD: Setting up allEmpty edge case scenario'
[1A[2KLOG: 'ΓÜÖ∩╕Å BDD: Component renders with allEmpty data'
Chrome Headless 141.0.0.0 (Windows 10): Executed 387 of 493 (26 FAILED) (0 secs / 2.561 secs)
LOG: 'ΓÜÖ∩╕Å BDD: Component renders with allEmpty data'
[1A[2KLOG: 'Γ£à BDD: Verifying allEmpty handled gracefully'
Chrome Headless 141.0.0.0 (Windows 10): Executed 387 of 493 (26 FAILED) (0 secs / 2.561 secs)
LOG: 'Γ£à BDD: Verifying allEmpty handled gracefully'
[1A[2KChrome Headless 141.0.0.0 (Windows 10): Executed 388 of 493 (26 FAILED) (0 secs / 2.565 secs)
[1A[2KLOG: '≡ƒöº BDD: Setting up accessibility validation for step header'
Chrome Headless 141.0.0.0 (Windows 10): Executed 388 of 493 (26 FAILED) (0 secs / 2.565 secs)
LOG: '≡ƒöº BDD: Setting up accessibility validation for step header'
[1A[2KLOG: 'ΓÜÖ∩╕Å BDD: Validating semantic HTML structure'
Chrome Headless 141.0.0.0 (Windows 10): Executed 388 of 493 (26 FAILED) (0 secs / 2.565 secs)
LOG: 'ΓÜÖ∩╕Å BDD: Validating semantic HTML structure'
[1A[2KLOG: 'Γ£à BDD: Verifying proper semantic HTML elements'
Chrome Headless 141.0.0.0 (Windows 10): Executed 388 of 493 (26 FAILED) (0 secs / 2.565 secs)
LOG: 'Γ£à BDD: Verifying proper semantic HTML elements'
[1A[2KChrome Headless 141.0.0.0 (Windows 10): Executed 389 of 493 (26 FAILED) (0 secs / 2.572 secs)
[1A[2KLOG: '≡ƒöº BDD: Setting up ARIA attributes validation'
Chrome Headless 141.0.0.0 (Windows 10): Executed 389 of 493 (26 FAILED) (0 secs / 2.572 secs)
LOG: '≡ƒöº BDD: Setting up ARIA attributes validation'
[1A[2KLOG: 'ΓÜÖ∩╕Å BDD: Validating ARIA attributes and accessibility'
Chrome Headless 141.0.0.0 (Windows 10): Executed 389 of 493 (26 FAILED) (0 secs / 2.572 secs)
LOG: 'ΓÜÖ∩╕Å BDD: Validating ARIA attributes and accessibility'
[1A[2KLOG: 'Γ£à BDD: Verifying accessibility compliance'
Chrome Headless 141.0.0.0 (Windows 10): Executed 389 of 493 (26 FAILED) (0 secs / 2.572 secs)
LOG: 'Γ£à BDD: Verifying accessibility compliance'
[1A[2KChrome Headless 141.0.0.0 (Windows 10): Executed 390 of 493 (26 FAILED) (0 secs / 2.588 secs)
[1A[2KChrome Headless 141.0.0.0 (Windows 10): Executed 391 of 493 (26 FAILED) (0 secs / 2.589 secs)
[1A[2KChrome Headless 141.0.0.0 (Windows 10): Executed 392 of 493 (26 FAILED) (0 secs / 2.59 secs)
[1A[2KChrome Headless 141.0.0.0 (Windows 10): Executed 393 of 493 (26 FAILED) (0 secs / 2.591 secs)
[1A[2KChrome Headless 141.0.0.0 (Windows 10) StepHeader Component Unit Tests Route Data Extraction should extract title from route snapshot FAILED
	Expected 'Test Title' to be 'Unit Test Title'.
	    at <Jasmine>
	    at Object.next (projects/shared/src/lib/step-header/step-header.spec.ts:80:23)
	    at ConsumerObserver.next (node_modules/rxjs/dist/esm/internal/Subscriber.js:91:33)
	    at SafeSubscriber._next (node_modules/rxjs/dist/esm/internal/Subscriber.js:60:26)
	    at SafeSubscriber.next (node_modules/rxjs/dist/esm/internal/Subscriber.js:31:18)
Chrome Headless 141.0.0.0 (Windows 10): Executed 394 of 493 (27 FAILED) (0 secs / 2.924 secs)
[1A[2KChrome Headless 141.0.0.0 (Windows 10) StepHeader Component Unit Tests Route Data Extraction should extract description from route data FAILED
	Expected 'Test Description' to be 'Unit Test Description'.
	    at <Jasmine>
	    at Object.next (projects/shared/src/lib/step-header/step-header.spec.ts:94:29)
	    at ConsumerObserver.next (node_modules/rxjs/dist/esm/internal/Subscriber.js:91:33)
	    at SafeSubscriber._next (node_modules/rxjs/dist/esm/internal/Subscriber.js:60:26)
	    at SafeSubscriber.next (node_modules/rxjs/dist/esm/internal/Subscriber.js:31:18)
Chrome Headless 141.0.0.0 (Windows 10): Executed 395 of 493 (28 FAILED) (0 secs / 2.927 secs)
[1A[2KChrome Headless 141.0.0.0 (Windows 10) StepHeader Component Unit Tests Route Data Extraction should handle missing title gracefully FAILED
	Expected 'Test Title' to be ''.
	    at <Jasmine>
	    at Object.next (projects/shared/src/lib/step-header/step-header.spec.ts:108:23)
	    at ConsumerObserver.next (node_modules/rxjs/dist/esm/internal/Subscriber.js:91:33)
	    at SafeSubscriber._next (node_modules/rxjs/dist/esm/internal/Subscriber.js:60:26)
	    at SafeSubscriber.next (node_modules/rxjs/dist/esm/internal/Subscriber.js:31:18)
Chrome Headless 141.0.0.0 (Windows 10): Executed 396 of 493 (29 FAILED) (0 secs / 2.931 secs)
[1A[2KChrome Headless 141.0.0.0 (Windows 10) StepHeader Component Unit Tests Route Data Extraction should handle missing description gracefully FAILED
	Expected 'Test Description' to be ''.
	    at <Jasmine>
	    at Object.next (projects/shared/src/lib/step-header/step-header.spec.ts:122:29)
	    at ConsumerObserver.next (node_modules/rxjs/dist/esm/internal/Subscriber.js:91:33)
	    at SafeSubscriber._next (node_modules/rxjs/dist/esm/internal/Subscriber.js:60:26)
	    at SafeSubscriber.next (node_modules/rxjs/dist/esm/internal/Subscriber.js:31:18)
Chrome Headless 141.0.0.0 (Windows 10): Executed 397 of 493 (30 FAILED) (0 secs / 2.935 secs)
[1A[2KChrome Headless 141.0.0.0 (Windows 10) StepHeader Component Unit Tests Route Data Extraction should handle null data object gracefully FAILED
	Expected 'Test Description' to be ''.
	    at <Jasmine>
	    at Object.next (projects/shared/src/lib/step-header/step-header.spec.ts:136:29)
	    at ConsumerObserver.next (node_modules/rxjs/dist/esm/internal/Subscriber.js:91:33)
	    at SafeSubscriber._next (node_modules/rxjs/dist/esm/internal/Subscriber.js:60:26)
	    at SafeSubscriber.next (node_modules/rxjs/dist/esm/internal/Subscriber.js:31:18)
Chrome Headless 141.0.0.0 (Windows 10): Executed 398 of 493 (31 FAILED) (0 secs / 2.937 secs)
[1A[2KChrome Headless 141.0.0.0 (Windows 10): Executed 399 of 493 (31 FAILED) (0 secs / 2.939 secs)
[1A[2KChrome Headless 141.0.0.0 (Windows 10): Executed 400 of 493 (31 FAILED) (0 secs / 2.942 secs)
[1A[2KChrome Headless 141.0.0.0 (Windows 10) StepHeader Component Unit Tests Router Events Handling should update observables when NavigationEnd event fires FAILED
	Expected 'Test Title' to be 'Updated Title'.
	    at <Jasmine>
	    at Object.next (projects/shared/src/lib/step-header/step-header.spec.ts:223:23)
	    at ConsumerObserver.next (node_modules/rxjs/dist/esm/internal/Subscriber.js:91:33)
	    at SafeSubscriber._next (node_modules/rxjs/dist/esm/internal/Subscriber.js:60:26)
	    at SafeSubscriber.next (node_modules/rxjs/dist/esm/internal/Subscriber.js:31:18)
	Expected 'Test Description' to be 'Updated Description'.
	    at <Jasmine>
	    at Object.next (projects/shared/src/lib/step-header/step-header.spec.ts:227:29)
	    at ConsumerObserver.next (node_modules/rxjs/dist/esm/internal/Subscriber.js:91:33)
	    at SafeSubscriber._next (node_modules/rxjs/dist/esm/internal/Subscriber.js:60:26)
	    at SafeSubscriber.next (node_modules/rxjs/dist/esm/internal/Subscriber.js:31:18)
Chrome Headless 141.0.0.0 (Windows 10): Executed 401 of 493 (32 FAILED) (0 secs / 2.946 secs)
[1A[2KChrome Headless 141.0.0.0 (Windows 10) StepHeader Component Unit Tests Router Events Handling should filter out non-NavigationEnd events FAILED
	Expected 'Test Title' to be 'Initial Title'.
	    at <Jasmine>
	    at Object.next (projects/shared/src/lib/step-header/step-header.spec.ts:246:23)
	    at ConsumerObserver.next (node_modules/rxjs/dist/esm/internal/Subscriber.js:91:33)
	    at SafeSubscriber._next (node_modules/rxjs/dist/esm/internal/Subscriber.js:60:26)
	    at SafeSubscriber.next (node_modules/rxjs/dist/esm/internal/Subscriber.js:31:18)
Chrome Headless 141.0.0.0 (Windows 10): Executed 402 of 493 (33 FAILED) (0 secs / 2.949 secs)
[1A[2KChrome Headless 141.0.0.0 (Windows 10) StepHeader Component Unit Tests Template Rendering should render title and description in correct elements FAILED
	Expected 'Test Title' to be 'Rendered Title'.
	    at <Jasmine>
	    at UserContext.<anonymous> (projects/shared/src/lib/step-header/step-header.spec.ts:264:61)
	    at _ZoneDelegate.invoke (node_modules/zone.js/fesm2015/zone.js:398:28)
	    at _ProxyZoneSpec.onInvoke (node_modules/zone.js/fesm2015/zone-testing.js:2132:39)
	    at _ZoneDelegate.invoke (node_modules/zone.js/fesm2015/zone.js:397:34)
	Expected 'Test Description' to be 'Rendered Description'.
	    at <Jasmine>
	    at UserContext.<anonymous> (projects/shared/src/lib/step-header/step-header.spec.ts:265:67)
	    at _ZoneDelegate.invoke (node_modules/zone.js/fesm2015/zone.js:398:28)
	    at _ProxyZoneSpec.onInvoke (node_modules/zone.js/fesm2015/zone-testing.js:2132:39)
	    at _ZoneDelegate.invoke (node_modules/zone.js/fesm2015/zone.js:397:34)
Chrome Headless 141.0.0.0 (Windows 10): Executed 403 of 493 (34 FAILED) (0 secs / 2.953 secs)
[1A[2KChrome Headless 141.0.0.0 (Windows 10) StepHeader Component Unit Tests Template Rendering should use async pipe correctly for observables FAILED
	Expected 'Test Title' to contain 'Async Title'.
	    at <Jasmine>
	    at UserContext.<anonymous> (projects/shared/src/lib/step-header/step-header.spec.ts:279:65)
	    at _ZoneDelegate.invoke (node_modules/zone.js/fesm2015/zone.js:398:28)
	    at _ProxyZoneSpec.onInvoke (node_modules/zone.js/fesm2015/zone-testing.js:2132:39)
	    at _ZoneDelegate.invoke (node_modules/zone.js/fesm2015/zone.js:397:34)
	Expected 'Test Description' to contain 'Async Description'.
	    at <Jasmine>
	    at UserContext.<anonymous> (projects/shared/src/lib/step-header/step-header.spec.ts:280:71)
	    at _ZoneDelegate.invoke (node_modules/zone.js/fesm2015/zone.js:398:28)
	    at _ProxyZoneSpec.onInvoke (node_modules/zone.js/fesm2015/zone-testing.js:2132:39)
	    at _ZoneDelegate.invoke (node_modules/zone.js/fesm2015/zone.js:397:34)
Chrome Headless 141.0.0.0 (Windows 10): Executed 404 of 493 (35 FAILED) (0 secs / 2.957 secs)
[1A[2KChrome Headless 141.0.0.0 (Windows 10): Executed 405 of 493 (35 FAILED) (0 secs / 2.959 secs)
[1A[2KChrome Headless 141.0.0.0 (Windows 10) StepHeader Component Unit Tests Edge Cases and Error Handling should handle route with undefined title and data properties FAILED
	Expected 'Test Title' to be ''.
	    at <Jasmine>
	    at Object.next (projects/shared/src/lib/step-header/step-header.spec.ts:304:23)
	    at ConsumerObserver.next (node_modules/rxjs/dist/esm/internal/Subscriber.js:91:33)
	    at SafeSubscriber._next (node_modules/rxjs/dist/esm/internal/Subscriber.js:60:26)
	    at SafeSubscriber.next (node_modules/rxjs/dist/esm/internal/Subscriber.js:31:18)
	Expected 'Test Description' to be ''.
	    at <Jasmine>
	    at Object.next (projects/shared/src/lib/step-header/step-header.spec.ts:308:29)
	    at ConsumerObserver.next (node_modules/rxjs/dist/esm/internal/Subscriber.js:91:33)
	    at SafeSubscriber._next (node_modules/rxjs/dist/esm/internal/Subscriber.js:60:26)
	    at SafeSubscriber.next (node_modules/rxjs/dist/esm/internal/Subscriber.js:31:18)
Chrome Headless 141.0.0.0 (Windows 10): Executed 406 of 493 (36 FAILED) (0 secs / 2.962 secs)
[1A[2KChrome Headless 141.0.0.0 (Windows 10) StepHeader Component Unit Tests Edge Cases and Error Handling should handle empty string values correctly FAILED
	Expected 'Test Title' to be ''.
	    at <Jasmine>
	    at Object.next (projects/shared/src/lib/step-header/step-header.spec.ts:322:23)
	    at ConsumerObserver.next (node_modules/rxjs/dist/esm/internal/Subscriber.js:91:33)
	    at SafeSubscriber._next (node_modules/rxjs/dist/esm/internal/Subscriber.js:60:26)
	    at SafeSubscriber.next (node_modules/rxjs/dist/esm/internal/Subscriber.js:31:18)
	Expected 'Test Description' to be ''.
	    at <Jasmine>
	    at Object.next (projects/shared/src/lib/step-header/step-header.spec.ts:326:29)
	    at ConsumerObserver.next (node_modules/rxjs/dist/esm/internal/Subscriber.js:91:33)
	    at SafeSubscriber._next (node_modules/rxjs/dist/esm/internal/Subscriber.js:60:26)
	    at SafeSubscriber.next (node_modules/rxjs/dist/esm/internal/Subscriber.js:31:18)
Chrome Headless 141.0.0.0 (Windows 10): Executed 407 of 493 (37 FAILED) (0 secs / 2.964 secs)
[1A[2KChrome Headless 141.0.0.0 (Windows 10) Feature: Step Layout Integration with Header (BDD-Style) Scenario: Step layout displays header and navigation components Given step layout loads, When initialized, Then should display header, content area, and navigation FAILED
	╔╡NotFound: NG0201: No provider found for `InjectionToken Logger`. Source: Standalone[StepLayout2]. Find more at https://angular.dev/errors/NG0201
	error properties: Object({ code: -201, ngErrorCode: -201, ngErrorMessage: 'No provider found for `InjectionToken Logger`.', ngTokenPath: [ 'InjectionToken Logger' ] })
	╔╡NotFound: NG0201: No provider found for `InjectionToken Logger`. Source: Standalone[StepLayout2]. Find more at https://angular.dev/errors/NG0201
	    at createRuntimeError (node_modules/@angular/core/fesm2022/root_effect_scheduler.mjs:895:19)
	    at NullInjector.get (node_modules/@angular/core/fesm2022/root_effect_scheduler.mjs:1463:27)
	    at R3Injector.get (node_modules/@angular/core/fesm2022/root_effect_scheduler.mjs:2019:33)
	    at R3Injector.get (node_modules/@angular/core/fesm2022/root_effect_scheduler.mjs:2019:33)
	    at R3Injector.get (node_modules/@angular/core/fesm2022/root_effect_scheduler.mjs:2019:33)
	    at ChainedInjector.get (node_modules/@angular/core/fesm2022/debug_node.mjs:12292:36)
	    at lookupTokenUsingModuleInjector (node_modules/@angular/core/fesm2022/debug_node.mjs:1718:39)
	    at getOrCreateInjectable (node_modules/@angular/core/fesm2022/debug_node.mjs:1766:12)
	    at ╔╡╔╡directiveInject (node_modules/@angular/core/fesm2022/debug_node.mjs:12343:19)
	    at ╔╡╔╡inject (node_modules/@angular/core/fesm2022/root_effect_scheduler.mjs:1032:42)
Chrome Headless 141.0.0.0 (Windows 10): Executed 408 of 493 (38 FAILED) (0 secs / 2.971 secs)
[1A[2KChrome Headless 141.0.0.0 (Windows 10) Feature: Step Layout Integration with Header (BDD-Style) Scenario: Step layout displays header and navigation components Given step layout with proper structure, When checking component hierarchy, Then header should be above router outlet FAILED
	╔╡NotFound: NG0201: No provider found for `InjectionToken Logger`. Source: Standalone[StepLayout2]. Find more at https://angular.dev/errors/NG0201
	error properties: Object({ code: -201, ngErrorCode: -201, ngErrorMessage: 'No provider found for `InjectionToken Logger`.', ngTokenPath: [ 'InjectionToken Logger' ] })
	╔╡NotFound: NG0201: No provider found for `InjectionToken Logger`. Source: Standalone[StepLayout2]. Find more at https://angular.dev/errors/NG0201
	    at createRuntimeError (node_modules/@angular/core/fesm2022/root_effect_scheduler.mjs:895:19)
	    at NullInjector.get (node_modules/@angular/core/fesm2022/root_effect_scheduler.mjs:1463:27)
	    at R3Injector.get (node_modules/@angular/core/fesm2022/root_effect_scheduler.mjs:2019:33)
	    at R3Injector.get (node_modules/@angular/core/fesm2022/root_effect_scheduler.mjs:2019:33)
	    at R3Injector.get (node_modules/@angular/core/fesm2022/root_effect_scheduler.mjs:2019:33)
	    at ChainedInjector.get (node_modules/@angular/core/fesm2022/debug_node.mjs:12292:36)
	    at lookupTokenUsingModuleInjector (node_modules/@angular/core/fesm2022/debug_node.mjs:1718:39)
	    at getOrCreateInjectable (node_modules/@angular/core/fesm2022/debug_node.mjs:1766:12)
	    at ╔╡╔╡directiveInject (node_modules/@angular/core/fesm2022/debug_node.mjs:12343:19)
	    at ╔╡╔╡inject (node_modules/@angular/core/fesm2022/root_effect_scheduler.mjs:1032:42)
Chrome Headless 141.0.0.0 (Windows 10): Executed 409 of 493 (39 FAILED) (0 secs / 2.974 secs)
[1A[2KChrome Headless 141.0.0.0 (Windows 10) Feature: Step Layout Integration with Header (BDD-Style) Scenario: Header content updates with step navigation Given user navigates to auth step, When navigation completes, Then header should display auth step information FAILED
	╔╡NotFound: NG0201: No provider found for `InjectionToken Logger`. Source: Standalone[StepLayout2]. Find more at https://angular.dev/errors/NG0201
	error properties: Object({ code: -201, ngErrorCode: -201, ngErrorMessage: 'No provider found for `InjectionToken Logger`.', ngTokenPath: [ 'InjectionToken Logger' ] })
	╔╡NotFound: NG0201: No provider found for `InjectionToken Logger`. Source: Standalone[StepLayout2]. Find more at https://angular.dev/errors/NG0201
	    at createRuntimeError (node_modules/@angular/core/fesm2022/root_effect_scheduler.mjs:895:19)
	    at NullInjector.get (node_modules/@angular/core/fesm2022/root_effect_scheduler.mjs:1463:27)
	    at R3Injector.get (node_modules/@angular/core/fesm2022/root_effect_scheduler.mjs:2019:33)
	    at R3Injector.get (node_modules/@angular/core/fesm2022/root_effect_scheduler.mjs:2019:33)
	    at R3Injector.get (node_modules/@angular/core/fesm2022/root_effect_scheduler.mjs:2019:33)
	    at ChainedInjector.get (node_modules/@angular/core/fesm2022/debug_node.mjs:12292:36)
	    at lookupTokenUsingModuleInjector (node_modules/@angular/core/fesm2022/debug_node.mjs:1718:39)
	    at getOrCreateInjectable (node_modules/@angular/core/fesm2022/debug_node.mjs:1766:12)
	    at ╔╡╔╡directiveInject (node_modules/@angular/core/fesm2022/debug_node.mjs:12343:19)
	    at ╔╡╔╡inject (node_modules/@angular/core/fesm2022/root_effect_scheduler.mjs:1032:42)
Chrome Headless 141.0.0.0 (Windows 10): Executed 410 of 493 (40 FAILED) (0 secs / 2.976 secs)
[1A[2KChrome Headless 141.0.0.0 (Windows 10) Feature: Step Layout Integration with Header (BDD-Style) Scenario: Header content updates with step navigation Given user navigates through multiple steps, When each navigation occurs, Then header should update accordingly FAILED
	╔╡NotFound: NG0201: No provider found for `InjectionToken Logger`. Source: Standalone[StepLayout2]. Find more at https://angular.dev/errors/NG0201
	error properties: Object({ code: -201, ngErrorCode: -201, ngErrorMessage: 'No provider found for `InjectionToken Logger`.', ngTokenPath: [ 'InjectionToken Logger' ] })
	╔╡NotFound: NG0201: No provider found for `InjectionToken Logger`. Source: Standalone[StepLayout2]. Find more at https://angular.dev/errors/NG0201
	    at createRuntimeError (node_modules/@angular/core/fesm2022/root_effect_scheduler.mjs:895:19)
	    at NullInjector.get (node_modules/@angular/core/fesm2022/root_effect_scheduler.mjs:1463:27)
	    at R3Injector.get (node_modules/@angular/core/fesm2022/root_effect_scheduler.mjs:2019:33)
	    at R3Injector.get (node_modules/@angular/core/fesm2022/root_effect_scheduler.mjs:2019:33)
	    at R3Injector.get (node_modules/@angular/core/fesm2022/root_effect_scheduler.mjs:2019:33)
	    at ChainedInjector.get (node_modules/@angular/core/fesm2022/debug_node.mjs:12292:36)
	    at lookupTokenUsingModuleInjector (node_modules/@angular/core/fesm2022/debug_node.mjs:1718:39)
	    at getOrCreateInjectable (node_modules/@angular/core/fesm2022/debug_node.mjs:1766:12)
	    at ╔╡╔╡directiveInject (node_modules/@angular/core/fesm2022/debug_node.mjs:12343:19)
	    at ╔╡╔╡inject (node_modules/@angular/core/fesm2022/root_effect_scheduler.mjs:1032:42)
Chrome Headless 141.0.0.0 (Windows 10): Executed 411 of 493 (41 FAILED) (0 secs / 2.98 secs)
[1A[2KChrome Headless 141.0.0.0 (Windows 10) Feature: Step Layout Integration with Header (BDD-Style) Scenario: Layout handles missing step data gracefully Given step route has no title or description, When layout loads, Then should display gracefully with empty header FAILED
	╔╡NotFound: NG0201: No provider found for `InjectionToken Logger`. Source: Standalone[StepLayout2]. Find more at https://angular.dev/errors/NG0201
	error properties: Object({ code: -201, ngErrorCode: -201, ngErrorMessage: 'No provider found for `InjectionToken Logger`.', ngTokenPath: [ 'InjectionToken Logger' ] })
	╔╡NotFound: NG0201: No provider found for `InjectionToken Logger`. Source: Standalone[StepLayout2]. Find more at https://angular.dev/errors/NG0201
	    at createRuntimeError (node_modules/@angular/core/fesm2022/root_effect_scheduler.mjs:895:19)
	    at NullInjector.get (node_modules/@angular/core/fesm2022/root_effect_scheduler.mjs:1463:27)
	    at R3Injector.get (node_modules/@angular/core/fesm2022/root_effect_scheduler.mjs:2019:33)
	    at R3Injector.get (node_modules/@angular/core/fesm2022/root_effect_scheduler.mjs:2019:33)
	    at R3Injector.get (node_modules/@angular/core/fesm2022/root_effect_scheduler.mjs:2019:33)
	    at ChainedInjector.get (node_modules/@angular/core/fesm2022/debug_node.mjs:12292:36)
	    at lookupTokenUsingModuleInjector (node_modules/@angular/core/fesm2022/debug_node.mjs:1718:39)
	    at getOrCreateInjectable (node_modules/@angular/core/fesm2022/debug_node.mjs:1766:12)
	    at ╔╡╔╡directiveInject (node_modules/@angular/core/fesm2022/debug_node.mjs:12343:19)
	    at ╔╡╔╡inject (node_modules/@angular/core/fesm2022/root_effect_scheduler.mjs:1032:42)
Chrome Headless 141.0.0.0 (Windows 10): Executed 412 of 493 (42 FAILED) (0 secs / 2.983 secs)
[1A[2KChrome Headless 141.0.0.0 (Windows 10) Feature: Step Layout Integration with Header (BDD-Style) Scenario: Layout handles missing step data gracefully Given step route has partial data, When layout loads, Then should display available data correctly FAILED
	╔╡NotFound: NG0201: No provider found for `InjectionToken Logger`. Source: Standalone[StepLayout2]. Find more at https://angular.dev/errors/NG0201
	error properties: Object({ code: -201, ngErrorCode: -201, ngErrorMessage: 'No provider found for `InjectionToken Logger`.', ngTokenPath: [ 'InjectionToken Logger' ] })
	╔╡NotFound: NG0201: No provider found for `InjectionToken Logger`. Source: Standalone[StepLayout2]. Find more at https://angular.dev/errors/NG0201
	    at createRuntimeError (node_modules/@angular/core/fesm2022/root_effect_scheduler.mjs:895:19)
	    at NullInjector.get (node_modules/@angular/core/fesm2022/root_effect_scheduler.mjs:1463:27)
	    at R3Injector.get (node_modules/@angular/core/fesm2022/root_effect_scheduler.mjs:2019:33)
	    at R3Injector.get (node_modules/@angular/core/fesm2022/root_effect_scheduler.mjs:2019:33)
	    at R3Injector.get (node_modules/@angular/core/fesm2022/root_effect_scheduler.mjs:2019:33)
	    at ChainedInjector.get (node_modules/@angular/core/fesm2022/debug_node.mjs:12292:36)
	    at lookupTokenUsingModuleInjector (node_modules/@angular/core/fesm2022/debug_node.mjs:1718:39)
	    at getOrCreateInjectable (node_modules/@angular/core/fesm2022/debug_node.mjs:1766:12)
	    at ╔╡╔╡directiveInject (node_modules/@angular/core/fesm2022/debug_node.mjs:12343:19)
	    at ╔╡╔╡inject (node_modules/@angular/core/fesm2022/root_effect_scheduler.mjs:1032:42)
Chrome Headless 141.0.0.0 (Windows 10): Executed 413 of 493 (43 FAILED) (0 secs / 2.986 secs)
[1A[2KChrome Headless 141.0.0.0 (Windows 10) Feature: Step Layout Integration with Header (BDD-Style) Scenario: Layout CSS and styling integration Given layout components are rendered, When checking styling, Then should have proper CSS classes and host attributes FAILED
	╔╡NotFound: NG0201: No provider found for `InjectionToken Logger`. Source: Standalone[StepLayout2]. Find more at https://angular.dev/errors/NG0201
	error properties: Object({ code: -201, ngErrorCode: -201, ngErrorMessage: 'No provider found for `InjectionToken Logger`.', ngTokenPath: [ 'InjectionToken Logger' ] })
	╔╡NotFound: NG0201: No provider found for `InjectionToken Logger`. Source: Standalone[StepLayout2]. Find more at https://angular.dev/errors/NG0201
	    at createRuntimeError (node_modules/@angular/core/fesm2022/root_effect_scheduler.mjs:895:19)
	    at NullInjector.get (node_modules/@angular/core/fesm2022/root_effect_scheduler.mjs:1463:27)
	    at R3Injector.get (node_modules/@angular/core/fesm2022/root_effect_scheduler.mjs:2019:33)
	    at R3Injector.get (node_modules/@angular/core/fesm2022/root_effect_scheduler.mjs:2019:33)
	    at R3Injector.get (node_modules/@angular/core/fesm2022/root_effect_scheduler.mjs:2019:33)
	    at ChainedInjector.get (node_modules/@angular/core/fesm2022/debug_node.mjs:12292:36)
	    at lookupTokenUsingModuleInjector (node_modules/@angular/core/fesm2022/debug_node.mjs:1718:39)
	    at getOrCreateInjectable (node_modules/@angular/core/fesm2022/debug_node.mjs:1766:12)
	    at ╔╡╔╡directiveInject (node_modules/@angular/core/fesm2022/debug_node.mjs:12343:19)
	    at ╔╡╔╡inject (node_modules/@angular/core/fesm2022/root_effect_scheduler.mjs:1032:42)
Chrome Headless 141.0.0.0 (Windows 10): Executed 414 of 493 (44 FAILED) (0 secs / 2.99 secs)
[1A[2KChrome Headless 141.0.0.0 (Windows 10) Feature: Step Layout Integration with Header (BDD-Style) Scenario: Layout CSS and styling integration Given header and navigation are present, When checking component integration, Then should have consistent styling FAILED
	╔╡NotFound: NG0201: No provider found for `InjectionToken Logger`. Source: Standalone[StepLayout2]. Find more at https://angular.dev/errors/NG0201
	error properties: Object({ code: -201, ngErrorCode: -201, ngErrorMessage: 'No provider found for `InjectionToken Logger`.', ngTokenPath: [ 'InjectionToken Logger' ] })
	╔╡NotFound: NG0201: No provider found for `InjectionToken Logger`. Source: Standalone[StepLayout2]. Find more at https://angular.dev/errors/NG0201
	    at createRuntimeError (node_modules/@angular/core/fesm2022/root_effect_scheduler.mjs:895:19)
	    at NullInjector.get (node_modules/@angular/core/fesm2022/root_effect_scheduler.mjs:1463:27)
	    at R3Injector.get (node_modules/@angular/core/fesm2022/root_effect_scheduler.mjs:2019:33)
	    at R3Injector.get (node_modules/@angular/core/fesm2022/root_effect_scheduler.mjs:2019:33)
	    at R3Injector.get (node_modules/@angular/core/fesm2022/root_effect_scheduler.mjs:2019:33)
	    at ChainedInjector.get (node_modules/@angular/core/fesm2022/debug_node.mjs:12292:36)
	    at lookupTokenUsingModuleInjector (node_modules/@angular/core/fesm2022/debug_node.mjs:1718:39)
	    at getOrCreateInjectable (node_modules/@angular/core/fesm2022/debug_node.mjs:1766:12)
	    at ╔╡╔╡directiveInject (node_modules/@angular/core/fesm2022/debug_node.mjs:12343:19)
	    at ╔╡╔╡inject (node_modules/@angular/core/fesm2022/root_effect_scheduler.mjs:1032:42)
Chrome Headless 141.0.0.0 (Windows 10): Executed 415 of 493 (45 FAILED) (0 secs / 2.993 secs)
[1A[2KChrome Headless 141.0.0.0 (Windows 10) Feature: Step Layout Integration with Header (BDD-Style) Scenario: Router outlet integration within layout Given layout with router outlet, When step component loads, Then should display within layout structure FAILED
	╔╡NotFound: NG0201: No provider found for `InjectionToken Logger`. Source: Standalone[StepLayout2]. Find more at https://angular.dev/errors/NG0201
	error properties: Object({ code: -201, ngErrorCode: -201, ngErrorMessage: 'No provider found for `InjectionToken Logger`.', ngTokenPath: [ 'InjectionToken Logger' ] })
	╔╡NotFound: NG0201: No provider found for `InjectionToken Logger`. Source: Standalone[StepLayout2]. Find more at https://angular.dev/errors/NG0201
	    at createRuntimeError (node_modules/@angular/core/fesm2022/root_effect_scheduler.mjs:895:19)
	    at NullInjector.get (node_modules/@angular/core/fesm2022/root_effect_scheduler.mjs:1463:27)
	    at R3Injector.get (node_modules/@angular/core/fesm2022/root_effect_scheduler.mjs:2019:33)
	    at R3Injector.get (node_modules/@angular/core/fesm2022/root_effect_scheduler.mjs:2019:33)
	    at R3Injector.get (node_modules/@angular/core/fesm2022/root_effect_scheduler.mjs:2019:33)
	    at ChainedInjector.get (node_modules/@angular/core/fesm2022/debug_node.mjs:12292:36)
	    at lookupTokenUsingModuleInjector (node_modules/@angular/core/fesm2022/debug_node.mjs:1718:39)
	    at getOrCreateInjectable (node_modules/@angular/core/fesm2022/debug_node.mjs:1766:12)
	    at ╔╡╔╡directiveInject (node_modules/@angular/core/fesm2022/debug_node.mjs:12343:19)
	    at ╔╡╔╡inject (node_modules/@angular/core/fesm2022/root_effect_scheduler.mjs:1032:42)
Chrome Headless 141.0.0.0 (Windows 10): Executed 416 of 493 (46 FAILED) (0 secs / 2.995 secs)
[1A[2KChrome Headless 141.0.0.0 (Windows 10): Executed 417 of 493 (46 FAILED) (0 secs / 2.999 secs)
[1A[2KLOG: '≡ƒöº BDD: Step navigation component is created'
Chrome Headless 141.0.0.0 (Windows 10): Executed 417 of 493 (46 FAILED) (0 secs / 2.999 secs)
LOG: '≡ƒöº BDD: Step navigation component is created'
[1A[2KLOG: 'ΓÜÖ∩╕Å BDD: Component initializes'
Chrome Headless 141.0.0.0 (Windows 10): Executed 417 of 493 (46 FAILED) (0 secs / 2.999 secs)
LOG: 'ΓÜÖ∩╕Å BDD: Component initializes'
[1A[2KLOG: 'Γ£à BDD: Step navigation component renders successfully'
Chrome Headless 141.0.0.0 (Windows 10): Executed 417 of 493 (46 FAILED) (0 secs / 2.999 secs)
LOG: 'Γ£à BDD: Step navigation component renders successfully'
[1A[2KChrome Headless 141.0.0.0 (Windows 10): Executed 418 of 493 (46 FAILED) (0 secs / 3.004 secs)
[1A[2KLOG: '≡ƒöº BDD: Step navigation component renders'
Chrome Headless 141.0.0.0 (Windows 10): Executed 418 of 493 (46 FAILED) (0 secs / 3.004 secs)
LOG: '≡ƒöº BDD: Step navigation component renders'
[1A[2KLOG: 'ΓÜÖ∩╕Å BDD: Component initializes'
Chrome Headless 141.0.0.0 (Windows 10): Executed 418 of 493 (46 FAILED) (0 secs / 3.004 secs)
LOG: 'ΓÜÖ∩╕Å BDD: Component initializes'
[1A[2KLOG: 'Γ£à BDD: Step navigation displays step list'
Chrome Headless 141.0.0.0 (Windows 10): Executed 418 of 493 (46 FAILED) (0 secs / 3.004 secs)
LOG: 'Γ£à BDD: Step navigation displays step list'
[1A[2KChrome Headless 141.0.0.0 (Windows 10): Executed 419 of 493 (46 FAILED) (0 secs / 3.007 secs)
[1A[2KLOG: '≡ƒöº BDD: Component renders'
Chrome Headless 141.0.0.0 (Windows 10): Executed 419 of 493 (46 FAILED) (0 secs / 3.007 secs)
LOG: '≡ƒöº BDD: Component renders'
[1A[2KLOG: 'ΓÜÖ∩╕Å BDD: Component initializes'
Chrome Headless 141.0.0.0 (Windows 10): Executed 419 of 493 (46 FAILED) (0 secs / 3.007 secs)
LOG: 'ΓÜÖ∩╕Å BDD: Component initializes'
[1A[2KLOG: 'Γ£à BDD: Component displays all migration steps'
Chrome Headless 141.0.0.0 (Windows 10): Executed 419 of 493 (46 FAILED) (0 secs / 3.007 secs)
LOG: 'Γ£à BDD: Component displays all migration steps'
[1A[2KChrome Headless 141.0.0.0 (Windows 10): Executed 420 of 493 (46 FAILED) (0 secs / 3.01 secs)
[1A[2KLOG: '≡ƒöº BDD: Component renders'
Chrome Headless 141.0.0.0 (Windows 10): Executed 420 of 493 (46 FAILED) (0 secs / 3.01 secs)
LOG: '≡ƒöº BDD: Component renders'
[1A[2KLOG: 'ΓÜÖ∩╕Å BDD: Component initializes'
Chrome Headless 141.0.0.0 (Windows 10): Executed 420 of 493 (46 FAILED) (0 secs / 3.01 secs)
LOG: 'ΓÜÖ∩╕Å BDD: Component initializes'
[1A[2KLOG: 'Γ£à BDD: Component displays Upload Instagram Export step first'
Chrome Headless 141.0.0.0 (Windows 10): Executed 420 of 493 (46 FAILED) (0 secs / 3.01 secs)
LOG: 'Γ£à BDD: Component displays Upload Instagram Export step first'
[1A[2KChrome Headless 141.0.0.0 (Windows 10): Executed 421 of 493 (46 FAILED) (0 secs / 3.012 secs)
[1A[2KLOG: '≡ƒöº BDD: Component renders'
Chrome Headless 141.0.0.0 (Windows 10): Executed 421 of 493 (46 FAILED) (0 secs / 3.012 secs)
LOG: '≡ƒöº BDD: Component renders'
[1A[2KLOG: 'ΓÜÖ∩╕Å BDD: Component initializes'
Chrome Headless 141.0.0.0 (Windows 10): Executed 421 of 493 (46 FAILED) (0 secs / 3.012 secs)
LOG: 'ΓÜÖ∩╕Å BDD: Component initializes'
[1A[2KLOG: 'Γ£à BDD: Component displays Bluesky Authentication step second'
Chrome Headless 141.0.0.0 (Windows 10): Executed 421 of 493 (46 FAILED) (0 secs / 3.012 secs)
LOG: 'Γ£à BDD: Component displays Bluesky Authentication step second'
[1A[2KChrome Headless 141.0.0.0 (Windows 10): Executed 422 of 493 (46 FAILED) (0 secs / 3.015 secs)
[1A[2KLOG: '≡ƒöº BDD: Component renders'
Chrome Headless 141.0.0.0 (Windows 10): Executed 422 of 493 (46 FAILED) (0 secs / 3.015 secs)
LOG: '≡ƒöº BDD: Component renders'
[1A[2KLOG: 'ΓÜÖ∩╕Å BDD: Component initializes'
Chrome Headless 141.0.0.0 (Windows 10): Executed 422 of 493 (46 FAILED) (0 secs / 3.015 secs)
LOG: 'ΓÜÖ∩╕Å BDD: Component initializes'
[1A[2KLOG: 'Γ£à BDD: Component displays Migration Settings step third'
Chrome Headless 141.0.0.0 (Windows 10): Executed 422 of 493 (46 FAILED) (0 secs / 3.015 secs)
LOG: 'Γ£à BDD: Component displays Migration Settings step third'
[1A[2KChrome Headless 141.0.0.0 (Windows 10): Executed 423 of 493 (46 FAILED) (0 secs / 3.019 secs)
[1A[2KLOG: '≡ƒöº BDD: Component renders'
Chrome Headless 141.0.0.0 (Windows 10): Executed 423 of 493 (46 FAILED) (0 secs / 3.019 secs)
LOG: '≡ƒöº BDD: Component renders'
[1A[2KLOG: 'ΓÜÖ∩╕Å BDD: Component initializes'
Chrome Headless 141.0.0.0 (Windows 10): Executed 423 of 493 (46 FAILED) (0 secs / 3.019 secs)
LOG: 'ΓÜÖ∩╕Å BDD: Component initializes'
[1A[2KLOG: 'Γ£à BDD: Component displays Execute Migration step fourth'
Chrome Headless 141.0.0.0 (Windows 10): Executed 423 of 493 (46 FAILED) (0 secs / 3.019 secs)
LOG: 'Γ£à BDD: Component displays Execute Migration step fourth'
[1A[2KChrome Headless 141.0.0.0 (Windows 10): Executed 424 of 493 (46 FAILED) (0 secs / 3.022 secs)
[1A[2KLOG: '≡ƒöº BDD: Component renders'
Chrome Headless 141.0.0.0 (Windows 10): Executed 424 of 493 (46 FAILED) (0 secs / 3.022 secs)
LOG: '≡ƒöº BDD: Component renders'
[1A[2KLOG: 'ΓÜÖ∩╕Å BDD: Component initializes'
Chrome Headless 141.0.0.0 (Windows 10): Executed 424 of 493 (46 FAILED) (0 secs / 3.022 secs)
LOG: 'ΓÜÖ∩╕Å BDD: Component initializes'
[1A[2KLOG: 'Γ£à BDD: Component displays Migration Complete step last'
Chrome Headless 141.0.0.0 (Windows 10): Executed 424 of 493 (46 FAILED) (0 secs / 3.022 secs)
LOG: 'Γ£à BDD: Component displays Migration Complete step last'
[1A[2KChrome Headless 141.0.0.0 (Windows 10): Executed 425 of 493 (46 FAILED) (0 secs / 3.025 secs)
[1A[2KLOG: '≡ƒöº BDD: Component renders'
Chrome Headless 141.0.0.0 (Windows 10): Executed 425 of 493 (46 FAILED) (0 secs / 3.025 secs)
LOG: '≡ƒöº BDD: Component renders'
[1A[2KLOG: 'ΓÜÖ∩╕Å BDD: Component initializes'
Chrome Headless 141.0.0.0 (Windows 10): Executed 425 of 493 (46 FAILED) (0 secs / 3.025 secs)
LOG: 'ΓÜÖ∩╕Å BDD: Component initializes'
[1A[2KLOG: 'Γ£à BDD: Each step displays its title'
Chrome Headless 141.0.0.0 (Windows 10): Executed 425 of 493 (46 FAILED) (0 secs / 3.025 secs)
LOG: 'Γ£à BDD: Each step displays its title'
[1A[2KChrome Headless 141.0.0.0 (Windows 10): Executed 426 of 493 (46 FAILED) (0 secs / 3.029 secs)
[1A[2KLOG: '≡ƒöº BDD: Component renders'
Chrome Headless 141.0.0.0 (Windows 10): Executed 426 of 493 (46 FAILED) (0 secs / 3.029 secs)
LOG: '≡ƒöº BDD: Component renders'
[1A[2KLOG: 'ΓÜÖ∩╕Å BDD: Component initializes'
Chrome Headless 141.0.0.0 (Windows 10): Executed 426 of 493 (46 FAILED) (0 secs / 3.029 secs)
LOG: 'ΓÜÖ∩╕Å BDD: Component initializes'
[1A[2KLOG: 'Γ£à BDD: Each step displays its description'
Chrome Headless 141.0.0.0 (Windows 10): Executed 426 of 493 (46 FAILED) (0 secs / 3.029 secs)
LOG: 'Γ£à BDD: Each step displays its description'
[1A[2KChrome Headless 141.0.0.0 (Windows 10): Executed 427 of 493 (46 FAILED) (0 secs / 3.032 secs)
[1A[2KLOG: '≡ƒöº BDD: Component renders'
Chrome Headless 141.0.0.0 (Windows 10): Executed 427 of 493 (46 FAILED) (0 secs / 3.032 secs)
LOG: '≡ƒöº BDD: Component renders'
[1A[2KLOG: 'ΓÜÖ∩╕Å BDD: Component initializes'
Chrome Headless 141.0.0.0 (Windows 10): Executed 427 of 493 (46 FAILED) (0 secs / 3.032 secs)
LOG: 'ΓÜÖ∩╕Å BDD: Component initializes'
[1A[2KLOG: 'Γ£à BDD: Component has correct navigation structure'
Chrome Headless 141.0.0.0 (Windows 10): Executed 427 of 493 (46 FAILED) (0 secs / 3.032 secs)
LOG: 'Γ£à BDD: Component has correct navigation structure'
[1A[2KChrome Headless 141.0.0.0 (Windows 10): Executed 428 of 493 (46 FAILED) (0 secs / 3.035 secs)
[1A[2KLOG: '≡ƒöº BDD: Component renders'
Chrome Headless 141.0.0.0 (Windows 10): Executed 428 of 493 (46 FAILED) (0 secs / 3.035 secs)
LOG: '≡ƒöº BDD: Component renders'
[1A[2KLOG: 'ΓÜÖ∩╕Å BDD: Component initializes'
Chrome Headless 141.0.0.0 (Windows 10): Executed 428 of 493 (46 FAILED) (0 secs / 3.035 secs)
LOG: 'ΓÜÖ∩╕Å BDD: Component initializes'
[1A[2KLOG: 'Γ£à BDD: Component displays navigation title'
Chrome Headless 141.0.0.0 (Windows 10): Executed 428 of 493 (46 FAILED) (0 secs / 3.035 secs)
LOG: 'Γ£à BDD: Component displays navigation title'
[1A[2KChrome Headless 141.0.0.0 (Windows 10): Executed 429 of 493 (46 FAILED) (0 secs / 3.039 secs)
[1A[2KLOG: '≡ƒöº BDD: Component renders'
Chrome Headless 141.0.0.0 (Windows 10): Executed 429 of 493 (46 FAILED) (0 secs / 3.039 secs)
LOG: '≡ƒöº BDD: Component renders'
[1A[2KLOG: 'ΓÜÖ∩╕Å BDD: Component initializes'
Chrome Headless 141.0.0.0 (Windows 10): Executed 429 of 493 (46 FAILED) (0 secs / 3.039 secs)
LOG: 'ΓÜÖ∩╕Å BDD: Component initializes'
[1A[2KLOG: 'Γ£à BDD: Each step item has correct CSS class'
Chrome Headless 141.0.0.0 (Windows 10): Executed 429 of 493 (46 FAILED) (0 secs / 3.039 secs)
LOG: 'Γ£à BDD: Each step item has correct CSS class'
[1A[2KChrome Headless 141.0.0.0 (Windows 10): Executed 430 of 493 (46 FAILED) (0 secs / 3.043 secs)
[1A[2KLOG: '≡ƒöº BDD: Component renders'
Chrome Headless 141.0.0.0 (Windows 10): Executed 430 of 493 (46 FAILED) (0 secs / 3.043 secs)
LOG: '≡ƒöº BDD: Component renders'
[1A[2KLOG: 'ΓÜÖ∩╕Å BDD: Component initializes'
Chrome Headless 141.0.0.0 (Windows 10): Executed 430 of 493 (46 FAILED) (0 secs / 3.043 secs)
LOG: 'ΓÜÖ∩╕Å BDD: Component initializes'
[1A[2KLOG: 'Γ£à BDD: Step list has correct CSS class'
Chrome Headless 141.0.0.0 (Windows 10): Executed 430 of 493 (46 FAILED) (0 secs / 3.043 secs)
LOG: 'Γ£à BDD: Step list has correct CSS class'
[1A[2KChrome Headless 141.0.0.0 (Windows 10): Executed 431 of 493 (46 FAILED) (0 secs / 3.047 secs)
[1A[2KLOG: '≡ƒöº BDD: Component renders'
Chrome Headless 141.0.0.0 (Windows 10): Executed 431 of 493 (46 FAILED) (0 secs / 3.047 secs)
LOG: '≡ƒöº BDD: Component renders'
[1A[2KLOG: 'ΓÜÖ∩╕Å BDD: Component initializes'
Chrome Headless 141.0.0.0 (Windows 10): Executed 431 of 493 (46 FAILED) (0 secs / 3.047 secs)
LOG: 'ΓÜÖ∩╕Å BDD: Component initializes'
[1A[2KLOG: 'Γ£à BDD: Component has semantic HTML structure'
Chrome Headless 141.0.0.0 (Windows 10): Executed 431 of 493 (46 FAILED) (0 secs / 3.047 secs)
LOG: 'Γ£à BDD: Component has semantic HTML structure'
[1A[2KChrome Headless 141.0.0.0 (Windows 10): Executed 432 of 493 (46 FAILED) (0 secs / 3.051 secs)
[1A[2KLOG: '≡ƒöº BDD: Component renders'
Chrome Headless 141.0.0.0 (Windows 10): Executed 432 of 493 (46 FAILED) (0 secs / 3.051 secs)
LOG: '≡ƒöº BDD: Component renders'
[1A[2KLOG: 'ΓÜÖ∩╕Å BDD: Component initializes'
Chrome Headless 141.0.0.0 (Windows 10): Executed 432 of 493 (46 FAILED) (0 secs / 3.051 secs)
LOG: 'ΓÜÖ∩╕Å BDD: Component initializes'
[1A[2KLOG: 'Γ£à BDD: Component has proper heading structure'
Chrome Headless 141.0.0.0 (Windows 10): Executed 432 of 493 (46 FAILED) (0 secs / 3.051 secs)
LOG: 'Γ£à BDD: Component has proper heading structure'
[1A[2KChrome Headless 141.0.0.0 (Windows 10): Executed 433 of 493 (46 FAILED) (0 secs / 3.056 secs)
[1A[2KLOG: '≡ƒöº BDD: Component renders'
Chrome Headless 141.0.0.0 (Windows 10): Executed 433 of 493 (46 FAILED) (0 secs / 3.056 secs)
LOG: '≡ƒöº BDD: Component renders'
[1A[2KLOG: 'ΓÜÖ∩╕Å BDD: Component initializes'
Chrome Headless 141.0.0.0 (Windows 10): Executed 433 of 493 (46 FAILED) (0 secs / 3.056 secs)
LOG: 'ΓÜÖ∩╕Å BDD: Component initializes'
[1A[2KLOG: 'Γ£à BDD: Component has responsive CSS classes'
Chrome Headless 141.0.0.0 (Windows 10): Executed 433 of 493 (46 FAILED) (0 secs / 3.056 secs)
LOG: 'Γ£à BDD: Component has responsive CSS classes'
[1A[2KChrome Headless 141.0.0.0 (Windows 10): Executed 434 of 493 (46 FAILED) (0 secs / 3.06 secs)
[1A[2KLOG: '≡ƒöº BDD: Support page is created'
Chrome Headless 141.0.0.0 (Windows 10): Executed 434 of 493 (46 FAILED) (0 secs / 3.06 secs)
LOG: '≡ƒöº BDD: Support page is created'
[1A[2KLOG: 'ΓÜÖ∩╕Å BDD: Component initializes'
Chrome Headless 141.0.0.0 (Windows 10): Executed 434 of 493 (46 FAILED) (0 secs / 3.06 secs)
LOG: 'ΓÜÖ∩╕Å BDD: Component initializes'
[1A[2KLOG: 'Γ£à BDD: Support page renders successfully'
Chrome Headless 141.0.0.0 (Windows 10): Executed 434 of 493 (46 FAILED) (0 secs / 3.06 secs)
LOG: 'Γ£à BDD: Support page renders successfully'
[1A[2KChrome Headless 141.0.0.0 (Windows 10): Executed 435 of 493 (46 FAILED) (0 secs / 3.073 secs)
[1A[2KLOG: '≡ƒöº BDD: Support page renders'
Chrome Headless 141.0.0.0 (Windows 10): Executed 435 of 493 (46 FAILED) (0 secs / 3.073 secs)
LOG: '≡ƒöº BDD: Support page renders'
[1A[2KLOG: 'ΓÜÖ∩╕Å BDD: Component initializes'
Chrome Headless 141.0.0.0 (Windows 10): Executed 435 of 493 (46 FAILED) (0 secs / 3.073 secs)
LOG: 'ΓÜÖ∩╕Å BDD: Component initializes'
[1A[2KLOG: 'Γ£à BDD: Support page displays title'
Chrome Headless 141.0.0.0 (Windows 10): Executed 435 of 493 (46 FAILED) (0 secs / 3.073 secs)
LOG: 'Γ£à BDD: Support page displays title'
[1A[2KChrome Headless 141.0.0.0 (Windows 10): Executed 436 of 493 (46 FAILED) (0 secs / 3.081 secs)
[1A[2KLOG: '≡ƒöº BDD: Support page renders'
Chrome Headless 141.0.0.0 (Windows 10): Executed 436 of 493 (46 FAILED) (0 secs / 3.081 secs)
LOG: '≡ƒöº BDD: Support page renders'
[1A[2KLOG: 'ΓÜÖ∩╕Å BDD: Component initializes'
Chrome Headless 141.0.0.0 (Windows 10): Executed 436 of 493 (46 FAILED) (0 secs / 3.081 secs)
LOG: 'ΓÜÖ∩╕Å BDD: Component initializes'
[1A[2KLOG: 'Γ£à BDD: Support page displays Ko-fi iframe'
Chrome Headless 141.0.0.0 (Windows 10): Executed 436 of 493 (46 FAILED) (0 secs / 3.081 secs)
LOG: 'Γ£à BDD: Support page displays Ko-fi iframe'
[1A[2KChrome Headless 141.0.0.0 (Windows 10): Executed 437 of 493 (46 FAILED) (0 secs / 3.088 secs)
[1A[2KLOG: '≡ƒöº BDD: Support page renders'
Chrome Headless 141.0.0.0 (Windows 10): Executed 437 of 493 (46 FAILED) (0 secs / 3.088 secs)
LOG: '≡ƒöº BDD: Support page renders'
[1A[2KLOG: 'ΓÜÖ∩╕Å BDD: Component initializes'
Chrome Headless 141.0.0.0 (Windows 10): Executed 437 of 493 (46 FAILED) (0 secs / 3.088 secs)
LOG: 'ΓÜÖ∩╕Å BDD: Component initializes'
[1A[2KLOG: 'Γ£à BDD: Support page displays benefits'
Chrome Headless 141.0.0.0 (Windows 10): Executed 437 of 493 (46 FAILED) (0 secs / 3.088 secs)
LOG: 'Γ£à BDD: Support page displays benefits'
[1A[2KChrome Headless 141.0.0.0 (Windows 10): Executed 438 of 493 (46 FAILED) (0 secs / 3.095 secs)
[1A[2KLOG: '≡ƒöº BDD: Support page renders'
Chrome Headless 141.0.0.0 (Windows 10): Executed 438 of 493 (46 FAILED) (0 secs / 3.095 secs)
LOG: '≡ƒöº BDD: Support page renders'
[1A[2KLOG: 'ΓÜÖ∩╕Å BDD: Component initializes'
Chrome Headless 141.0.0.0 (Windows 10): Executed 438 of 493 (46 FAILED) (0 secs / 3.095 secs)
LOG: 'ΓÜÖ∩╕Å BDD: Component initializes'
[1A[2KLOG: 'Γ£à BDD: Support page has navigation buttons'
Chrome Headless 141.0.0.0 (Windows 10): Executed 438 of 493 (46 FAILED) (0 secs / 3.095 secs)
LOG: 'Γ£à BDD: Support page has navigation buttons'
[1A[2KChrome Headless 141.0.0.0 (Windows 10): Executed 439 of 493 (46 FAILED) (0 secs / 3.119 secs)
[1A[2KLOG: '≡ƒöº BDD: Component is created and initialized'
Chrome Headless 141.0.0.0 (Windows 10): Executed 439 of 493 (46 FAILED) (0 secs / 3.119 secs)
LOG: '≡ƒöº BDD: Component is created and initialized'
[1A[2KLOG: 'Γ£à BDD: Component is created successfully'
Chrome Headless 141.0.0.0 (Windows 10): Executed 439 of 493 (46 FAILED) (0 secs / 3.119 secs)
LOG: 'Γ£à BDD: Component is created successfully'
[1A[2KChrome Headless 141.0.0.0 (Windows 10): Executed 440 of 493 (46 FAILED) (0 secs / 3.127 secs)
[1A[2KLOG: '≡ƒöº BDD: Component is created'
Chrome Headless 141.0.0.0 (Windows 10): Executed 440 of 493 (46 FAILED) (0 secs / 3.127 secs)
LOG: '≡ƒöº BDD: Component is created'
[1A[2KLOG: 'Γ£à BDD: Component has theme service'
Chrome Headless 141.0.0.0 (Windows 10): Executed 440 of 493 (46 FAILED) (0 secs / 3.127 secs)
LOG: 'Γ£à BDD: Component has theme service'
[1A[2KChrome Headless 141.0.0.0 (Windows 10): Executed 441 of 493 (46 FAILED) (0 secs / 3.131 secs)
[1A[2KLOG: '≡ƒöº BDD: Component is created'
Chrome Headless 141.0.0.0 (Windows 10): Executed 441 of 493 (46 FAILED) (0 secs / 3.131 secs)
LOG: '≡ƒöº BDD: Component is created'
[1A[2KLOG: 'ΓÜÖ∩╕Å BDD: Toggle theme is called'
Chrome Headless 141.0.0.0 (Windows 10): Executed 441 of 493 (46 FAILED) (0 secs / 3.131 secs)
LOG: 'ΓÜÖ∩╕Å BDD: Toggle theme is called'
[1A[2KLOG: '≡ƒöº BDD: Theme toggle clicked, switching to', 'dark', 'theme'
Chrome Headless 141.0.0.0 (Windows 10): Executed 441 of 493 (46 FAILED) (0 secs / 3.131 secs)
LOG: '≡ƒöº BDD: Theme toggle clicked, switching to', 'dark', 'theme'
[1A[2KLOG: 'Γ£à BDD: Theme service toggle method is called'
Chrome Headless 141.0.0.0 (Windows 10): Executed 441 of 493 (46 FAILED) (0 secs / 3.131 secs)
LOG: 'Γ£à BDD: Theme service toggle method is called'
[1A[2KChrome Headless 141.0.0.0 (Windows 10): Executed 442 of 493 (46 FAILED) (0 secs / 3.136 secs)
[1A[2KLOG: '≡ƒöº BDD: Component is created'
Chrome Headless 141.0.0.0 (Windows 10): Executed 442 of 493 (46 FAILED) (0 secs / 3.136 secs)
LOG: '≡ƒöº BDD: Component is created'
[1A[2KLOG: 'Γ£à BDD: Component is accessible'
Chrome Headless 141.0.0.0 (Windows 10): Executed 442 of 493 (46 FAILED) (0 secs / 3.136 secs)
LOG: 'Γ£à BDD: Component is accessible'
[1A[2KChrome Headless 141.0.0.0 (Windows 10): Executed 443 of 493 (46 FAILED) (0 secs / 3.139 secs)
[1A[2KLOG: '≡ƒöº BDD: Component is created'
Chrome Headless 141.0.0.0 (Windows 10): Executed 443 of 493 (46 FAILED) (0 secs / 3.139 secs)
LOG: '≡ƒöº BDD: Component is created'
[1A[2KLOG: 'Γ£à BDD: Component has visual feedback'
Chrome Headless 141.0.0.0 (Windows 10): Executed 443 of 493 (46 FAILED) (0 secs / 3.139 secs)
LOG: 'Γ£à BDD: Component has visual feedback'
[1A[2KChrome Headless 141.0.0.0 (Windows 10): Executed 444 of 493 (46 FAILED) (0 secs / 3.142 secs)
[1A[2KLOG: '≡ƒöº BDD: Component is created'
Chrome Headless 141.0.0.0 (Windows 10): Executed 444 of 493 (46 FAILED) (0 secs / 3.142 secs)
LOG: '≡ƒöº BDD: Component is created'
[1A[2KLOG: 'Γ£à BDD: Component has text content'
Chrome Headless 141.0.0.0 (Windows 10): Executed 444 of 493 (46 FAILED) (0 secs / 3.142 secs)
LOG: 'Γ£à BDD: Component has text content'
[1A[2KChrome Headless 141.0.0.0 (Windows 10): Executed 445 of 493 (46 FAILED) (0 secs / 3.146 secs)
[1A[2KLOG: '≡ƒöº BDD: Component is created'
Chrome Headless 141.0.0.0 (Windows 10): Executed 445 of 493 (46 FAILED) (0 secs / 3.146 secs)
LOG: '≡ƒöº BDD: Component is created'
[1A[2KLOG: 'Γ£à BDD: Component has correct structure'
Chrome Headless 141.0.0.0 (Windows 10): Executed 445 of 493 (46 FAILED) (0 secs / 3.146 secs)
LOG: 'Γ£à BDD: Component has correct structure'
[1A[2KChrome Headless 141.0.0.0 (Windows 10): Executed 446 of 493 (46 FAILED) (0 secs / 3.149 secs)
[1A[2KLOG: '≡ƒöº BDD: Theme toggle service is created'
Chrome Headless 141.0.0.0 (Windows 10): Executed 446 of 493 (46 FAILED) (0 secs / 3.149 secs)
LOG: '≡ƒöº BDD: Theme toggle service is created'
[1A[2KLOG: 'ΓÜÖ∩╕Å BDD: Service initializes'
Chrome Headless 141.0.0.0 (Windows 10): Executed 446 of 493 (46 FAILED) (0 secs / 3.149 secs)
LOG: 'ΓÜÖ∩╕Å BDD: Service initializes'
[1A[2KLOG: 'Γ£à BDD: Service has theme as default'
Chrome Headless 141.0.0.0 (Windows 10): Executed 446 of 493 (46 FAILED) (0 secs / 3.149 secs)
LOG: 'Γ£à BDD: Service has theme as default'
[1A[2KChrome Headless 141.0.0.0 (Windows 10): Executed 447 of 493 (46 FAILED) (0 secs / 3.151 secs)
[1A[2KLOG: '≡ƒöº BDD: Theme toggle service is created'
Chrome Headless 141.0.0.0 (Windows 10): Executed 447 of 493 (46 FAILED) (0 secs / 3.151 secs)
LOG: '≡ƒöº BDD: Theme toggle service is created'
[1A[2KLOG: 'ΓÜÖ∩╕Å BDD: Service initializes'
Chrome Headless 141.0.0.0 (Windows 10): Executed 447 of 493 (46 FAILED) (0 secs / 3.151 secs)
LOG: 'ΓÜÖ∩╕Å BDD: Service initializes'
[1A[2KLOG: 'Γ£à BDD: Service has auto mode as default'
Chrome Headless 141.0.0.0 (Windows 10): Executed 447 of 493 (46 FAILED) (0 secs / 3.151 secs)
LOG: 'Γ£à BDD: Service has auto mode as default'
[1A[2KChrome Headless 141.0.0.0 (Windows 10): Executed 448 of 493 (46 FAILED) (0 secs / 3.152 secs)
[1A[2KLOG: '≡ƒöº BDD: Service is on light theme'
Chrome Headless 141.0.0.0 (Windows 10): Executed 448 of 493 (46 FAILED) (0 secs / 3.152 secs)
LOG: '≡ƒöº BDD: Service is on light theme'
[1A[2KLOG: 'ΓÜÖ∩╕Å BDD: Toggle theme is called'
Chrome Headless 141.0.0.0 (Windows 10): Executed 448 of 493 (46 FAILED) (0 secs / 3.152 secs)
LOG: 'ΓÜÖ∩╕Å BDD: Toggle theme is called'
[1A[2KLOG: 'Γ£à BDD: Service switches to dark theme'
Chrome Headless 141.0.0.0 (Windows 10): Executed 448 of 493 (46 FAILED) (0 secs / 3.152 secs)
LOG: 'Γ£à BDD: Service switches to dark theme'
[1A[2KChrome Headless 141.0.0.0 (Windows 10): Executed 449 of 493 (46 FAILED) (0 secs / 3.153 secs)
[1A[2KLOG: '≡ƒöº BDD: Service is on dark theme'
Chrome Headless 141.0.0.0 (Windows 10): Executed 449 of 493 (46 FAILED) (0 secs / 3.153 secs)
LOG: '≡ƒöº BDD: Service is on dark theme'
[1A[2KLOG: 'ΓÜÖ∩╕Å BDD: Toggle theme is called'
Chrome Headless 141.0.0.0 (Windows 10): Executed 449 of 493 (46 FAILED) (0 secs / 3.153 secs)
LOG: 'ΓÜÖ∩╕Å BDD: Toggle theme is called'
[1A[2KLOG: 'Γ£à BDD: Service switches to light theme'
Chrome Headless 141.0.0.0 (Windows 10): Executed 449 of 493 (46 FAILED) (0 secs / 3.153 secs)
LOG: 'Γ£à BDD: Service switches to light theme'
[1A[2KChrome Headless 141.0.0.0 (Windows 10): Executed 450 of 493 (46 FAILED) (0 secs / 3.154 secs)
[1A[2KLOG: '≡ƒöº BDD: Service is in auto mode'
Chrome Headless 141.0.0.0 (Windows 10): Executed 450 of 493 (46 FAILED) (0 secs / 3.154 secs)
LOG: '≡ƒöº BDD: Service is in auto mode'
[1A[2KLOG: 'ΓÜÖ∩╕Å BDD: Set theme mode to light'
Chrome Headless 141.0.0.0 (Windows 10): Executed 450 of 493 (46 FAILED) (0 secs / 3.154 secs)
LOG: 'ΓÜÖ∩╕Å BDD: Set theme mode to light'
[1A[2KLOG: 'Γ£à BDD: Service sets light theme'
Chrome Headless 141.0.0.0 (Windows 10): Executed 450 of 493 (46 FAILED) (0 secs / 3.154 secs)
LOG: 'Γ£à BDD: Service sets light theme'
[1A[2KChrome Headless 141.0.0.0 (Windows 10): Executed 451 of 493 (46 FAILED) (0 secs / 3.157 secs)
[1A[2KLOG: '≡ƒöº BDD: Service is in auto mode'
Chrome Headless 141.0.0.0 (Windows 10): Executed 451 of 493 (46 FAILED) (0 secs / 3.157 secs)
LOG: '≡ƒöº BDD: Service is in auto mode'
[1A[2KLOG: 'ΓÜÖ∩╕Å BDD: Set theme mode to dark'
Chrome Headless 141.0.0.0 (Windows 10): Executed 451 of 493 (46 FAILED) (0 secs / 3.157 secs)
LOG: 'ΓÜÖ∩╕Å BDD: Set theme mode to dark'
[1A[2KLOG: 'Γ£à BDD: Service sets dark theme'
Chrome Headless 141.0.0.0 (Windows 10): Executed 451 of 493 (46 FAILED) (0 secs / 3.157 secs)
LOG: 'Γ£à BDD: Service sets dark theme'
[1A[2KChrome Headless 141.0.0.0 (Windows 10): Executed 452 of 493 (46 FAILED) (0 secs / 3.159 secs)
[1A[2KLOG: '≡ƒöº BDD: Service is in manual mode'
Chrome Headless 141.0.0.0 (Windows 10): Executed 452 of 493 (46 FAILED) (0 secs / 3.159 secs)
LOG: '≡ƒöº BDD: Service is in manual mode'
[1A[2KLOG: 'ΓÜÖ∩╕Å BDD: Set theme mode to auto'
Chrome Headless 141.0.0.0 (Windows 10): Executed 452 of 493 (46 FAILED) (0 secs / 3.159 secs)
LOG: 'ΓÜÖ∩╕Å BDD: Set theme mode to auto'
[1A[2KLOG: 'Γ£à BDD: Service detects system theme and sets to dark'
Chrome Headless 141.0.0.0 (Windows 10): Executed 452 of 493 (46 FAILED) (0 secs / 3.159 secs)
LOG: 'Γ£à BDD: Service detects system theme and sets to dark'
[1A[2KChrome Headless 141.0.0.0 (Windows 10): Executed 453 of 493 (46 FAILED) (0 secs / 3.161 secs)
[1A[2KLOG: '≡ƒöº BDD: Service is in auto mode'
Chrome Headless 141.0.0.0 (Windows 10): Executed 453 of 493 (46 FAILED) (0 secs / 3.161 secs)
LOG: '≡ƒöº BDD: Service is in auto mode'
[1A[2KLOG: 'ΓÜÖ∩╕Å BDD: System prefers dark theme'
Chrome Headless 141.0.0.0 (Windows 10): Executed 453 of 493 (46 FAILED) (0 secs / 3.161 secs)
LOG: 'ΓÜÖ∩╕Å BDD: System prefers dark theme'
[1A[2KLOG: 'Γ£à BDD: Service sets dark theme based on system preference'
Chrome Headless 141.0.0.0 (Windows 10): Executed 453 of 493 (46 FAILED) (0 secs / 3.161 secs)
LOG: 'Γ£à BDD: Service sets dark theme based on system preference'
[1A[2KChrome Headless 141.0.0.0 (Windows 10): Executed 454 of 493 (46 FAILED) (0 secs / 3.162 secs)
[1A[2KLOG: '≡ƒöº BDD: Service is in auto mode'
Chrome Headless 141.0.0.0 (Windows 10): Executed 454 of 493 (46 FAILED) (0 secs / 3.162 secs)
LOG: '≡ƒöº BDD: Service is in auto mode'
[1A[2KLOG: 'ΓÜÖ∩╕Å BDD: System prefers light theme'
Chrome Headless 141.0.0.0 (Windows 10): Executed 454 of 493 (46 FAILED) (0 secs / 3.162 secs)
LOG: 'ΓÜÖ∩╕Å BDD: System prefers light theme'
[1A[2KLOG: 'Γ£à BDD: Service sets light theme based on system preference'
Chrome Headless 141.0.0.0 (Windows 10): Executed 454 of 493 (46 FAILED) (0 secs / 3.162 secs)
LOG: 'Γ£à BDD: Service sets light theme based on system preference'
[1A[2KChrome Headless 141.0.0.0 (Windows 10): Executed 455 of 493 (46 FAILED) (0 secs / 3.164 secs)
[1A[2KLOG: '≡ƒöº BDD: Service changes theme'
Chrome Headless 141.0.0.0 (Windows 10): Executed 455 of 493 (46 FAILED) (0 secs / 3.164 secs)
LOG: '≡ƒöº BDD: Service changes theme'
[1A[2KLOG: 'ΓÜÖ∩╕Å BDD: Theme is set to dark'
Chrome Headless 141.0.0.0 (Windows 10): Executed 455 of 493 (46 FAILED) (0 secs / 3.164 secs)
LOG: 'ΓÜÖ∩╕Å BDD: Theme is set to dark'
[1A[2KLOG: 'Γ£à BDD: Service saves theme to localStorage'
Chrome Headless 141.0.0.0 (Windows 10): Executed 455 of 493 (46 FAILED) (0 secs / 3.164 secs)
LOG: 'Γ£à BDD: Service saves theme to localStorage'
[1A[2KChrome Headless 141.0.0.0 (Windows 10): Executed 456 of 493 (46 FAILED) (0 secs / 3.165 secs)
[1A[2KLOG: '≡ƒöº BDD: Setting up localStorage with saved dark theme'
Chrome Headless 141.0.0.0 (Windows 10): Executed 456 of 493 (46 FAILED) (0 secs / 3.165 secs)
LOG: '≡ƒöº BDD: Setting up localStorage with saved dark theme'
[1A[2KLOG: 'ΓÜÖ∩╕Å BDD: Service initializes with saved theme'
Chrome Headless 141.0.0.0 (Windows 10): Executed 456 of 493 (46 FAILED) (0 secs / 3.165 secs)
LOG: 'ΓÜÖ∩╕Å BDD: Service initializes with saved theme'
[1A[2KLOG: 'Γ£à BDD: Service restores theme from localStorage'
Chrome Headless 141.0.0.0 (Windows 10): Executed 456 of 493 (46 FAILED) (0 secs / 3.165 secs)
LOG: 'Γ£à BDD: Service restores theme from localStorage'
[1A[2KChrome Headless 141.0.0.0 (Windows 10): Executed 457 of 493 (46 FAILED) (0 secs / 3.167 secs)
[1A[2KLOG: '≡ƒöº BDD: Service changes theme'
Chrome Headless 141.0.0.0 (Windows 10): Executed 457 of 493 (46 FAILED) (0 secs / 3.167 secs)
LOG: '≡ƒöº BDD: Service changes theme'
[1A[2KLOG: 'ΓÜÖ∩╕Å BDD: Dark theme is applied'
Chrome Headless 141.0.0.0 (Windows 10): Executed 457 of 493 (46 FAILED) (0 secs / 3.167 secs)
LOG: 'ΓÜÖ∩╕Å BDD: Dark theme is applied'
[1A[2KLOG: 'Γ£à BDD: Document has correct data-theme attribute'
Chrome Headless 141.0.0.0 (Windows 10): Executed 457 of 493 (46 FAILED) (0 secs / 3.167 secs)
LOG: 'Γ£à BDD: Document has correct data-theme attribute'
[1A[2KChrome Headless 141.0.0.0 (Windows 10): Executed 458 of 493 (46 FAILED) (0 secs / 3.168 secs)
[1A[2KLOG: '≡ƒöº BDD: Service changes theme'
Chrome Headless 141.0.0.0 (Windows 10): Executed 458 of 493 (46 FAILED) (0 secs / 3.168 secs)
LOG: '≡ƒöº BDD: Service changes theme'
[1A[2KLOG: 'ΓÜÖ∩╕Å BDD: Light theme is applied'
Chrome Headless 141.0.0.0 (Windows 10): Executed 458 of 493 (46 FAILED) (0 secs / 3.168 secs)
LOG: 'ΓÜÖ∩╕Å BDD: Light theme is applied'
[1A[2KLOG: 'Γ£à BDD: Document has correct data-theme attribute'
Chrome Headless 141.0.0.0 (Windows 10): Executed 458 of 493 (46 FAILED) (0 secs / 3.168 secs)
LOG: 'Γ£à BDD: Document has correct data-theme attribute'
[1A[2KChrome Headless 141.0.0.0 (Windows 10): Executed 459 of 493 (46 FAILED) (0 secs / 3.17 secs)
[1A[2KLOG: '≡ƒöº BDD: localStorage is not available'
Chrome Headless 141.0.0.0 (Windows 10): Executed 459 of 493 (46 FAILED) (0 secs / 3.17 secs)
LOG: '≡ƒöº BDD: localStorage is not available'
[1A[2KLOG: 'ΓÜÖ∩╕Å BDD: Theme is saved'
Chrome Headless 141.0.0.0 (Windows 10): Executed 459 of 493 (46 FAILED) (0 secs / 3.17 secs)
LOG: 'ΓÜÖ∩╕Å BDD: Theme is saved'
[1A[2KLOG: 'Γ£à BDD: Service fails gracefully when localStorage unavailable'
Chrome Headless 141.0.0.0 (Windows 10): Executed 459 of 493 (46 FAILED) (0 secs / 3.17 secs)
LOG: 'Γ£à BDD: Service fails gracefully when localStorage unavailable'
[1A[2KChrome Headless 141.0.0.0 (Windows 10): Executed 460 of 493 (46 FAILED) (0 secs / 3.172 secs)
[1A[2KLOG: '≡ƒöº BDD: localStorage is not available'
Chrome Headless 141.0.0.0 (Windows 10): Executed 460 of 493 (46 FAILED) (0 secs / 3.172 secs)
LOG: '≡ƒöº BDD: localStorage is not available'
[1A[2KLOG: 'ΓÜÖ∩╕Å BDD: Theme is loaded'
Chrome Headless 141.0.0.0 (Windows 10): Executed 460 of 493 (46 FAILED) (0 secs / 3.172 secs)
LOG: 'ΓÜÖ∩╕Å BDD: Theme is loaded'
[1A[2KLOG: 'Γ£à BDD: Service returns null when localStorage unavailable'
Chrome Headless 141.0.0.0 (Windows 10): Executed 460 of 493 (46 FAILED) (0 secs / 3.172 secs)
LOG: 'Γ£à BDD: Service returns null when localStorage unavailable'
[1A[2KChrome Headless 141.0.0.0 (Windows 10): Executed 461 of 493 (46 FAILED) (0 secs / 3.174 secs)
[1A[2KLOG: '≡ƒöº BDD: Service theme changes'
Chrome Headless 141.0.0.0 (Windows 10): Executed 461 of 493 (46 FAILED) (0 secs / 3.174 secs)
LOG: '≡ƒöº BDD: Service theme changes'
[1A[2KLOG: 'ΓÜÖ∩╕Å BDD: Theme is set to dark'
Chrome Headless 141.0.0.0 (Windows 10): Executed 461 of 493 (46 FAILED) (0 secs / 3.174 secs)
LOG: 'ΓÜÖ∩╕Å BDD: Theme is set to dark'
[1A[2KLOG: 'Γ£à BDD: currentTheme signal returns updated value'
Chrome Headless 141.0.0.0 (Windows 10): Executed 461 of 493 (46 FAILED) (0 secs / 3.174 secs)
LOG: 'Γ£à BDD: currentTheme signal returns updated value'
[1A[2KChrome Headless 141.0.0.0 (Windows 10): Executed 462 of 493 (46 FAILED) (0 secs / 3.176 secs)
[1A[2KLOG: '≡ƒöº BDD: Service mode changes'
Chrome Headless 141.0.0.0 (Windows 10): Executed 462 of 493 (46 FAILED) (0 secs / 3.176 secs)
LOG: '≡ƒöº BDD: Service mode changes'
[1A[2KLOG: 'ΓÜÖ∩╕Å BDD: Mode is set to manual light'
Chrome Headless 141.0.0.0 (Windows 10): Executed 462 of 493 (46 FAILED) (0 secs / 3.176 secs)
LOG: 'ΓÜÖ∩╕Å BDD: Mode is set to manual light'
[1A[2KLOG: 'Γ£à BDD: themeMode signal returns updated value'
Chrome Headless 141.0.0.0 (Windows 10): Executed 462 of 493 (46 FAILED) (0 secs / 3.176 secs)
LOG: 'Γ£à BDD: themeMode signal returns updated value'
[1A[2KChrome Headless 141.0.0.0 (Windows 10): Executed 463 of 493 (46 FAILED) (0 secs / 3.179 secs)
[1A[2KChrome Headless 141.0.0.0 (Windows 10): Executed 464 of 493 (46 FAILED) (0 secs / 3.181 secs)
[1A[2KChrome Headless 141.0.0.0 (Windows 10): Executed 465 of 493 (46 FAILED) (0 secs / 3.182 secs)
[1A[2KChrome Headless 141.0.0.0 (Windows 10): Executed 466 of 493 (46 FAILED) (0 secs / 3.184 secs)
[1A[2KChrome Headless 141.0.0.0 (Windows 10): Executed 467 of 493 (46 FAILED) (0 secs / 3.185 secs)
[1A[2KChrome Headless 141.0.0.0 (Windows 10): Executed 468 of 493 (46 FAILED) (0 secs / 3.186 secs)
[1A[2KChrome Headless 141.0.0.0 (Windows 10): Executed 469 of 493 (46 FAILED) (0 secs / 3.188 secs)
[1A[2KChrome Headless 141.0.0.0 (Windows 10): Executed 470 of 493 (46 FAILED) (0 secs / 3.19 secs)
[1A[2KChrome Headless 141.0.0.0 (Windows 10): Executed 471 of 493 (46 FAILED) (0 secs / 3.191 secs)
[1A[2KLOG: '≡ƒöº BDD: Upload component is created'
Chrome Headless 141.0.0.0 (Windows 10): Executed 471 of 493 (46 FAILED) (0 secs / 3.191 secs)
LOG: '≡ƒöº BDD: Upload component is created'
[1A[2KLOG: 'ΓÜÖ∩╕Å BDD: Component initializes'
Chrome Headless 141.0.0.0 (Windows 10): Executed 471 of 493 (46 FAILED) (0 secs / 3.191 secs)
LOG: 'ΓÜÖ∩╕Å BDD: Component initializes'
[1A[2KLOG: 'Γ£à BDD: Component is created successfully'
Chrome Headless 141.0.0.0 (Windows 10): Executed 471 of 493 (46 FAILED) (0 secs / 3.191 secs)
LOG: 'Γ£à BDD: Component is created successfully'
[1A[2KChrome Headless 141.0.0.0 (Windows 10): Executed 472 of 493 (46 FAILED) (0 secs / 3.197 secs)
[1A[2KLOG: '≡ƒöº BDD: Upload component is created'
Chrome Headless 141.0.0.0 (Windows 10): Executed 472 of 493 (46 FAILED) (0 secs / 3.197 secs)
LOG: '≡ƒöº BDD: Upload component is created'
[1A[2KLOG: 'ΓÜÖ∩╕Å BDD: Component initializes'
Chrome Headless 141.0.0.0 (Windows 10): Executed 472 of 493 (46 FAILED) (0 secs / 3.197 secs)
LOG: 'ΓÜÖ∩╕Å BDD: Component initializes'
[1A[2KLOG: 'Γ£à BDD: Component has file upload form'
Chrome Headless 141.0.0.0 (Windows 10): Executed 472 of 493 (46 FAILED) (0 secs / 3.197 secs)
LOG: 'Γ£à BDD: Component has file upload form'
[1A[2KChrome Headless 141.0.0.0 (Windows 10): Executed 473 of 493 (46 FAILED) (0 secs / 3.201 secs)
[1A[2KLOG: '≡ƒöº BDD: Setting up test file'
Chrome Headless 141.0.0.0 (Windows 10): Executed 473 of 493 (46 FAILED) (0 secs / 3.201 secs)
LOG: '≡ƒöº BDD: Setting up test file'
[1A[2KLOG: 'ΓÜÖ∩╕Å BDD: File is selected'
Chrome Headless 141.0.0.0 (Windows 10): Executed 473 of 493 (46 FAILED) (0 secs / 3.201 secs)
LOG: 'ΓÜÖ∩╕Å BDD: File is selected'
[1A[2KLOG: 'Γ£à BDD: File selection is logged'
Chrome Headless 141.0.0.0 (Windows 10): Executed 473 of 493 (46 FAILED) (0 secs / 3.201 secs)
LOG: 'Γ£à BDD: File selection is logged'
[1A[2KChrome Headless 141.0.0.0 (Windows 10): Executed 474 of 493 (46 FAILED) (0 secs / 3.206 secs)
[1A[2KLOG: '≡ƒöº BDD: Setting up test file with successful validation'
Chrome Headless 141.0.0.0 (Windows 10): Executed 474 of 493 (46 FAILED) (0 secs / 3.206 secs)
LOG: '≡ƒöº BDD: Setting up test file with successful validation'
[1A[2KLOG: 'ΓÜÖ∩╕Å BDD: File is selected'
Chrome Headless 141.0.0.0 (Windows 10): Executed 474 of 493 (46 FAILED) (0 secs / 3.206 secs)
LOG: 'ΓÜÖ∩╕Å BDD: File is selected'
[1A[2KLOG: 'Γ£à BDD: Archive validation is called'
Chrome Headless 141.0.0.0 (Windows 10): Executed 474 of 493 (46 FAILED) (0 secs / 3.206 secs)
LOG: 'Γ£à BDD: Archive validation is called'
[1A[2KChrome Headless 141.0.0.0 (Windows 10): Executed 475 of 493 (46 FAILED) (0 secs / 3.211 secs)
[1A[2KLOG: '≡ƒöº BDD: Setting up test file with failed validation'
Chrome Headless 141.0.0.0 (Windows 10): Executed 475 of 493 (46 FAILED) (0 secs / 3.211 secs)
LOG: '≡ƒöº BDD: Setting up test file with failed validation'
[1A[2KLOG: 'ΓÜÖ∩╕Å BDD: File is selected'
Chrome Headless 141.0.0.0 (Windows 10): Executed 475 of 493 (46 FAILED) (0 secs / 3.211 secs)
LOG: 'ΓÜÖ∩╕Å BDD: File is selected'
[1A[2KLOG: 'Γ£à BDD: Validation error is logged'
Chrome Headless 141.0.0.0 (Windows 10): Executed 475 of 493 (46 FAILED) (0 secs / 3.211 secs)
LOG: 'Γ£à BDD: Validation error is logged'
[1A[2KChrome Headless 141.0.0.0 (Windows 10): Executed 476 of 493 (46 FAILED) (0 secs / 3.215 secs)
[1A[2KLOG: '≡ƒöº BDD: Setting up file removal scenario'
Chrome Headless 141.0.0.0 (Windows 10): Executed 476 of 493 (46 FAILED) (0 secs / 3.215 secs)
LOG: '≡ƒöº BDD: Setting up file removal scenario'
[1A[2KLOG: 'ΓÜÖ∩╕Å BDD: File is removed'
Chrome Headless 141.0.0.0 (Windows 10): Executed 476 of 493 (46 FAILED) (0 secs / 3.215 secs)
LOG: 'ΓÜÖ∩╕Å BDD: File is removed'
[1A[2KLOG: 'Γ£à BDD: File removal is logged'
Chrome Headless 141.0.0.0 (Windows 10): Executed 476 of 493 (46 FAILED) (0 secs / 3.215 secs)
LOG: 'Γ£à BDD: File removal is logged'
[1A[2KChrome Headless 141.0.0.0 (Windows 10): Executed 477 of 493 (46 FAILED) (0 secs / 3.22 secs)
[1A[2KLOG: '≡ƒöº BDD: No file is selected'
Chrome Headless 141.0.0.0 (Windows 10): Executed 477 of 493 (46 FAILED) (0 secs / 3.22 secs)
LOG: '≡ƒöº BDD: No file is selected'
[1A[2KLOG: 'ΓÜÖ∩╕Å BDD: Checking selected file'
Chrome Headless 141.0.0.0 (Windows 10): Executed 477 of 493 (46 FAILED) (0 secs / 3.22 secs)
LOG: 'ΓÜÖ∩╕Å BDD: Checking selected file'
[1A[2KLOG: 'Γ£à BDD: Selected file is null'
Chrome Headless 141.0.0.0 (Windows 10): Executed 477 of 493 (46 FAILED) (0 secs / 3.22 secs)
LOG: 'Γ£à BDD: Selected file is null'
[1A[2KChrome Headless 141.0.0.0 (Windows 10): Executed 478 of 493 (46 FAILED) (0 secs / 3.224 secs)
[1A[2KLOG: '≡ƒöº BDD: Setting up test file'
Chrome Headless 141.0.0.0 (Windows 10): Executed 478 of 493 (46 FAILED) (0 secs / 3.224 secs)
LOG: '≡ƒöº BDD: Setting up test file'
[1A[2KLOG: 'ΓÜÖ∩╕Å BDD: Checking selected file'
Chrome Headless 141.0.0.0 (Windows 10): Executed 478 of 493 (46 FAILED) (0 secs / 3.224 secs)
LOG: 'ΓÜÖ∩╕Å BDD: Checking selected file'
[1A[2KLOG: 'Γ£à BDD: Selected file is returned'
Chrome Headless 141.0.0.0 (Windows 10): Executed 478 of 493 (46 FAILED) (0 secs / 3.224 secs)
LOG: 'Γ£à BDD: Selected file is returned'
[1A[2KChrome Headless 141.0.0.0 (Windows 10): Executed 479 of 493 (46 FAILED) (0 secs / 3.227 secs)
[1A[2KLOG: '≡ƒöº BDD: Setting up valid username with two dots'
Chrome Headless 141.0.0.0 (Windows 10): Executed 479 of 493 (46 FAILED) (0 secs / 3.227 secs)
LOG: '≡ƒöº BDD: Setting up valid username with two dots'
[1A[2KLOG: 'ΓÜÖ∩╕Å BDD: Validating username without @ symbol'
Chrome Headless 141.0.0.0 (Windows 10): Executed 479 of 493 (46 FAILED) (0 secs / 3.227 secs)
LOG: 'ΓÜÖ∩╕Å BDD: Validating username without @ symbol'
[1A[2KLOG: 'Γ£à BDD: Verifying validation passes for valid username'
Chrome Headless 141.0.0.0 (Windows 10): Executed 479 of 493 (46 FAILED) (0 secs / 3.227 secs)
LOG: 'Γ£à BDD: Verifying validation passes for valid username'
[1A[2KChrome Headless 141.0.0.0 (Windows 10): Executed 480 of 493 (46 FAILED) (0 secs / 3.228 secs)
[1A[2KLOG: '≡ƒöº BDD: Setting up valid username with multiple dots'
Chrome Headless 141.0.0.0 (Windows 10): Executed 480 of 493 (46 FAILED) (0 secs / 3.228 secs)
LOG: '≡ƒöº BDD: Setting up valid username with multiple dots'
[1A[2KLOG: 'ΓÜÖ∩╕Å BDD: Validating username with multiple dots'
Chrome Headless 141.0.0.0 (Windows 10): Executed 480 of 493 (46 FAILED) (0 secs / 3.228 secs)
LOG: 'ΓÜÖ∩╕Å BDD: Validating username with multiple dots'
[1A[2KLOG: 'Γ£à BDD: Verifying validation passes for username with multiple dots'
Chrome Headless 141.0.0.0 (Windows 10): Executed 480 of 493 (46 FAILED) (0 secs / 3.228 secs)
LOG: 'Γ£à BDD: Verifying validation passes for username with multiple dots'
[1A[2KChrome Headless 141.0.0.0 (Windows 10): Executed 481 of 493 (46 FAILED) (0 secs / 3.228 secs)
[1A[2KLOG: '≡ƒöº BDD: Setting up empty username'
Chrome Headless 141.0.0.0 (Windows 10): Executed 481 of 493 (46 FAILED) (0 secs / 3.228 secs)
LOG: '≡ƒöº BDD: Setting up empty username'
[1A[2KLOG: 'ΓÜÖ∩╕Å BDD: Validating empty username'
Chrome Headless 141.0.0.0 (Windows 10): Executed 481 of 493 (46 FAILED) (0 secs / 3.228 secs)
LOG: 'ΓÜÖ∩╕Å BDD: Validating empty username'
[1A[2KLOG: 'Γ£à BDD: Verifying validation fails for empty username'
Chrome Headless 141.0.0.0 (Windows 10): Executed 481 of 493 (46 FAILED) (0 secs / 3.228 secs)
LOG: 'Γ£à BDD: Verifying validation fails for empty username'
[1A[2KChrome Headless 141.0.0.0 (Windows 10): Executed 482 of 493 (46 FAILED) (0 secs / 3.229 secs)
[1A[2KLOG: '≡ƒöº BDD: Setting up username with @ symbol'
Chrome Headless 141.0.0.0 (Windows 10): Executed 482 of 493 (46 FAILED) (0 secs / 3.229 secs)
LOG: '≡ƒöº BDD: Setting up username with @ symbol'
[1A[2KLOG: 'ΓÜÖ∩╕Å BDD: Validating username containing @ symbol'
Chrome Headless 141.0.0.0 (Windows 10): Executed 482 of 493 (46 FAILED) (0 secs / 3.229 secs)
LOG: 'ΓÜÖ∩╕Å BDD: Validating username containing @ symbol'
[1A[2KLOG: 'Γ£à BDD: Verifying validation fails for username with @ symbol'
Chrome Headless 141.0.0.0 (Windows 10): Executed 482 of 493 (46 FAILED) (0 secs / 3.229 secs)
LOG: 'Γ£à BDD: Verifying validation fails for username with @ symbol'
[1A[2KChrome Headless 141.0.0.0 (Windows 10): Executed 483 of 493 (46 FAILED) (0 secs / 3.229 secs)
[1A[2KLOG: '≡ƒöº BDD: Setting up username with only one dot'
Chrome Headless 141.0.0.0 (Windows 10): Executed 483 of 493 (46 FAILED) (0 secs / 3.229 secs)
LOG: '≡ƒöº BDD: Setting up username with only one dot'
[1A[2KLOG: 'ΓÜÖ∩╕Å BDD: Validating username with insufficient dots'
Chrome Headless 141.0.0.0 (Windows 10): Executed 483 of 493 (46 FAILED) (0 secs / 3.229 secs)
LOG: 'ΓÜÖ∩╕Å BDD: Validating username with insufficient dots'
[1A[2KLOG: 'Γ£à BDD: Verifying validation fails for username with insufficient dots'
Chrome Headless 141.0.0.0 (Windows 10): Executed 483 of 493 (46 FAILED) (0 secs / 3.229 secs)
LOG: 'Γ£à BDD: Verifying validation fails for username with insufficient dots'
[1A[2KChrome Headless 141.0.0.0 (Windows 10): Executed 484 of 493 (46 FAILED) (0 secs / 3.229 secs)
[1A[2KLOG: '≡ƒöº BDD: Setting up username with no dots'
Chrome Headless 141.0.0.0 (Windows 10): Executed 484 of 493 (46 FAILED) (0 secs / 3.229 secs)
LOG: '≡ƒöº BDD: Setting up username with no dots'
[1A[2KLOG: 'ΓÜÖ∩╕Å BDD: Validating username without dots'
Chrome Headless 141.0.0.0 (Windows 10): Executed 484 of 493 (46 FAILED) (0 secs / 3.229 secs)
LOG: 'ΓÜÖ∩╕Å BDD: Validating username without dots'
[1A[2KLOG: 'Γ£à BDD: Verifying validation fails for username without dots'
Chrome Headless 141.0.0.0 (Windows 10): Executed 484 of 493 (46 FAILED) (0 secs / 3.229 secs)
LOG: 'Γ£à BDD: Verifying validation fails for username without dots'
[1A[2KChrome Headless 141.0.0.0 (Windows 10): Executed 485 of 493 (46 FAILED) (0 secs / 3.23 secs)
[1A[2KLOG: '≡ƒöº BDD: Setting up valid username with @ symbol and two dots'
Chrome Headless 141.0.0.0 (Windows 10): Executed 485 of 493 (46 FAILED) (0 secs / 3.23 secs)
LOG: '≡ƒöº BDD: Setting up valid username with @ symbol and two dots'
[1A[2KLOG: 'ΓÜÖ∩╕Å BDD: Validating username with @ symbol'
Chrome Headless 141.0.0.0 (Windows 10): Executed 485 of 493 (46 FAILED) (0 secs / 3.23 secs)
LOG: 'ΓÜÖ∩╕Å BDD: Validating username with @ symbol'
[1A[2KLOG: 'Γ£à BDD: Verifying validation passes for valid username with @ symbol'
Chrome Headless 141.0.0.0 (Windows 10): Executed 485 of 493 (46 FAILED) (0 secs / 3.23 secs)
LOG: 'Γ£à BDD: Verifying validation passes for valid username with @ symbol'
[1A[2KChrome Headless 141.0.0.0 (Windows 10): Executed 486 of 493 (46 FAILED) (0 secs / 3.23 secs)
[1A[2KLOG: '≡ƒöº BDD: Setting up valid username with @ symbol and multiple dots'
Chrome Headless 141.0.0.0 (Windows 10): Executed 486 of 493 (46 FAILED) (0 secs / 3.23 secs)
LOG: '≡ƒöº BDD: Setting up valid username with @ symbol and multiple dots'
[1A[2KLOG: 'ΓÜÖ∩╕Å BDD: Validating username with @ symbol and multiple dots'
Chrome Headless 141.0.0.0 (Windows 10): Executed 486 of 493 (46 FAILED) (0 secs / 3.23 secs)
LOG: 'ΓÜÖ∩╕Å BDD: Validating username with @ symbol and multiple dots'
[1A[2KLOG: 'Γ£à BDD: Verifying validation passes for username with @ symbol and multiple dots'
Chrome Headless 141.0.0.0 (Windows 10): Executed 486 of 493 (46 FAILED) (0 secs / 3.23 secs)
LOG: 'Γ£à BDD: Verifying validation passes for username with @ symbol and multiple dots'
[1A[2KChrome Headless 141.0.0.0 (Windows 10): Executed 487 of 493 (46 FAILED) (0 secs / 3.231 secs)
[1A[2KLOG: '≡ƒöº BDD: Setting up empty username for @ validation'
Chrome Headless 141.0.0.0 (Windows 10): Executed 487 of 493 (46 FAILED) (0 secs / 3.231 secs)
LOG: '≡ƒöº BDD: Setting up empty username for @ validation'
[1A[2KLOG: 'ΓÜÖ∩╕Å BDD: Validating empty username with @ function'
Chrome Headless 141.0.0.0 (Windows 10): Executed 487 of 493 (46 FAILED) (0 secs / 3.231 secs)
LOG: 'ΓÜÖ∩╕Å BDD: Validating empty username with @ function'
[1A[2KLOG: 'Γ£à BDD: Verifying validation fails for empty username with @ function'
Chrome Headless 141.0.0.0 (Windows 10): Executed 487 of 493 (46 FAILED) (0 secs / 3.231 secs)
LOG: 'Γ£à BDD: Verifying validation fails for empty username with @ function'
[1A[2KChrome Headless 141.0.0.0 (Windows 10): Executed 488 of 493 (46 FAILED) (0 secs / 3.232 secs)
[1A[2KLOG: '≡ƒöº BDD: Setting up username without @ symbol for @ validation'
Chrome Headless 141.0.0.0 (Windows 10): Executed 488 of 493 (46 FAILED) (0 secs / 3.232 secs)
LOG: '≡ƒöº BDD: Setting up username without @ symbol for @ validation'
[1A[2KLOG: 'ΓÜÖ∩╕Å BDD: Validating username without @ symbol using @ function'
Chrome Headless 141.0.0.0 (Windows 10): Executed 488 of 493 (46 FAILED) (0 secs / 3.232 secs)
LOG: 'ΓÜÖ∩╕Å BDD: Validating username without @ symbol using @ function'
[1A[2KLOG: 'Γ£à BDD: Verifying validation fails for username without @ symbol'
Chrome Headless 141.0.0.0 (Windows 10): Executed 488 of 493 (46 FAILED) (0 secs / 3.232 secs)
LOG: 'Γ£à BDD: Verifying validation fails for username without @ symbol'
[1A[2KChrome Headless 141.0.0.0 (Windows 10): Executed 489 of 493 (46 FAILED) (0 secs / 3.233 secs)
[1A[2KLOG: '≡ƒöº BDD: Setting up username with @ but one dot'
Chrome Headless 141.0.0.0 (Windows 10): Executed 489 of 493 (46 FAILED) (0 secs / 3.233 secs)
LOG: '≡ƒöº BDD: Setting up username with @ but one dot'
[1A[2KLOG: 'ΓÜÖ∩╕Å BDD: Validating username with @ but insufficient dots'
Chrome Headless 141.0.0.0 (Windows 10): Executed 489 of 493 (46 FAILED) (0 secs / 3.233 secs)
LOG: 'ΓÜÖ∩╕Å BDD: Validating username with @ but insufficient dots'
[1A[2KLOG: 'Γ£à BDD: Verifying validation fails for username with @ but insufficient dots'
Chrome Headless 141.0.0.0 (Windows 10): Executed 489 of 493 (46 FAILED) (0 secs / 3.233 secs)
LOG: 'Γ£à BDD: Verifying validation fails for username with @ but insufficient dots'
[1A[2KChrome Headless 141.0.0.0 (Windows 10): Executed 490 of 493 (46 FAILED) (0 secs / 3.233 secs)
[1A[2KLOG: '≡ƒöº BDD: Setting up username with @ but no dots'
Chrome Headless 141.0.0.0 (Windows 10): Executed 490 of 493 (46 FAILED) (0 secs / 3.233 secs)
LOG: '≡ƒöº BDD: Setting up username with @ but no dots'
[1A[2KLOG: 'ΓÜÖ∩╕Å BDD: Validating username with @ but no dots'
Chrome Headless 141.0.0.0 (Windows 10): Executed 490 of 493 (46 FAILED) (0 secs / 3.233 secs)
LOG: 'ΓÜÖ∩╕Å BDD: Validating username with @ but no dots'
[1A[2KLOG: 'Γ£à BDD: Verifying validation fails for username with @ but no dots'
Chrome Headless 141.0.0.0 (Windows 10): Executed 490 of 493 (46 FAILED) (0 secs / 3.233 secs)
LOG: 'Γ£à BDD: Verifying validation fails for username with @ but no dots'
[1A[2KChrome Headless 141.0.0.0 (Windows 10): Executed 491 of 493 (46 FAILED) (0 secs / 3.233 secs)
[1A[2KLOG: '≡ƒöº BDD: Setting up null username for edge case testing'
Chrome Headless 141.0.0.0 (Windows 10): Executed 491 of 493 (46 FAILED) (0 secs / 3.233 secs)
LOG: '≡ƒöº BDD: Setting up null username for edge case testing'
[1A[2KLOG: 'ΓÜÖ∩╕Å BDD: Validating null username'
Chrome Headless 141.0.0.0 (Windows 10): Executed 491 of 493 (46 FAILED) (0 secs / 3.233 secs)
LOG: 'ΓÜÖ∩╕Å BDD: Validating null username'
[1A[2KLOG: 'Γ£à BDD: Verifying validation fails gracefully for null username'
Chrome Headless 141.0.0.0 (Windows 10): Executed 491 of 493 (46 FAILED) (0 secs / 3.233 secs)
LOG: 'Γ£à BDD: Verifying validation fails gracefully for null username'
[1A[2KChrome Headless 141.0.0.0 (Windows 10): Executed 492 of 493 (46 FAILED) (0 secs / 3.234 secs)
[1A[2KLOG: '≡ƒöº BDD: Setting up undefined username for edge case testing'
Chrome Headless 141.0.0.0 (Windows 10): Executed 492 of 493 (46 FAILED) (0 secs / 3.234 secs)
LOG: '≡ƒöº BDD: Setting up undefined username for edge case testing'
[1A[2KLOG: 'ΓÜÖ∩╕Å BDD: Validating undefined username'
Chrome Headless 141.0.0.0 (Windows 10): Executed 492 of 493 (46 FAILED) (0 secs / 3.234 secs)
LOG: 'ΓÜÖ∩╕Å BDD: Validating undefined username'
[1A[2KLOG: 'Γ£à BDD: Verifying validation fails gracefully for undefined username'
Chrome Headless 141.0.0.0 (Windows 10): Executed 492 of 493 (46 FAILED) (0 secs / 3.234 secs)
LOG: 'Γ£à BDD: Verifying validation fails gracefully for undefined username'
[1A[2KChrome Headless 141.0.0.0 (Windows 10): Executed 493 of 493 (46 FAILED) (0 secs / 3.234 secs)
[1A[2KChrome Headless 141.0.0.0 (Windows 10): Executed 493 of 493 (46 FAILED) (4.008 secs / 3.234 secs)
TOTAL: 46 FAILED, 447 SUCCESS

=============================== Coverage summary ===============================
Statements   : Unknown% ( 0/0 )
Branches     : Unknown% ( 0/0 )
Functions    : Unknown% ( 0/0 )
Lines        : Unknown% ( 0/0 )
================================================================================
